Archive member included to satisfy reference by file (symbol)

c:/mounriver/mounriver_studio/toolchain/risc-v embedded gcc/bin/../lib/gcc/riscv-none-embed/8.2.0/rv32imacxw/ilp32\libgcc.a(addsf3.o)
                              ./User/ADS1234.o (__addsf3)
c:/mounriver/mounriver_studio/toolchain/risc-v embedded gcc/bin/../lib/gcc/riscv-none-embed/8.2.0/rv32imacxw/ilp32\libgcc.a(divsf3.o)
                              ./User/ADS1234.o (__divsf3)
c:/mounriver/mounriver_studio/toolchain/risc-v embedded gcc/bin/../lib/gcc/riscv-none-embed/8.2.0/rv32imacxw/ilp32\libgcc.a(eqsf2.o)
                              ./User/ADS1234.o (__eqsf2)
c:/mounriver/mounriver_studio/toolchain/risc-v embedded gcc/bin/../lib/gcc/riscv-none-embed/8.2.0/rv32imacxw/ilp32\libgcc.a(gesf2.o)
                              ./User/main.o (__gesf2)
c:/mounriver/mounriver_studio/toolchain/risc-v embedded gcc/bin/../lib/gcc/riscv-none-embed/8.2.0/rv32imacxw/ilp32\libgcc.a(lesf2.o)
                              ./User/ADS1234.o (__ltsf2)
c:/mounriver/mounriver_studio/toolchain/risc-v embedded gcc/bin/../lib/gcc/riscv-none-embed/8.2.0/rv32imacxw/ilp32\libgcc.a(mulsf3.o)
                              ./User/ADS1234.o (__mulsf3)
c:/mounriver/mounriver_studio/toolchain/risc-v embedded gcc/bin/../lib/gcc/riscv-none-embed/8.2.0/rv32imacxw/ilp32\libgcc.a(subsf3.o)
                              ./User/ADS1234.o (__subsf3)
c:/mounriver/mounriver_studio/toolchain/risc-v embedded gcc/bin/../lib/gcc/riscv-none-embed/8.2.0/rv32imacxw/ilp32\libgcc.a(fixsfsi.o)
                              ./User/ADS1234.o (__fixsfsi)
c:/mounriver/mounriver_studio/toolchain/risc-v embedded gcc/bin/../lib/gcc/riscv-none-embed/8.2.0/rv32imacxw/ilp32\libgcc.a(floatsisf.o)
                              ./User/ADS1234.o (__floatsisf)
c:/mounriver/mounriver_studio/toolchain/risc-v embedded gcc/bin/../lib/gcc/riscv-none-embed/8.2.0/rv32imacxw/ilp32\libgcc.a(extendsfdf2.o)
                              ./User/ADS1234.o (__extendsfdf2)
c:/mounriver/mounriver_studio/toolchain/risc-v embedded gcc/bin/../lib/gcc/riscv-none-embed/8.2.0/rv32imacxw/ilp32\libgcc.a(truncdfsf2.o)
                              ./User/main.o (__truncdfsf2)
c:/mounriver/mounriver_studio/toolchain/risc-v embedded gcc/bin/../lib/gcc/riscv-none-embed/8.2.0/rv32imacxw/ilp32\libgcc.a(save-restore.o)
                              ./User/ADS1234.o (__riscv_save_12)
c:/mounriver/mounriver_studio/toolchain/risc-v embedded gcc/bin/../lib/gcc/riscv-none-embed/8.2.0/rv32imacxw/ilp32\libgcc.a(_clzsi2.o)
                              c:/mounriver/mounriver_studio/toolchain/risc-v embedded gcc/bin/../lib/gcc/riscv-none-embed/8.2.0/rv32imacxw/ilp32\libgcc.a(addsf3.o) (__clzsi2)
c:/mounriver/mounriver_studio/toolchain/risc-v embedded gcc/bin/../lib/gcc/riscv-none-embed/8.2.0/rv32imacxw/ilp32\libgcc.a(_clz.o)
                              c:/mounriver/mounriver_studio/toolchain/risc-v embedded gcc/bin/../lib/gcc/riscv-none-embed/8.2.0/rv32imacxw/ilp32\libgcc.a(_clzsi2.o) (__clz_tab)
c:/mounriver/mounriver_studio/toolchain/risc-v embedded gcc/bin/../lib/gcc/riscv-none-embed/8.2.0/../../../../riscv-none-embed/lib/rv32imacxw/ilp32\libg_nano.a(lib_a-atof.o)
                              ./User/main.o (atof)
c:/mounriver/mounriver_studio/toolchain/risc-v embedded gcc/bin/../lib/gcc/riscv-none-embed/8.2.0/../../../../riscv-none-embed/lib/rv32imacxw/ilp32\libg_nano.a(lib_a-memcmp.o)
                              ./User/main.o (memcmp)
c:/mounriver/mounriver_studio/toolchain/risc-v embedded gcc/bin/../lib/gcc/riscv-none-embed/8.2.0/../../../../riscv-none-embed/lib/rv32imacxw/ilp32\libg_nano.a(lib_a-memcpy.o)
                              ./User/Uart1.o (memcpy)
c:/mounriver/mounriver_studio/toolchain/risc-v embedded gcc/bin/../lib/gcc/riscv-none-embed/8.2.0/../../../../riscv-none-embed/lib/rv32imacxw/ilp32\libg_nano.a(lib_a-memset.o)
                              ./User/main.o (memset)
c:/mounriver/mounriver_studio/toolchain/risc-v embedded gcc/bin/../lib/gcc/riscv-none-embed/8.2.0/../../../../riscv-none-embed/lib/rv32imacxw/ilp32\libg_nano.a(lib_a-printf.o)
                              ./User/ADS1234.o (printf)
c:/mounriver/mounriver_studio/toolchain/risc-v embedded gcc/bin/../lib/gcc/riscv-none-embed/8.2.0/../../../../riscv-none-embed/lib/rv32imacxw/ilp32\libg_nano.a(lib_a-putchar.o)
                              ./User/ADS1234.o (putchar)
c:/mounriver/mounriver_studio/toolchain/risc-v embedded gcc/bin/../lib/gcc/riscv-none-embed/8.2.0/../../../../riscv-none-embed/lib/rv32imacxw/ilp32\libg_nano.a(lib_a-puts.o)
                              ./User/ADS1234.o (puts)
c:/mounriver/mounriver_studio/toolchain/risc-v embedded gcc/bin/../lib/gcc/riscv-none-embed/8.2.0/../../../../riscv-none-embed/lib/rv32imacxw/ilp32\libg_nano.a(lib_a-sprintf.o)
                              ./User/ADS1234.o (sprintf)
[...]
Memory Configuration

Name             Origin             Length             Attributes
FLASH            0x0000000000000000 0x0000000000048000 xr
RAM              0x0000000020000000 0x0000000000008000 xrw
*default*        0x0000000000000000 0xffffffffffffffff

Linker script and memory map

LOAD ./User/ADS1234.o
LOAD ./User/Card.o
LOAD ./User/System.o
LOAD ./User/Timer.o
LOAD ./User/Uart.o
LOAD ./User/Uart1.o
LOAD ./User/ch32v30x_it.o
LOAD ./User/main.o
LOAD ./User/system_ch32v30x.o
LOAD ./User/test_uart4.o
LOAD ./Startup/startup_ch32v30x_D8C.o
LOAD ./Peripheral/src/ch32v30x_adc.o
LOAD ./Peripheral/src/ch32v30x_bkp.o
LOAD ./Peripheral/src/ch32v30x_can.o
LOAD ./Peripheral/src/ch32v30x_crc.o
LOAD ./Peripheral/src/ch32v30x_dac.o
LOAD ./Peripheral/src/ch32v30x_dbgmcu.o
LOAD ./Peripheral/src/ch32v30x_dma.o
LOAD ./Peripheral/src/ch32v30x_dvp.o
LOAD ./Peripheral/src/ch32v30x_eth.o
LOAD ./Peripheral/src/ch32v30x_exti.o
LOAD ./Peripheral/src/ch32v30x_flash.o
LOAD ./Peripheral/src/ch32v30x_fsmc.o
LOAD ./Peripheral/src/ch32v30x_gpio.o
LOAD ./Peripheral/src/ch32v30x_i2c.o
LOAD ./Peripheral/src/ch32v30x_iwdg.o
LOAD ./Peripheral/src/ch32v30x_misc.o
LOAD ./Peripheral/src/ch32v30x_opa.o
LOAD ./Peripheral/src/ch32v30x_pwr.o
LOAD ./Peripheral/src/ch32v30x_rcc.o
LOAD ./Peripheral/src/ch32v30x_rng.o
LOAD ./Peripheral/src/ch32v30x_rtc.o
LOAD ./Peripheral/src/ch32v30x_sdio.o
LOAD ./Peripheral/src/ch32v30x_spi.o
LOAD ./Peripheral/src/ch32v30x_tim.o
LOAD ./Peripheral/src/ch32v30x_usart.o
LOAD ./Peripheral/src/ch32v30x_wwdg.o
LOAD ./Debug/debug.o
LOAD ./Core/core_riscv.o
LOAD c:/mounriver/mounriver_studio/toolchain/risc-v embedded gcc/bin/../lib/gcc/riscv-none-embed/8.2.0/../../../../riscv-none-embed/lib/rv32imacxw/ilp32\libm.a
LOAD c:/mounriver/mounriver_studio/toolchain/risc-v embedded gcc/bin/../lib/gcc/riscv-none-embed/8.2.0/rv32imacxw/ilp32\libgcc.a
LOAD c:/mounriver/mounriver_studio/toolchain/risc-v embedded gcc/bin/../lib/gcc/riscv-none-embed/8.2.0/../../../../riscv-none-embed/lib/rv32imacxw/ilp32\libg_nano.a
LOAD c:/mounriver/mounriver_studio/toolchain/risc-v embedded gcc/bin/../lib/gcc/riscv-none-embed/8.2.0/../../../../riscv-none-embed/lib/rv32imacxw/ilp32\libc_nano.a
LOAD c:/mounriver/mounriver_studio/toolchain/risc-v embedded gcc/bin/../lib/gcc/riscv-none-embed/8.2.0/rv32imacxw/ilp32\libgcc.a
START GROUP
LOAD c:/mounriver/mounriver_studio/toolchain/risc-v embedded gcc/bin/../lib/gcc/riscv-none-embed/8.2.0/rv32imacxw/ilp32\libgcc.a
LOAD c:/mounriver/mounriver_studio/toolchain/risc-v embedded gcc/bin/../lib/gcc/riscv-none-embed/8.2.0/../../../../riscv-none-embed/lib/rv32imacxw/ilp32\libc_nano.a
LOAD c:/mounriver/mounriver_studio/toolchain/risc-v embedded gcc/bin/../lib/gcc/riscv-none-embed/8.2.0/../../../../riscv-none-embed/lib/rv32imacxw/ilp32\libnosys.a
END GROUP
START GROUP
LOAD c:/mounriver/mounriver_studio/toolchain/risc-v embedded gcc/bin/../lib/gcc/riscv-none-embed/8.2.0/rv32imacxw/ilp32\libgcc.a
LOAD c:/mounriver/mounriver_studio/toolchain/risc-v embedded gcc/bin/../lib/gcc/riscv-none-embed/8.2.0/../../../../riscv-none-embed/lib/rv32imacxw/ilp32\libc_nano.a
LOAD c:/mounriver/mounriver_studio/toolchain/risc-v embedded gcc/bin/../lib/gcc/riscv-none-embed/8.2.0/../../../../riscv-none-embed/lib/rv32imacxw/ilp32\libnosys.a
END GROUP
                0x0000000000000800                __stack_size = 0x800
                [!provide]                        PROVIDE (_stack_size = __stack_size)

.init           0x0000000000000000        0x4
                0x0000000000000000                _sinit = .
                0x0000000000000000                . = ALIGN (0x4)
 *(SORT_NONE(.init))
 .init          0x0000000000000000        0x4 ./Startup/startup_ch32v30x_D8C.o
                0x0000000000000000                _start
                0x0000000000000004                . = ALIGN (0x4)
                0x0000000000000004                _einit = .

.vector         0x0000000000000004      0x1bc
 *(.vector)
 .vector        0x0000000000000004      0x1a0 ./Startup/startup_ch32v30x_D8C.o
                0x00000000000001c0                . = ALIGN (0x40)
 *fill*         0x00000000000001a4       0x1c 

.text           0x00000000000001c0     0xbc9c
                0x00000000000001c0                . = ALIGN (0x4)
 *(.text)
 .text          0x00000000000001c0       0x60 c:/mounriver/mounriver_studio/toolchain/risc-v embedded gcc/bin/../lib/gcc/riscv-none-embed/8.2.0/rv32imacxw/ilp32\libgcc.a(save-restore.o)
                0x00000000000001c0                __riscv_save_12
                0x00000000000001c8                __riscv_save_9
                0x00000000000001c8                __riscv_save_11
                0x00000000000001c8                __riscv_save_10
                0x00000000000001c8                __riscv_save_8
                0x00000000000001d6                __riscv_save_4
                0x00000000000001d6                __riscv_save_6
                0x00000000000001d6                __riscv_save_5
                0x00000000000001d6                __riscv_save_7
                0x00000000000001f0                __riscv_save_3
                0x00000000000001f0                __riscv_save_2
                0x00000000000001f0                __riscv_save_1
                0x00000000000001f0                __riscv_save_0
                0x00000000000001fc                __riscv_restore_12
                0x0000000000000200                __riscv_restore_11
                0x0000000000000200                __riscv_restore_9
                0x0000000000000200                __riscv_restore_10
                0x0000000000000200                __riscv_restore_8
                0x000000000000020a                __riscv_restore_5
                0x000000000000020a                __riscv_restore_7
                0x000000000000020a                __riscv_restore_6
                0x000000000000020a                __riscv_restore_4
                0x0000000000000214                __riscv_restore_3
                0x0000000000000214                __riscv_restore_0
                0x0000000000000214                __riscv_restore_2
                0x0000000000000214                __riscv_restore_1
 .text          0x0000000000000220       0xa8 c:/mounriver/mounriver_studio/toolchain/risc-v embedded gcc/bin/../lib/gcc/riscv-none-embed/8.2.0/../../../../riscv-none-embed/lib/rv32imacxw/ilp32\libg_nano.a(lib_a-memset.o)
                0x0000000000000220                memset
 .text          0x00000000000002c8      0x11a c:/mounriver/mounriver_studio/toolchain/risc-v embedded gcc/bin/../lib/gcc/riscv-none-embed/8.2.0/../../../../riscv-none-embed/lib/rv32imacxw/ilp32\libg_nano.a(lib_a-strcmp.o)
                0x00000000000002c8                strcmp
 *(.text.*)
 .text.ADS1234_GPIO_Config
                0x00000000000003e2       0xaa ./User/ADS1234.o
                0x00000000000003e2                ADS1234_GPIO_Config
 .text.ADS1234_Init
                0x000000000000048c       0x54 ./User/ADS1234.o
                0x000000000000048c                ADS1234_Init
 .text.ADS1234_SetChannel
                0x00000000000004e0       0xb6 ./User/ADS1234.o
                0x00000000000004e0                ADS1234_SetChannel
 .text.ADS1234_ReadData
                0x0000000000000596      0x12e ./User/ADS1234.o
                0x0000000000000596                ADS1234_ReadData
 .text.ADS1234_AutoZero
                0x00000000000006c4      0x132 ./User/ADS1234.o
                0x00000000000006c4                ADS1234_AutoZero
 .text.ADS1234_ToWeight
                0x00000000000007f6      0x214 ./User/ADS1234.o
                0x00000000000007f6                ADS1234_ToWeight
 .text.RC522_SPI_TransferByte
                0x0000000000000a0a       0x38 ./User/Card.o
                0x0000000000000a0a                RC522_SPI_TransferByte
 .text.RC522_Read_Register
                0x0000000000000a42       0x38 ./User/Card.o
                0x0000000000000a42                RC522_Read_Register
 .text.RC522_Write_Register
                0x0000000000000a7a       0x32 ./User/Card.o
                0x0000000000000a7a                RC522_Write_Register
 .text.RC522_Init
                0x0000000000000aac       0xb2 ./User/Card.o
                0x0000000000000aac                RC522_Init
 .text.RC522_SetBit_Register
                0x0000000000000b5e       0x1e ./User/Card.o
                0x0000000000000b5e                RC522_SetBit_Register
 .text.RC522_ClearBit_Register
                0x0000000000000b7c       0x22 ./User/Card.o
                0x0000000000000b7c                RC522_ClearBit_Register
 .text.RC522_Antenna_On
                0x0000000000000b9e       0x16 ./User/Card.o
                0x0000000000000b9e                RC522_Antenna_On
 .text.RC522_Rese
                0x0000000000000bb4       0xb0 ./User/Card.o
                0x0000000000000bb4                RC522_Rese
 .text.RC522_Config_Type
                0x0000000000000c64       0x72 ./User/Card.o
                0x0000000000000c64                RC522_Config_Type
 .text.PcdComMF522
                0x0000000000000cd6      0x110 ./User/Card.o
                0x0000000000000cd6                PcdComMF522
 .text.PcdRequest
                0x0000000000000de6       0x4e ./User/Card.o
                0x0000000000000de6                PcdRequest
 .text.PcdAnticoll
                0x0000000000000e34       0x8c ./User/Card.o
                0x0000000000000e34                PcdAnticoll
 .text.CalulateCRC
                0x0000000000000ec0       0x6c ./User/Card.o
                0x0000000000000ec0                CalulateCRC
 .text.PcdSelect
                0x0000000000000f2c       0x8e ./User/Card.o
                0x0000000000000f2c                PcdSelect
 .text.PcdAuthState
                0x0000000000000fba       0x68 ./User/Card.o
                0x0000000000000fba                PcdAuthState
 .text.PcdWrite
                0x0000000000001022       0x90 ./User/Card.o
                0x0000000000001022                PcdWrite
 .text.PcdRead  0x00000000000010b2       0x5c ./User/Card.o
                0x00000000000010b2                PcdRead
 .text.PcdHalt  0x000000000000110e       0x2e ./User/Card.o
                0x000000000000110e                PcdHalt
 .text.delay_us
                0x000000000000113c       0x26 ./User/System.o
                0x000000000000113c                delay_us
 .text.GetSysTick
                0x0000000000001162        0x6 ./User/System.o
                0x0000000000001162                GetSysTick
 .text.SysTick_Handler
                0x0000000000001168       0x16 ./User/System.o
                0x0000000000001168                SysTick_Handler
 .text.Tim3_Init
                0x000000000000117e       0x5a ./User/Timer.o
                0x000000000000117e                Tim3_Init
 .text.USART1_GPIO_Config
                0x00000000000011d8       0x44 ./User/Uart.o
                0x00000000000011d8                USART1_GPIO_Config
 .text.USART1_Config
                0x000000000000121c       0x3c ./User/Uart.o
                0x000000000000121c                USART1_Config
 .text.UART4_Init
                0x0000000000001258       0x80 ./User/Uart.o
                0x0000000000001258                UART4_Init
 .text.UART5_Init
                0x00000000000012d8       0x98 ./User/Uart1.o
                0x00000000000012d8                UART5_Init
 .text.UART5_IRQHandler
                0x0000000000001370       0x4c ./User/Uart1.o
                0x0000000000001370                UART5_IRQHandler
 .text.UART4_SendByte
                0x00000000000013bc       0x28 ./User/Uart1.o
                0x00000000000013bc                UART4_SendByte
 .text.UART4_SendString
                0x00000000000013e4       0x1a ./User/Uart1.o
                0x00000000000013e4                UART4_SendString
 .text.NMI_Handler
                0x00000000000013fe        0x2 ./User/ch32v30x_it.o
                0x00000000000013fe                NMI_Handler
 .text.HardFault_Handler
                0x0000000000001400       0x10 ./User/ch32v30x_it.o
                0x0000000000001400                HardFault_Handler
 .text.find_json_value
                0x0000000000001410       0xf6 ./User/main.o
                0x0000000000001410                find_json_value
 .text.Initialize_Data_Structures
                0x0000000000001506       0x90 ./User/main.o
                0x0000000000001506                Initialize_Data_Structures
 .text.Parse_K230_JSON
                0x0000000000001596       0xf4 ./User/main.o
                0x0000000000001596                Parse_K230_JSON
 .text.Get_Chinese_Name
                0x000000000000168a       0x38 ./User/main.o
                0x000000000000168a                Get_Chinese_Name
 .text.is_unit_priced_item
                0x00000000000016c2       0x52 ./User/main.o
                0x00000000000016c2                is_unit_priced_item
 .text.Merge_Data
                0x0000000000001714       0xf0 ./User/main.o
                0x0000000000001714                Merge_Data
 .text.Print_Merged_Data
                0x0000000000001804      0x108 ./User/main.o
                0x0000000000001804                Print_Merged_Data
 .text.Send_Merged_Data_To_PC
                0x000000000000190c       0xda ./User/main.o
                0x000000000000190c                Send_Merged_Data_To_PC
 .text.Send_Merged_Data_To_Screen
                0x00000000000019e6      0x3de ./User/main.o
                0x00000000000019e6                Send_Merged_Data_To_Screen
 .text.Process_K230_Data
                0x0000000000001dc4       0xbc ./User/main.o
                0x0000000000001dc4                Process_K230_Data
 .text.CompensateCrosstalkSimple
                0x0000000000001e80       0x9a ./User/main.o
                0x0000000000001e80                CompensateCrosstalkSimple
 .text.TIM3_IRQHandler
                0x0000000000001f1a       0x44 ./User/main.o
                0x0000000000001f1a                TIM3_IRQHandler
 .text.USART3_IRQHandler
                0x0000000000001f5e       0xaa ./User/main.o
                0x0000000000001f5e                USART3_IRQHandler
 .text.UART3_Init_For_K230
                0x0000000000002008       0xaa ./User/main.o
                0x0000000000002008                UART3_Init_For_K230
 .text.Print_Main_Header
                0x00000000000020b2       0xa0 ./User/main.o
                0x00000000000020b2                Print_Main_Header
 .text.USART1_SendString
                0x0000000000002152       0x32 ./User/main.o
                0x0000000000002152                USART1_SendString
 .text.CalculateTotalPrice
                0x0000000000002184       0x68 ./User/main.o
                0x0000000000002184                CalculateTotalPrice
 .text.InitNewCard
                0x00000000000021ec      0x1a4 ./User/main.o
                0x00000000000021ec                InitNewCard
 .text.ReadUserInfoFromCard
                0x0000000000002390       0xd6 ./User/main.o
                0x0000000000002390                ReadUserInfoFromCard
 .text.DisplayUserInfo
                0x0000000000002466       0x98 ./User/main.o
                0x0000000000002466                DisplayUserInfo
 .text.ReadBalance
                0x00000000000024fe       0x38 ./User/main.o
                0x00000000000024fe                ReadBalance
 .text.WriteBalance
                0x0000000000002536       0x6a ./User/main.o
                0x0000000000002536                WriteBalance
 .text.RFID_Payment_Process
                0x00000000000025a0      0x4a6 ./User/main.o
                0x00000000000025a0                RFID_Payment_Process
 .text.startup.main
                0x0000000000002a46      0x8ce ./User/main.o
                0x0000000000002a46                main
 .text.SystemInit
                0x0000000000003314       0xb2 ./User/system_ch32v30x.o
                0x0000000000003314                SystemInit
 .text.SystemCoreClockUpdate
                0x00000000000033c6      0x12a ./User/system_ch32v30x.o
                0x00000000000033c6                SystemCoreClockUpdate
 .text.vector_handler
                0x00000000000034f0        0x2 ./Startup/startup_ch32v30x_D8C.o
                0x00000000000034f0                EXTI2_IRQHandler
                0x00000000000034f0                TIM8_TRG_COM_IRQHandler
                0x00000000000034f0                TIM8_CC_IRQHandler
                0x00000000000034f0                UART8_IRQHandler
                0x00000000000034f0                TIM1_CC_IRQHandler
                0x00000000000034f0                TIM6_IRQHandler
                0x00000000000034f0                PVD_IRQHandler
                0x00000000000034f0                SDIO_IRQHandler
                0x00000000000034f0                TIM9_BRK_IRQHandler
                0x00000000000034f0                DMA2_Channel8_IRQHandler
                0x00000000000034f0                CAN2_RX1_IRQHandler
                0x00000000000034f0                EXTI3_IRQHandler
                0x00000000000034f0                USBHS_IRQHandler
                0x00000000000034f0                DMA2_Channel9_IRQHandler
                0x00000000000034f0                TIM10_CC_IRQHandler
                0x00000000000034f0                USBFS_IRQHandler
                0x00000000000034f0                EXTI0_IRQHandler
                0x00000000000034f0                I2C2_EV_IRQHandler
                0x00000000000034f0                TIM10_TRG_COM_IRQHandler
                0x00000000000034f0                CAN2_SCE_IRQHandler
                0x00000000000034f0                ADC1_2_IRQHandler
                0x00000000000034f0                Break_Point_Handler
                0x00000000000034f0                SPI1_IRQHandler
                0x00000000000034f0                TAMPER_IRQHandler
                0x00000000000034f0                CAN2_RX0_IRQHandler
                0x00000000000034f0                TIM8_UP_IRQHandler
                0x00000000000034f0                Ecall_M_Mode_Handler
                0x00000000000034f0                DMA2_Channel2_IRQHandler
                0x00000000000034f0                DMA1_Channel4_IRQHandler
                0x00000000000034f0                TIM9_UP_IRQHandler
                0x00000000000034f0                RTC_IRQHandler
                0x00000000000034f0                DMA1_Channel7_IRQHandler
                0x00000000000034f0                CAN1_RX1_IRQHandler
                0x00000000000034f0                DVP_IRQHandler
                0x00000000000034f0                TIM4_IRQHandler
                0x00000000000034f0                DMA2_Channel1_IRQHandler
                0x00000000000034f0                I2C1_EV_IRQHandler
                0x00000000000034f0                DMA1_Channel6_IRQHandler
                0x00000000000034f0                UART4_IRQHandler
                0x00000000000034f0                DMA2_Channel4_IRQHandler
                0x00000000000034f0                RCC_IRQHandler
                0x00000000000034f0                TIM1_TRG_COM_IRQHandler
                0x00000000000034f0                DMA1_Channel1_IRQHandler
                0x00000000000034f0                DMA2_Channel7_IRQHandler
                0x00000000000034f0                EXTI15_10_IRQHandler
                0x00000000000034f0                TIM7_IRQHandler
                0x00000000000034f0                CAN2_TX_IRQHandler
                0x00000000000034f0                TIM5_IRQHandler
                0x00000000000034f0                EXTI9_5_IRQHandler
                0x00000000000034f0                ETH_WKUP_IRQHandler
                0x00000000000034f0                SPI2_IRQHandler
                0x00000000000034f0                TIM10_BRK_IRQHandler
                0x00000000000034f0                TIM9_CC_IRQHandler
                0x00000000000034f0                DMA2_Channel5_IRQHandler
                0x00000000000034f0                DMA1_Channel5_IRQHandler
                0x00000000000034f0                EXTI4_IRQHandler
                0x00000000000034f0                USB_LP_CAN1_RX0_IRQHandler
                0x00000000000034f0                RNG_IRQHandler
                0x00000000000034f0                USB_HP_CAN1_TX_IRQHandler
                0x00000000000034f0                DMA1_Channel3_IRQHandler
                0x00000000000034f0                ETH_IRQHandler
                0x00000000000034f0                TIM1_UP_IRQHandler
                0x00000000000034f0                WWDG_IRQHandler
                0x00000000000034f0                USBHSWakeup_IRQHandler
                0x00000000000034f0                DMA2_Channel11_IRQHandler
                0x00000000000034f0                Ecall_U_Mode_Handler
                0x00000000000034f0                DMA2_Channel6_IRQHandler
                0x00000000000034f0                TIM2_IRQHandler
                0x00000000000034f0                SW_Handler
                0x00000000000034f0                TIM1_BRK_IRQHandler
                0x00000000000034f0                DMA2_Channel10_IRQHandler
                0x00000000000034f0                EXTI1_IRQHandler
                0x00000000000034f0                RTCAlarm_IRQHandler
                0x00000000000034f0                TIM10_UP_IRQHandler
                0x00000000000034f0                TIM9_TRG_COM_IRQHandler
                0x00000000000034f0                UART7_IRQHandler
                0x00000000000034f0                USART2_IRQHandler
                0x00000000000034f0                UART6_IRQHandler
                0x00000000000034f0                I2C2_ER_IRQHandler
                0x00000000000034f0                DMA1_Channel2_IRQHandler
                0x00000000000034f0                TIM8_BRK_IRQHandler
                0x00000000000034f0                CAN1_SCE_IRQHandler
                0x00000000000034f0                FLASH_IRQHandler
                0x00000000000034f0                USART1_IRQHandler
                0x00000000000034f0                SPI3_IRQHandler
                0x00000000000034f0                I2C1_ER_IRQHandler
                0x00000000000034f0                USBWakeUp_IRQHandler
                0x00000000000034f0                DMA2_Channel3_IRQHandler
 .text.handle_reset
                0x00000000000034f2       0x8e ./Startup/startup_ch32v30x_D8C.o
                0x00000000000034f2                handle_reset
 .text.GPIO_Init
                0x0000000000003580       0xc0 ./Peripheral/src/ch32v30x_gpio.o
                0x0000000000003580                GPIO_Init
 .text.GPIO_ReadInputDataBit
                0x0000000000003640        0xa ./Peripheral/src/ch32v30x_gpio.o
                0x0000000000003640                GPIO_ReadInputDataBit
 .text.GPIO_SetBits
                0x000000000000364a        0x4 ./Peripheral/src/ch32v30x_gpio.o
                0x000000000000364a                GPIO_SetBits
 .text.GPIO_ResetBits
                0x000000000000364e        0x4 ./Peripheral/src/ch32v30x_gpio.o
                0x000000000000364e                GPIO_ResetBits
 .text.NVIC_PriorityGroupConfig
                0x0000000000003652        0x6 ./Peripheral/src/ch32v30x_misc.o
                0x0000000000003652                NVIC_PriorityGroupConfig
 .text.NVIC_Init
                0x0000000000003658       0x5c ./Peripheral/src/ch32v30x_misc.o
                0x0000000000003658                NVIC_Init
 .text.RCC_GetClocksFreq
                0x00000000000036b4      0x176 ./Peripheral/src/ch32v30x_rcc.o
                0x00000000000036b4                RCC_GetClocksFreq
 .text.RCC_APB2PeriphClockCmd
                0x000000000000382a       0x1e ./Peripheral/src/ch32v30x_rcc.o
                0x000000000000382a                RCC_APB2PeriphClockCmd
 .text.RCC_APB1PeriphClockCmd
                0x0000000000003848       0x1e ./Peripheral/src/ch32v30x_rcc.o
                0x0000000000003848                RCC_APB1PeriphClockCmd
 .text.SPI_Init
                0x0000000000003866       0x3e ./Peripheral/src/ch32v30x_spi.o
                0x0000000000003866                SPI_Init
 .text.SPI_Cmd  0x00000000000038a4       0x1a ./Peripheral/src/ch32v30x_spi.o
                0x00000000000038a4                SPI_Cmd
 .text.SPI_I2S_SendData
                0x00000000000038be        0x4 ./Peripheral/src/ch32v30x_spi.o
                0x00000000000038be                SPI_I2S_SendData
 .text.SPI_I2S_ReceiveData
                0x00000000000038c2        0x4 ./Peripheral/src/ch32v30x_spi.o
                0x00000000000038c2                SPI_I2S_ReceiveData
 .text.SPI_I2S_GetFlagStatus
                0x00000000000038c6        0xa ./Peripheral/src/ch32v30x_spi.o
                0x00000000000038c6                SPI_I2S_GetFlagStatus
 .text.TIM_TimeBaseInit
                0x00000000000038d0       0xee ./Peripheral/src/ch32v30x_tim.o
                0x00000000000038d0                TIM_TimeBaseInit
 .text.TIM_Cmd  0x00000000000039be       0x18 ./Peripheral/src/ch32v30x_tim.o
                0x00000000000039be                TIM_Cmd
 .text.TIM_ITConfig
                0x00000000000039d6       0x12 ./Peripheral/src/ch32v30x_tim.o
                0x00000000000039d6                TIM_ITConfig
 .text.TIM_GetITStatus
                0x00000000000039e8       0x18 ./Peripheral/src/ch32v30x_tim.o
                0x00000000000039e8                TIM_GetITStatus
 .text.TIM_ClearITPendingBit
                0x0000000000003a00        0xc ./Peripheral/src/ch32v30x_tim.o
                0x0000000000003a00                TIM_ClearITPendingBit
 .text.USART_Init
                0x0000000000003a0c       0x90 ./Peripheral/src/ch32v30x_usart.o
                0x0000000000003a0c                USART_Init
 .text.USART_Cmd
                0x0000000000003a9c       0x16 ./Peripheral/src/ch32v30x_usart.o
                0x0000000000003a9c                USART_Cmd
 .text.USART_ITConfig
                0x0000000000003ab2       0x36 ./Peripheral/src/ch32v30x_usart.o
                0x0000000000003ab2                USART_ITConfig
 .text.USART_SendData
                0x0000000000003ae8        0x8 ./Peripheral/src/ch32v30x_usart.o
                0x0000000000003ae8                USART_SendData
 .text.USART_ReceiveData
                0x0000000000003af0        0x8 ./Peripheral/src/ch32v30x_usart.o
                0x0000000000003af0                USART_ReceiveData
 .text.USART_GetFlagStatus
                0x0000000000003af8        0xa ./Peripheral/src/ch32v30x_usart.o
                0x0000000000003af8                USART_GetFlagStatus
 .text.USART_GetITStatus
                0x0000000000003b02       0x3c ./Peripheral/src/ch32v30x_usart.o
                0x0000000000003b02                USART_GetITStatus
 .text.Delay_Init
                0x0000000000003b3e       0x26 ./Debug/debug.o
                0x0000000000003b3e                Delay_Init
 .text.Delay_Ms
                0x0000000000003b64       0x36 ./Debug/debug.o
                0x0000000000003b64                Delay_Ms
 .text._write   0x0000000000003b9a       0x3e ./Debug/debug.o
                0x0000000000003b9a                _write
 .text._sbrk    0x0000000000003bd8       0x2a ./Debug/debug.o
                0x0000000000003bd8                _sbrk
 .text.__addsf3
                0x0000000000003c02      0x36a c:/mounriver/mounriver_studio/toolchain/risc-v embedded gcc/bin/../lib/gcc/riscv-none-embed/8.2.0/rv32imacxw/ilp32\libgcc.a(addsf3.o)
                0x0000000000003c02                __addsf3
 .text.__eqsf2  0x0000000000003f6c       0x5c c:/mounriver/mounriver_studio/toolchain/risc-v embedded gcc/bin/../lib/gcc/riscv-none-embed/8.2.0/rv32imacxw/ilp32\libgcc.a(eqsf2.o)
                0x0000000000003f6c                __eqsf2
                0x0000000000003f6c                __nesf2
 .text.__gesf2  0x0000000000003fc8       0x86 c:/mounriver/mounriver_studio/toolchain/risc-v embedded gcc/bin/../lib/gcc/riscv-none-embed/8.2.0/rv32imacxw/ilp32\libgcc.a(gesf2.o)
                0x0000000000003fc8                __gesf2
                0x0000000000003fc8                __gtsf2
 .text.__lesf2  0x000000000000404e       0x8c c:/mounriver/mounriver_studio/toolchain/risc-v embedded gcc/bin/../lib/gcc/riscv-none-embed/8.2.0/rv32imacxw/ilp32\libgcc.a(lesf2.o)
                0x000000000000404e                __ltsf2
                0x000000000000404e                __lesf2
 .text.__mulsf3
                0x00000000000040da      0x294 c:/mounriver/mounriver_studio/toolchain/risc-v embedded gcc/bin/../lib/gcc/riscv-none-embed/8.2.0/rv32imacxw/ilp32\libgcc.a(mulsf3.o)
                0x00000000000040da                __mulsf3
 .text.__subsf3
                0x000000000000436e      0x388 c:/mounriver/mounriver_studio/toolchain/risc-v embedded gcc/bin/../lib/gcc/riscv-none-embed/8.2.0/rv32imacxw/ilp32\libgcc.a(subsf3.o)
                0x000000000000436e                __subsf3
 .text.__fixsfsi
                0x00000000000046f6       0x62 c:/mounriver/mounriver_studio/toolchain/risc-v embedded gcc/bin/../lib/gcc/riscv-none-embed/8.2.0/rv32imacxw/ilp32\libgcc.a(fixsfsi.o)
                0x00000000000046f6                __fixsfsi
 .text.__floatsisf
                0x0000000000004758       0xc6 c:/mounriver/mounriver_studio/toolchain/risc-v embedded gcc/bin/../lib/gcc/riscv-none-embed/8.2.0/rv32imacxw/ilp32\libgcc.a(floatsisf.o)
                0x0000000000004758                __floatsisf
 .text.__extendsfdf2
                0x000000000000481e       0xac c:/mounriver/mounriver_studio/toolchain/risc-v embedded gcc/bin/../lib/gcc/riscv-none-embed/8.2.0/rv32imacxw/ilp32\libgcc.a(extendsfdf2.o)
                0x000000000000481e                __extendsfdf2
 .text.__truncdfsf2
                0x00000000000048ca      0x16a c:/mounriver/mounriver_studio/toolchain/risc-v embedded gcc/bin/../lib/gcc/riscv-none-embed/8.2.0/rv32imacxw/ilp32\libgcc.a(truncdfsf2.o)
                0x00000000000048ca                __truncdfsf2
 .text.__clzsi2
                0x0000000000004a34       0x6e c:/mounriver/mounriver_studio/toolchain/risc-v embedded gcc/bin/../lib/gcc/riscv-none-embed/8.2.0/rv32imacxw/ilp32\libgcc.a(_clzsi2.o)
                0x0000000000004a34                __clzsi2
 .text.atof     0x0000000000004aa2        0x6 c:/mounriver/mounriver_studio/toolchain/risc-v embedded gcc/bin/../lib/gcc/riscv-none-embed/8.2.0/../../../../riscv-none-embed/lib/rv32imacxw/ilp32\libg_nano.a(lib_a-atof.o)
                0x0000000000004aa2                atof
 .text.memcmp   0x0000000000004aa8       0x24 c:/mounriver/mounriver_studio/toolchain/risc-v embedded gcc/bin/../lib/gcc/riscv-none-embed/8.2.0/../../../../riscv-none-embed/lib/rv32imacxw/ilp32\libg_nano.a(lib_a-memcmp.o)
                0x0000000000004aa8                memcmp
 .text.memcpy   0x0000000000004acc       0xb2 c:/mounriver/mounriver_studio/toolchain/risc-v embedded gcc/bin/../lib/gcc/riscv-none-embed/8.2.0/../../../../riscv-none-embed/lib/rv32imacxw/ilp32\libg_nano.a(lib_a-memcpy.o)
                0x0000000000004acc                memcpy
 .text.printf   0x0000000000004b7e       0x42 c:/mounriver/mounriver_studio/toolchain/risc-v embedded gcc/bin/../lib/gcc/riscv-none-embed/8.2.0/../../../../riscv-none-embed/lib/rv32imacxw/ilp32\libg_nano.a(lib_a-printf.o)
                0x0000000000004b7e                iprintf
                0x0000000000004b7e                printf
 .text.putchar  0x0000000000004bc0       0x2c c:/mounriver/mounriver_studio/toolchain/risc-v embedded gcc/bin/../lib/gcc/riscv-none-embed/8.2.0/../../../../riscv-none-embed/lib/rv32imacxw/ilp32\libg_nano.a(lib_a-putchar.o)
                0x0000000000004bc0                putchar
 .text._puts_r  0x0000000000004bec       0xde c:/mounriver/mounriver_studio/toolchain/risc-v embedded gcc/bin/../lib/gcc/riscv-none-embed/8.2.0/../../../../riscv-none-embed/lib/rv32imacxw/ilp32\libg_nano.a(lib_a-puts.o)
                0x0000000000004bec                _puts_r
 .text.puts     0x0000000000004cca        0xc c:/mounriver/mounriver_studio/toolchain/risc-v embedded gcc/bin/../lib/gcc/riscv-none-embed/8.2.0/../../../../riscv-none-embed/lib/rv32imacxw/ilp32\libg_nano.a(lib_a-puts.o)
                0x0000000000004cca                puts
 .text.sprintf  0x0000000000004cd6       0x46 c:/mounriver/mounriver_studio/toolchain/risc-v embedded gcc/bin/../lib/gcc/riscv-none-embed/8.2.0/../../../../riscv-none-embed/lib/rv32imacxw/ilp32\libg_nano.a(lib_a-sprintf.o)
                0x0000000000004cd6                siprintf
                0x0000000000004cd6                sprintf
 .text.strchr   0x0000000000004d1c       0x18 c:/mounriver/mounriver_studio/toolchain/risc-v embedded gcc/bin/../lib/gcc/riscv-none-embed/8.2.0/../../../../riscv-none-embed/lib/rv32imacxw/ilp32\libg_nano.a(lib_a-strchr.o)
                0x0000000000004d1c                strchr
 .text.strcpy   0x0000000000004d34       0x10 c:/mounriver/mounriver_studio/toolchain/risc-v embedded gcc/bin/../lib/gcc/riscv-none-embed/8.2.0/../../../../riscv-none-embed/lib/rv32imacxw/ilp32\libg_nano.a(lib_a-strcpy.o)
                0x0000000000004d34                strcpy
 .text.strstr   0x0000000000004d44       0x34 c:/mounriver/mounriver_studio/toolchain/risc-v embedded gcc/bin/../lib/gcc/riscv-none-embed/8.2.0/../../../../riscv-none-embed/lib/rv32imacxw/ilp32\libg_nano.a(lib_a-strstr.o)
                0x0000000000004d44                strstr
 .text.sulp     0x0000000000004d78       0x4e c:/mounriver/mounriver_studio/toolchain/risc-v embedded gcc/bin/../lib/gcc/riscv-none-embed/8.2.0/../../../../riscv-none-embed/lib/rv32imacxw/ilp32\libg_nano.a(lib_a-strtod.o)
 .text._strtod_l
                0x0000000000004dc6      0xc6c c:/mounriver/mounriver_studio/toolchain/risc-v embedded gcc/bin/../lib/gcc/riscv-none-embed/8.2.0/../../../../riscv-none-embed/lib/rv32imacxw/ilp32\libg_nano.a(lib_a-strtod.o)
                0x0000000000004dc6                _strtod_l
 .text.strtod   0x0000000000005a32       0x1c c:/mounriver/mounriver_studio/toolchain/risc-v embedded gcc/bin/../lib/gcc/riscv-none-embed/8.2.0/../../../../riscv-none-embed/lib/rv32imacxw/ilp32\libg_nano.a(lib_a-strtod.o)
                0x0000000000005a32                strtod
 .text.__swbuf_r
                0x0000000000005a4e       0xbc c:/mounriver/mounriver_studio/toolchain/risc-v embedded gcc/bin/../lib/gcc/riscv-none-embed/8.2.0/../../../../riscv-none-embed/lib/rv32imacxw/ilp32\libg_nano.a(lib_a-wbuf.o)
                0x0000000000005a4e                __swbuf_r
 .text.__swsetup_r
                0x0000000000005b0a      0x100 c:/mounriver/mounriver_studio/toolchain/risc-v embedded gcc/bin/../lib/gcc/riscv-none-embed/8.2.0/../../../../riscv-none-embed/lib/rv32imacxw/ilp32\libg_nano.a(lib_a-wsetup.o)
                0x0000000000005b0a                __swsetup_r
 .text.__sflush_r
                0x0000000000005c0a      0x132 c:/mounriver/mounriver_studio/toolchain/risc-v embedded gcc/bin/../lib/gcc/riscv-none-embed/8.2.0/../../../../riscv-none-embed/lib/rv32imacxw/ilp32\libg_nano.a(lib_a-fflush.o)
                0x0000000000005c0a                __sflush_r
 .text._fflush_r
                0x0000000000005d3c       0x66 c:/mounriver/mounriver_studio/toolchain/risc-v embedded gcc/bin/../lib/gcc/riscv-none-embed/8.2.0/../../../../riscv-none-embed/lib/rv32imacxw/ilp32\libg_nano.a(lib_a-fflush.o)
                0x0000000000005d3c                _fflush_r
 .text.std      0x0000000000005da2       0x66 c:/mounriver/mounriver_studio/toolchain/risc-v embedded gcc/bin/../lib/gcc/riscv-none-embed/8.2.0/../../../../riscv-none-embed/lib/rv32imacxw/ilp32\libg_nano.a(lib_a-findfp.o)
 .text._cleanup_r
                0x0000000000005e08        0xa c:/mounriver/mounriver_studio/toolchain/risc-v embedded gcc/bin/../lib/gcc/riscv-none-embed/8.2.0/../../../../riscv-none-embed/lib/rv32imacxw/ilp32\libg_nano.a(lib_a-findfp.o)
                0x0000000000005e08                _cleanup_r
 .text.__sfmoreglue
                0x0000000000005e12       0x48 c:/mounriver/mounriver_studio/toolchain/risc-v embedded gcc/bin/../lib/gcc/riscv-none-embed/8.2.0/../../../../riscv-none-embed/lib/rv32imacxw/ilp32\libg_nano.a(lib_a-findfp.o)
                0x0000000000005e12                __sfmoreglue
 .text.__sinit  0x0000000000005e5a       0x6c c:/mounriver/mounriver_studio/toolchain/risc-v embedded gcc/bin/../lib/gcc/riscv-none-embed/8.2.0/../../../../riscv-none-embed/lib/rv32imacxw/ilp32\libg_nano.a(lib_a-findfp.o)
                0x0000000000005e5a                __sinit
 .text.__sfp    0x0000000000005ec6       0xa0 c:/mounriver/mounriver_studio/toolchain/risc-v embedded gcc/bin/../lib/gcc/riscv-none-embed/8.2.0/../../../../riscv-none-embed/lib/rv32imacxw/ilp32\libg_nano.a(lib_a-findfp.o)
                0x0000000000005ec6                __sfp
 .text._fwalk_reent
                0x0000000000005f66       0x6a c:/mounriver/mounriver_studio/toolchain/risc-v embedded gcc/bin/../lib/gcc/riscv-none-embed/8.2.0/../../../../riscv-none-embed/lib/rv32imacxw/ilp32\libg_nano.a(lib_a-fwalk.o)
                0x0000000000005f66                _fwalk_reent
 .text.rshift   0x0000000000005fd0       0x76 c:/mounriver/mounriver_studio/toolchain/risc-v embedded gcc/bin/../lib/gcc/riscv-none-embed/8.2.0/../../../../riscv-none-embed/lib/rv32imacxw/ilp32\libg_nano.a(lib_a-gdtoa-gethex.o)
 .text.__hexdig_fun
                0x0000000000006046       0x40 c:/mounriver/mounriver_studio/toolchain/risc-v embedded gcc/bin/../lib/gcc/riscv-none-embed/8.2.0/../../../../riscv-none-embed/lib/rv32imacxw/ilp32\libg_nano.a(lib_a-gdtoa-gethex.o)
                0x0000000000006046                __hexdig_fun
 .text.__gethex
                0x0000000000006086      0x4cc c:/mounriver/mounriver_studio/toolchain/risc-v embedded gcc/bin/../lib/gcc/riscv-none-embed/8.2.0/../../../../riscv-none-embed/lib/rv32imacxw/ilp32\libg_nano.a(lib_a-gdtoa-gethex.o)
                0x0000000000006086                __gethex
 .text.L_shift  0x0000000000006552       0x2c c:/mounriver/mounriver_studio/toolchain/risc-v embedded gcc/bin/../lib/gcc/riscv-none-embed/8.2.0/../../../../riscv-none-embed/lib/rv32imacxw/ilp32\libg_nano.a(lib_a-gdtoa-hexnan.o)
 .text.__match  0x000000000000657e       0x2e c:/mounriver/mounriver_studio/toolchain/risc-v embedded gcc/bin/../lib/gcc/riscv-none-embed/8.2.0/../../../../riscv-none-embed/lib/rv32imacxw/ilp32\libg_nano.a(lib_a-gdtoa-hexnan.o)
                0x000000000000657e                __match
 .text.__hexnan
                0x00000000000065ac      0x15e c:/mounriver/mounriver_studio/toolchain/risc-v embedded gcc/bin/../lib/gcc/riscv-none-embed/8.2.0/../../../../riscv-none-embed/lib/rv32imacxw/ilp32\libg_nano.a(lib_a-gdtoa-hexnan.o)
                0x00000000000065ac                __hexnan
 .text.__localeconv_l
                0x000000000000670a        0x6 c:/mounriver/mounriver_studio/toolchain/risc-v embedded gcc/bin/../lib/gcc/riscv-none-embed/8.2.0/../../../../riscv-none-embed/lib/rv32imacxw/ilp32\libg_nano.a(lib_a-localeconv.o)
                0x000000000000670a                __localeconv_l
 .text.__swhatbuf_r
                0x0000000000006710       0x58 c:/mounriver/mounriver_studio/toolchain/risc-v embedded gcc/bin/../lib/gcc/riscv-none-embed/8.2.0/../../../../riscv-none-embed/lib/rv32imacxw/ilp32\libg_nano.a(lib_a-makebuf.o)
                0x0000000000006710                __swhatbuf_r
 .text.__smakebuf_r
                0x0000000000006768       0x94 c:/mounriver/mounriver_studio/toolchain/risc-v embedded gcc/bin/../lib/gcc/riscv-none-embed/8.2.0/../../../../riscv-none-embed/lib/rv32imacxw/ilp32\libg_nano.a(lib_a-makebuf.o)
                0x0000000000006768                __smakebuf_r
 .text.__ascii_mbtowc
                0x00000000000067fc       0x32 c:/mounriver/mounriver_studio/toolchain/risc-v embedded gcc/bin/../lib/gcc/riscv-none-embed/8.2.0/../../../../riscv-none-embed/lib/rv32imacxw/ilp32\libg_nano.a(lib_a-mbtowc_r.o)
                0x00000000000067fc                __ascii_mbtowc
 .text._Balloc  0x000000000000682e       0x8c c:/mounriver/mounriver_studio/toolchain/risc-v embedded gcc/bin/../lib/gcc/riscv-none-embed/8.2.0/../../../../riscv-none-embed/lib/rv32imacxw/ilp32\libg_nano.a(lib_a-mprec.o)
                0x000000000000682e                _Balloc
 .text._Bfree   0x00000000000068ba       0x44 c:/mounriver/mounriver_studio/toolchain/risc-v embedded gcc/bin/../lib/gcc/riscv-none-embed/8.2.0/../../../../riscv-none-embed/lib/rv32imacxw/ilp32\libg_nano.a(lib_a-mprec.o)
                0x00000000000068ba                _Bfree
 .text.__multadd
                0x00000000000068fe       0x98 c:/mounriver/mounriver_studio/toolchain/risc-v embedded gcc/bin/../lib/gcc/riscv-none-embed/8.2.0/../../../../riscv-none-embed/lib/rv32imacxw/ilp32\libg_nano.a(lib_a-mprec.o)
                0x00000000000068fe                __multadd
 .text.__s2b    0x0000000000006996       0xa4 c:/mounriver/mounriver_studio/toolchain/risc-v embedded gcc/bin/../lib/gcc/riscv-none-embed/8.2.0/../../../../riscv-none-embed/lib/rv32imacxw/ilp32\libg_nano.a(lib_a-mprec.o)
                0x0000000000006996                __s2b
 .text.__hi0bits
                0x0000000000006a3a       0x46 c:/mounriver/mounriver_studio/toolchain/risc-v embedded gcc/bin/../lib/gcc/riscv-none-embed/8.2.0/../../../../riscv-none-embed/lib/rv32imacxw/ilp32\libg_nano.a(lib_a-mprec.o)
                0x0000000000006a3a                __hi0bits
 .text.__lo0bits
                0x0000000000006a80       0x6a c:/mounriver/mounriver_studio/toolchain/risc-v embedded gcc/bin/../lib/gcc/riscv-none-embed/8.2.0/../../../../riscv-none-embed/lib/rv32imacxw/ilp32\libg_nano.a(lib_a-mprec.o)
                0x0000000000006a80                __lo0bits
 .text.__i2b    0x0000000000006aea       0x1c c:/mounriver/mounriver_studio/toolchain/risc-v embedded gcc/bin/../lib/gcc/riscv-none-embed/8.2.0/../../../../riscv-none-embed/lib/rv32imacxw/ilp32\libg_nano.a(lib_a-mprec.o)
                0x0000000000006aea                __i2b
 .text.__multiply
                0x0000000000006b06      0x144 c:/mounriver/mounriver_studio/toolchain/risc-v embedded gcc/bin/../lib/gcc/riscv-none-embed/8.2.0/../../../../riscv-none-embed/lib/rv32imacxw/ilp32\libg_nano.a(lib_a-mprec.o)
                0x0000000000006b06                __multiply
 .text.__pow5mult
                0x0000000000006c4a       0xbe c:/mounriver/mounriver_studio/toolchain/risc-v embedded gcc/bin/../lib/gcc/riscv-none-embed/8.2.0/../../../../riscv-none-embed/lib/rv32imacxw/ilp32\libg_nano.a(lib_a-mprec.o)
                0x0000000000006c4a                __pow5mult
 .text.__lshift
                0x0000000000006d08       0xce c:/mounriver/mounriver_studio/toolchain/risc-v embedded gcc/bin/../lib/gcc/riscv-none-embed/8.2.0/../../../../riscv-none-embed/lib/rv32imacxw/ilp32\libg_nano.a(lib_a-mprec.o)
                0x0000000000006d08                __lshift
 .text.__mcmp   0x0000000000006dd6       0x32 c:/mounriver/mounriver_studio/toolchain/risc-v embedded gcc/bin/../lib/gcc/riscv-none-embed/8.2.0/../../../../riscv-none-embed/lib/rv32imacxw/ilp32\libg_nano.a(lib_a-mprec.o)
                0x0000000000006dd6                __mcmp
 .text.__mdiff  0x0000000000006e08       0xf2 c:/mounriver/mounriver_studio/toolchain/risc-v embedded gcc/bin/../lib/gcc/riscv-none-embed/8.2.0/../../../../riscv-none-embed/lib/rv32imacxw/ilp32\libg_nano.a(lib_a-mprec.o)
                0x0000000000006e08                __mdiff
 .text.__ulp    0x0000000000006efa       0x46 c:/mounriver/mounriver_studio/toolchain/risc-v embedded gcc/bin/../lib/gcc/riscv-none-embed/8.2.0/../../../../riscv-none-embed/lib/rv32imacxw/ilp32\libg_nano.a(lib_a-mprec.o)
                0x0000000000006efa                __ulp
 .text.__b2d    0x0000000000006f40       0xb4 c:/mounriver/mounriver_studio/toolchain/risc-v embedded gcc/bin/../lib/gcc/riscv-none-embed/8.2.0/../../../../riscv-none-embed/lib/rv32imacxw/ilp32\libg_nano.a(lib_a-mprec.o)
                0x0000000000006f40                __b2d
 .text.__d2b    0x0000000000006ff4       0xd4 c:/mounriver/mounriver_studio/toolchain/risc-v embedded gcc/bin/../lib/gcc/riscv-none-embed/8.2.0/../../../../riscv-none-embed/lib/rv32imacxw/ilp32\libg_nano.a(lib_a-mprec.o)
                0x0000000000006ff4                __d2b
 .text.__ratio  0x00000000000070c8       0x74 c:/mounriver/mounriver_studio/toolchain/risc-v embedded gcc/bin/../lib/gcc/riscv-none-embed/8.2.0/../../../../riscv-none-embed/lib/rv32imacxw/ilp32\libg_nano.a(lib_a-mprec.o)
                0x00000000000070c8                __ratio
 .text.__copybits
                0x000000000000713c       0x36 c:/mounriver/mounriver_studio/toolchain/risc-v embedded gcc/bin/../lib/gcc/riscv-none-embed/8.2.0/../../../../riscv-none-embed/lib/rv32imacxw/ilp32\libg_nano.a(lib_a-mprec.o)
                0x000000000000713c                __copybits
 .text.__any_on
                0x0000000000007172       0x46 c:/mounriver/mounriver_studio/toolchain/risc-v embedded gcc/bin/../lib/gcc/riscv-none-embed/8.2.0/../../../../riscv-none-embed/lib/rv32imacxw/ilp32\libg_nano.a(lib_a-mprec.o)
                0x0000000000007172                __any_on
 .text._calloc_r
                0x00000000000071b8       0x26 c:/mounriver/mounriver_studio/toolchain/risc-v embedded gcc/bin/../lib/gcc/riscv-none-embed/8.2.0/../../../../riscv-none-embed/lib/rv32imacxw/ilp32\libg_nano.a(lib_a-nano-callocr.o)
                0x00000000000071b8                _calloc_r
 .text._free_r  0x00000000000071de       0xa8 c:/mounriver/mounriver_studio/toolchain/risc-v embedded gcc/bin/../lib/gcc/riscv-none-embed/8.2.0/../../../../riscv-none-embed/lib/rv32imacxw/ilp32\libg_nano.a(lib_a-nano-freer.o)
                0x00000000000071de                _free_r
 .text._malloc_r
                0x0000000000007286       0xda c:/mounriver/mounriver_studio/toolchain/risc-v embedded gcc/bin/../lib/gcc/riscv-none-embed/8.2.0/../../../../riscv-none-embed/lib/rv32imacxw/ilp32\libg_nano.a(lib_a-nano-mallocr.o)
                0x0000000000007286                _malloc_r
 .text.__ssputs_r
                0x0000000000007360       0xe4 c:/mounriver/mounriver_studio/toolchain/risc-v embedded gcc/bin/../lib/gcc/riscv-none-embed/8.2.0/../../../../riscv-none-embed/lib/rv32imacxw/ilp32\libg_nano.a(lib_a-nano-svfprintf.o)
                0x0000000000007360                __ssputs_r
 .text._svfprintf_r
                0x0000000000007444      0x26a c:/mounriver/mounriver_studio/toolchain/risc-v embedded gcc/bin/../lib/gcc/riscv-none-embed/8.2.0/../../../../riscv-none-embed/lib/rv32imacxw/ilp32\libg_nano.a(lib_a-nano-svfprintf.o)
                0x0000000000007444                _svfiprintf_r
                0x0000000000007444                _svfprintf_r
 .text.__sfputc_r
                0x00000000000076ae       0x28 c:/mounriver/mounriver_studio/toolchain/risc-v embedded gcc/bin/../lib/gcc/riscv-none-embed/8.2.0/../../../../riscv-none-embed/lib/rv32imacxw/ilp32\libg_nano.a(lib_a-nano-vfprintf.o)
 .text.__sfputs_r
                0x00000000000076d6       0x42 c:/mounriver/mounriver_studio/toolchain/risc-v embedded gcc/bin/../lib/gcc/riscv-none-embed/8.2.0/../../../../riscv-none-embed/lib/rv32imacxw/ilp32\libg_nano.a(lib_a-nano-vfprintf.o)
                0x00000000000076d6                __sfputs_r
 .text._vfprintf_r
                0x0000000000007718      0x28a c:/mounriver/mounriver_studio/toolchain/risc-v embedded gcc/bin/../lib/gcc/riscv-none-embed/8.2.0/../../../../riscv-none-embed/lib/rv32imacxw/ilp32\libg_nano.a(lib_a-nano-vfprintf.o)
                0x0000000000007718                _vfprintf_r
                0x0000000000007718                _vfiprintf_r
 .text._printf_common
                0x00000000000079a2      0x10c c:/mounriver/mounriver_studio/toolchain/risc-v embedded gcc/bin/../lib/gcc/riscv-none-embed/8.2.0/../../../../riscv-none-embed/lib/rv32imacxw/ilp32\libg_nano.a(lib_a-nano-vfprintf_i.o)
                0x00000000000079a2                _printf_common
 .text._printf_i
                0x0000000000007aae      0x2a2 c:/mounriver/mounriver_studio/toolchain/risc-v embedded gcc/bin/../lib/gcc/riscv-none-embed/8.2.0/../../../../riscv-none-embed/lib/rv32imacxw/ilp32\libg_nano.a(lib_a-nano-vfprintf_i.o)
                0x0000000000007aae                _printf_i
 .text._putc_r  0x0000000000007d50       0x84 c:/mounriver/mounriver_studio/toolchain/risc-v embedded gcc/bin/../lib/gcc/riscv-none-embed/8.2.0/../../../../riscv-none-embed/lib/rv32imacxw/ilp32\libg_nano.a(lib_a-putc.o)
                0x0000000000007d50                _putc_r
 .text._sbrk_r  0x0000000000007dd4       0x32 c:/mounriver/mounriver_studio/toolchain/risc-v embedded gcc/bin/../lib/gcc/riscv-none-embed/8.2.0/../../../../riscv-none-embed/lib/rv32imacxw/ilp32\libg_nano.a(lib_a-sbrkr.o)
                0x0000000000007dd4                _sbrk_r
 .text.__sread  0x0000000000007e06       0x2c c:/mounriver/mounriver_studio/toolchain/risc-v embedded gcc/bin/../lib/gcc/riscv-none-embed/8.2.0/../../../../riscv-none-embed/lib/rv32imacxw/ilp32\libg_nano.a(lib_a-stdio.o)
                0x0000000000007e06                __sread
 .text.__swrite
                0x0000000000007e32       0x48 c:/mounriver/mounriver_studio/toolchain/risc-v embedded gcc/bin/../lib/gcc/riscv-none-embed/8.2.0/../../../../riscv-none-embed/lib/rv32imacxw/ilp32\libg_nano.a(lib_a-stdio.o)
                0x0000000000007e32                __swrite
 .text.__sseek  0x0000000000007e7a       0x30 c:/mounriver/mounriver_studio/toolchain/risc-v embedded gcc/bin/../lib/gcc/riscv-none-embed/8.2.0/../../../../riscv-none-embed/lib/rv32imacxw/ilp32\libg_nano.a(lib_a-stdio.o)
                0x0000000000007e7a                __sseek
 .text.__sclose
                0x0000000000007eaa        0x6 c:/mounriver/mounriver_studio/toolchain/risc-v embedded gcc/bin/../lib/gcc/riscv-none-embed/8.2.0/../../../../riscv-none-embed/lib/rv32imacxw/ilp32\libg_nano.a(lib_a-stdio.o)
                0x0000000000007eaa                __sclose
 .text.strlen   0x0000000000007eb0       0x12 c:/mounriver/mounriver_studio/toolchain/risc-v embedded gcc/bin/../lib/gcc/riscv-none-embed/8.2.0/../../../../riscv-none-embed/lib/rv32imacxw/ilp32\libg_nano.a(lib_a-strlen.o)
                0x0000000000007eb0                strlen
 .text.strncmp  0x0000000000007ec2       0x28 c:/mounriver/mounriver_studio/toolchain/risc-v embedded gcc/bin/../lib/gcc/riscv-none-embed/8.2.0/../../../../riscv-none-embed/lib/rv32imacxw/ilp32\libg_nano.a(lib_a-strncmp.o)
                0x0000000000007ec2                strncmp
 .text.__ascii_wctomb
                0x0000000000007eea       0x1e c:/mounriver/mounriver_studio/toolchain/risc-v embedded gcc/bin/../lib/gcc/riscv-none-embed/8.2.0/../../../../riscv-none-embed/lib/rv32imacxw/ilp32\libg_nano.a(lib_a-wctomb_r.o)
                0x0000000000007eea                __ascii_wctomb
 .text._write_r
                0x0000000000007f08       0x36 c:/mounriver/mounriver_studio/toolchain/risc-v embedded gcc/bin/../lib/gcc/riscv-none-embed/8.2.0/../../../../riscv-none-embed/lib/rv32imacxw/ilp32\libg_nano.a(lib_a-writer.o)
                0x0000000000007f08                _write_r
 .text._close_r
                0x0000000000007f3e       0x32 c:/mounriver/mounriver_studio/toolchain/risc-v embedded gcc/bin/../lib/gcc/riscv-none-embed/8.2.0/../../../../riscv-none-embed/lib/rv32imacxw/ilp32\libg_nano.a(lib_a-closer.o)
                0x0000000000007f3e                _close_r
 .text._fstat_r
                0x0000000000007f70       0x34 c:/mounriver/mounriver_studio/toolchain/risc-v embedded gcc/bin/../lib/gcc/riscv-none-embed/8.2.0/../../../../riscv-none-embed/lib/rv32imacxw/ilp32\libg_nano.a(lib_a-fstatr.o)
                0x0000000000007f70                _fstat_r
 .text._isatty_r
                0x0000000000007fa4       0x32 c:/mounriver/mounriver_studio/toolchain/risc-v embedded gcc/bin/../lib/gcc/riscv-none-embed/8.2.0/../../../../riscv-none-embed/lib/rv32imacxw/ilp32\libg_nano.a(lib_a-isattyr.o)
                0x0000000000007fa4                _isatty_r
 .text._lseek_r
                0x0000000000007fd6       0x36 c:/mounriver/mounriver_studio/toolchain/risc-v embedded gcc/bin/../lib/gcc/riscv-none-embed/8.2.0/../../../../riscv-none-embed/lib/rv32imacxw/ilp32\libg_nano.a(lib_a-lseekr.o)
                0x0000000000007fd6                _lseek_r
 .text.malloc   0x000000000000800c        0xc c:/mounriver/mounriver_studio/toolchain/risc-v embedded gcc/bin/../lib/gcc/riscv-none-embed/8.2.0/../../../../riscv-none-embed/lib/rv32imacxw/ilp32\libg_nano.a(lib_a-malloc.o)
                0x000000000000800c                malloc
 .text.memchr   0x0000000000008018       0x18 c:/mounriver/mounriver_studio/toolchain/risc-v embedded gcc/bin/../lib/gcc/riscv-none-embed/8.2.0/../../../../riscv-none-embed/lib/rv32imacxw/ilp32\libg_nano.a(lib_a-memchr.o)
                0x0000000000008018                memchr
 .text.memmove  0x0000000000008030       0x46 c:/mounriver/mounriver_studio/toolchain/risc-v embedded gcc/bin/../lib/gcc/riscv-none-embed/8.2.0/../../../../riscv-none-embed/lib/rv32imacxw/ilp32\libg_nano.a(lib_a-memmove.o)
                0x0000000000008030                memmove
 .text.__malloc_lock
                0x0000000000008076        0x2 c:/mounriver/mounriver_studio/toolchain/risc-v embedded gcc/bin/../lib/gcc/riscv-none-embed/8.2.0/../../../../riscv-none-embed/lib/rv32imacxw/ilp32\libg_nano.a(lib_a-mlock.o)
                0x0000000000008076                __malloc_lock
 .text.__malloc_unlock
                0x0000000000008078        0x2 c:/mounriver/mounriver_studio/toolchain/risc-v embedded gcc/bin/../lib/gcc/riscv-none-embed/8.2.0/../../../../riscv-none-embed/lib/rv32imacxw/ilp32\libg_nano.a(lib_a-mlock.o)
                0x0000000000008078                __malloc_unlock
 .text._realloc_r
                0x000000000000807a       0x58 c:/mounriver/mounriver_studio/toolchain/risc-v embedded gcc/bin/../lib/gcc/riscv-none-embed/8.2.0/../../../../riscv-none-embed/lib/rv32imacxw/ilp32\libg_nano.a(lib_a-nano-reallocr.o)
                0x000000000000807a                _realloc_r
 .text._read_r  0x00000000000080d2       0x36 c:/mounriver/mounriver_studio/toolchain/risc-v embedded gcc/bin/../lib/gcc/riscv-none-embed/8.2.0/../../../../riscv-none-embed/lib/rv32imacxw/ilp32\libg_nano.a(lib_a-readr.o)
                0x00000000000080d2                _read_r
 .text._malloc_usable_size_r
                0x0000000000008108       0x14 c:/mounriver/mounriver_studio/toolchain/risc-v embedded gcc/bin/../lib/gcc/riscv-none-embed/8.2.0/../../../../riscv-none-embed/lib/rv32imacxw/ilp32\libg_nano.a(lib_a-nano-msizer.o)
                0x0000000000008108                _malloc_usable_size_r
 .text.__adddf3
                0x000000000000811c      0x730 c:/mounriver/mounriver_studio/toolchain/risc-v embedded gcc/bin/../lib/gcc/riscv-none-embed/8.2.0/rv32imacxw/ilp32\libgcc.a(adddf3.o)
                0x000000000000811c                __adddf3
 .text.__divdf3
                0x000000000000884c      0x5b4 c:/mounriver/mounriver_studio/toolchain/risc-v embedded gcc/bin/../lib/gcc/riscv-none-embed/8.2.0/rv32imacxw/ilp32\libgcc.a(divdf3.o)
                0x000000000000884c                __divdf3
 .text.__eqdf2  0x0000000000008e00       0x6a c:/mounriver/mounriver_studio/toolchain/risc-v embedded gcc/bin/../lib/gcc/riscv-none-embed/8.2.0/rv32imacxw/ilp32\libgcc.a(eqdf2.o)
                0x0000000000008e00                __nedf2
                0x0000000000008e00                __eqdf2
 .text.__gedf2  0x0000000000008e6a       0xae c:/mounriver/mounriver_studio/toolchain/risc-v embedded gcc/bin/../lib/gcc/riscv-none-embed/8.2.0/rv32imacxw/ilp32\libgcc.a(gedf2.o)
                0x0000000000008e6a                __gedf2
                0x0000000000008e6a                __gtdf2
 .text.__ledf2  0x0000000000008f18       0xb6 c:/mounriver/mounriver_studio/toolchain/risc-v embedded gcc/bin/../lib/gcc/riscv-none-embed/8.2.0/rv32imacxw/ilp32\libgcc.a(ledf2.o)
                0x0000000000008f18                __ledf2
                0x0000000000008f18                __ltdf2
 .text.__muldf3
                0x0000000000008fce      0x4b8 c:/mounriver/mounriver_studio/toolchain/risc-v embedded gcc/bin/../lib/gcc/riscv-none-embed/8.2.0/rv32imacxw/ilp32\libgcc.a(muldf3.o)
                0x0000000000008fce                __muldf3
 .text.__subdf3
                0x0000000000009486      0x73e c:/mounriver/mounriver_studio/toolchain/risc-v embedded gcc/bin/../lib/gcc/riscv-none-embed/8.2.0/rv32imacxw/ilp32\libgcc.a(subdf3.o)
                0x0000000000009486                __subdf3
 .text.__fixdfsi
                0x0000000000009bc4       0x68 c:/mounriver/mounriver_studio/toolchain/risc-v embedded gcc/bin/../lib/gcc/riscv-none-embed/8.2.0/rv32imacxw/ilp32\libgcc.a(fixdfsi.o)
                0x0000000000009bc4                __fixdfsi
 .text.__fixunsdfsi
                0x0000000000009c2c       0x5c c:/mounriver/mounriver_studio/toolchain/risc-v embedded gcc/bin/../lib/gcc/riscv-none-embed/8.2.0/rv32imacxw/ilp32\libgcc.a(fixunsdfsi.o)
                0x0000000000009c2c                __fixunsdfsi
 .text.__floatsidf
                0x0000000000009c88       0x72 c:/mounriver/mounriver_studio/toolchain/risc-v embedded gcc/bin/../lib/gcc/riscv-none-embed/8.2.0/rv32imacxw/ilp32\libgcc.a(floatsidf.o)
                0x0000000000009c88                __floatsidf
 .text.__floatunsidf
                0x0000000000009cfa       0x68 c:/mounriver/mounriver_studio/toolchain/risc-v embedded gcc/bin/../lib/gcc/riscv-none-embed/8.2.0/rv32imacxw/ilp32\libgcc.a(floatunsidf.o)
                0x0000000000009cfa                __floatunsidf
 .text._close   0x0000000000009d62       0x10 c:/mounriver/mounriver_studio/toolchain/risc-v embedded gcc/bin/../lib/gcc/riscv-none-embed/8.2.0/../../../../riscv-none-embed/lib/rv32imacxw/ilp32\libnosys.a(close.o)
                0x0000000000009d62                _close
 .text._fstat   0x0000000000009d72       0x10 c:/mounriver/mounriver_studio/toolchain/risc-v embedded gcc/bin/../lib/gcc/riscv-none-embed/8.2.0/../../../../riscv-none-embed/lib/rv32imacxw/ilp32\libnosys.a(fstat.o)
                0x0000000000009d72                _fstat
 .text._isatty  0x0000000000009d82       0x10 c:/mounriver/mounriver_studio/toolchain/risc-v embedded gcc/bin/../lib/gcc/riscv-none-embed/8.2.0/../../../../riscv-none-embed/lib/rv32imacxw/ilp32\libnosys.a(isatty.o)
                0x0000000000009d82                _isatty
 .text._lseek   0x0000000000009d92       0x10 c:/mounriver/mounriver_studio/toolchain/risc-v embedded gcc/bin/../lib/gcc/riscv-none-embed/8.2.0/../../../../riscv-none-embed/lib/rv32imacxw/ilp32\libnosys.a(lseek.o)
                0x0000000000009d92                _lseek
 .text._read    0x0000000000009da2       0x10 c:/mounriver/mounriver_studio/toolchain/risc-v embedded gcc/bin/../lib/gcc/riscv-none-embed/8.2.0/../../../../riscv-none-embed/lib/rv32imacxw/ilp32\libnosys.a(read.o)
                0x0000000000009da2                _read
 *(.rodata)
 *(.rodata*)
 *fill*         0x0000000000009db2        0x2 
 .rodata.ADS1234_AutoZero.str1.4
                0x0000000000009db4      0x2a1 ./User/ADS1234.o
                                        0x2a5 (size before relaxing)
 *fill*         0x000000000000a055        0x3 
 .rodata.ADS1234_GPIO_Config.str1.4
                0x000000000000a058       0x43 ./User/ADS1234.o
 *fill*         0x000000000000a09b        0x1 
 .rodata.ADS1234_Init.str1.4
                0x000000000000a09c       0x2a ./User/ADS1234.o
 *fill*         0x000000000000a0c6        0x2 
 .rodata.ADS1234_ReadData.str1.4
                0x000000000000a0c8      0x108 ./User/ADS1234.o
 .rodata.ADS1234_SetChannel.str1.4
                0x000000000000a1d0       0x80 ./User/ADS1234.o
 .rodata.ADS1234_ToWeight.cst4
                0x000000000000a250       0x14 ./User/ADS1234.o
 .rodata.ADS1234_ToWeight.str1.4
                0x000000000000a264       0xb4 ./User/ADS1234.o
 .rodata.UART4_Init.str1.4
                0x000000000000a318       0x40 ./User/Uart.o
 .rodata.CSWTCH.103
                0x000000000000a358       0x10 ./User/main.o
 .rodata.CompensateCrosstalkSimple.cst4
                0x000000000000a368        0x8 ./User/main.o
 .rodata.DisplayUserInfo.str1.4
                0x000000000000a370       0x8e ./User/main.o
                                         0xb5 (size before relaxing)
 *fill*         0x000000000000a3fe        0x2 
 .rodata.InitNewCard.str1.4
                0x000000000000a400      0x124 ./User/main.o
 .rodata.Initialize_Data_Structures.str1.4
                0x000000000000a524      0x124 ./User/main.o
                                          0x1 (size before relaxing)
 .rodata.Merge_Data.cst4
                0x000000000000a524        0x4 ./User/main.o
 .rodata.Merge_Data.str1.4
                0x000000000000a528       0x90 ./User/main.o
 .rodata.Parse_K230_JSON.str1.4
                0x000000000000a5b8       0x8d ./User/main.o
 *fill*         0x000000000000a645        0x3 
 .rodata.Print_Main_Header.str1.4
                0x000000000000a648      0x1c3 ./User/main.o
                                        0x207 (size before relaxing)
 *fill*         0x000000000000a80b        0x1 
 .rodata.Print_Merged_Data.str1.4
                0x000000000000a80c      0x219 ./User/main.o
                                        0x21d (size before relaxing)
 *fill*         0x000000000000aa25        0x3 
 .rodata.Process_K230_Data.str1.4
                0x000000000000aa28       0xf0 ./User/main.o
 .rodata.RFID_Payment_Process.str1.4
                0x000000000000ab18      0x4e6 ./User/main.o
                                        0x4ea (size before relaxing)
 *fill*         0x000000000000affe        0x2 
 .rodata.ReadUserInfoFromCard.str1.4
                0x000000000000b000       0x80 ./User/main.o
 .rodata.Send_Merged_Data_To_PC.cst4
                0x000000000000b080        0x4 ./User/main.o
                                          0x8 (size before relaxing)
 .rodata.Send_Merged_Data_To_PC.str1.4
                0x000000000000b084       0x77 ./User/main.o
                                         0x7b (size before relaxing)
 *fill*         0x000000000000b0fb        0x1 
 .rodata.Send_Merged_Data_To_Screen.str1.4
                0x000000000000b0fc      0x11e ./User/main.o
                                        0x122 (size before relaxing)
 *fill*         0x000000000000b21a        0x2 
 .rodata.UART3_Init_For_K230.str1.4
                0x000000000000b21c       0x49 ./User/main.o
 *fill*         0x000000000000b265        0x3 
 .rodata.WriteBalance.str1.4
                0x000000000000b268       0x3e ./User/main.o
 *fill*         0x000000000000b2a6        0x2 
 .rodata.find_json_value.str1.4
                0x000000000000b2a8        0x5 ./User/main.o
 *fill*         0x000000000000b2ad        0x3 
 .rodata.g_item_map
                0x000000000000b2b0       0x50 ./User/main.o
                0x000000000000b2b0                g_item_map
 .rodata.is_unit_priced_item.str1.4
                0x000000000000b300       0x24 ./User/main.o
 .rodata.main.cst4
                0x000000000000b324       0x10 ./User/main.o
 .rodata.main.str1.4
                0x000000000000b334      0x567 ./User/main.o
 *fill*         0x000000000000b89b        0x1 
 .rodata.str1.4
                0x000000000000b89c       0xa7 ./User/main.o
                                         0xaf (size before relaxing)
 *fill*         0x000000000000b943        0x1 
 .rodata.__mulsf3
                0x000000000000b944       0x40 c:/mounriver/mounriver_studio/toolchain/risc-v embedded gcc/bin/../lib/gcc/riscv-none-embed/8.2.0/rv32imacxw/ilp32\libgcc.a(mulsf3.o)
 .rodata.__clz_tab
                0x000000000000b984      0x100 c:/mounriver/mounriver_studio/toolchain/risc-v embedded gcc/bin/../lib/gcc/riscv-none-embed/8.2.0/rv32imacxw/ilp32\libgcc.a(_clz.o)
                0x000000000000b984                __clz_tab
 .rodata._strtod_l
                0x000000000000ba84       0x14 c:/mounriver/mounriver_studio/toolchain/risc-v embedded gcc/bin/../lib/gcc/riscv-none-embed/8.2.0/../../../../riscv-none-embed/lib/rv32imacxw/ilp32\libg_nano.a(lib_a-strtod.o)
 *fill*         0x000000000000ba98        0x0 
 .rodata._strtod_l.cst8
                0x000000000000ba98       0x38 c:/mounriver/mounriver_studio/toolchain/risc-v embedded gcc/bin/../lib/gcc/riscv-none-embed/8.2.0/../../../../riscv-none-embed/lib/rv32imacxw/ilp32\libg_nano.a(lib_a-strtod.o)
 .rodata._strtod_l.str1.4
                0x000000000000bad0        0xf c:/mounriver/mounriver_studio/toolchain/risc-v embedded gcc/bin/../lib/gcc/riscv-none-embed/8.2.0/../../../../riscv-none-embed/lib/rv32imacxw/ilp32\libg_nano.a(lib_a-strtod.o)
 *fill*         0x000000000000badf        0x1 
 .rodata.fpi.3395
                0x000000000000bae0       0x14 c:/mounriver/mounriver_studio/toolchain/risc-v embedded gcc/bin/../lib/gcc/riscv-none-embed/8.2.0/../../../../riscv-none-embed/lib/rv32imacxw/ilp32\libg_nano.a(lib_a-strtod.o)
 .rodata.fpinan.3431
                0x000000000000baf4       0x14 c:/mounriver/mounriver_studio/toolchain/risc-v embedded gcc/bin/../lib/gcc/riscv-none-embed/8.2.0/../../../../riscv-none-embed/lib/rv32imacxw/ilp32\libg_nano.a(lib_a-strtod.o)
 .rodata.tinytens
                0x000000000000bb08       0x28 c:/mounriver/mounriver_studio/toolchain/risc-v embedded gcc/bin/../lib/gcc/riscv-none-embed/8.2.0/../../../../riscv-none-embed/lib/rv32imacxw/ilp32\libg_nano.a(lib_a-strtod.o)
 .rodata.__sf_fake_stderr
                0x000000000000bb30       0x20 c:/mounriver/mounriver_studio/toolchain/risc-v embedded gcc/bin/../lib/gcc/riscv-none-embed/8.2.0/../../../../riscv-none-embed/lib/rv32imacxw/ilp32\libg_nano.a(lib_a-findfp.o)
                0x000000000000bb30                __sf_fake_stderr
 .rodata.__sf_fake_stdin
                0x000000000000bb50       0x20 c:/mounriver/mounriver_studio/toolchain/risc-v embedded gcc/bin/../lib/gcc/riscv-none-embed/8.2.0/../../../../riscv-none-embed/lib/rv32imacxw/ilp32\libg_nano.a(lib_a-findfp.o)
                0x000000000000bb50                __sf_fake_stdin
 .rodata.__sf_fake_stdout
                0x000000000000bb70       0x20 c:/mounriver/mounriver_studio/toolchain/risc-v embedded gcc/bin/../lib/gcc/riscv-none-embed/8.2.0/../../../../riscv-none-embed/lib/rv32imacxw/ilp32\libg_nano.a(lib_a-findfp.o)
                0x000000000000bb70                __sf_fake_stdout
 .rodata._setlocale_r.str1.4
                0x000000000000bb90        0xa c:/mounriver/mounriver_studio/toolchain/risc-v embedded gcc/bin/../lib/gcc/riscv-none-embed/8.2.0/../../../../riscv-none-embed/lib/rv32imacxw/ilp32\libg_nano.a(lib_a-locale.o)
                                          0xd (size before relaxing)
 *fill*         0x000000000000bb9a        0x2 
 .rodata.str1.4
                0x000000000000bb9c        0x2 c:/mounriver/mounriver_studio/toolchain/risc-v embedded gcc/bin/../lib/gcc/riscv-none-embed/8.2.0/../../../../riscv-none-embed/lib/rv32imacxw/ilp32\libg_nano.a(lib_a-locale.o)
 *fill*         0x000000000000bb9e        0x2 
 .rodata.__mprec_bigtens
                0x000000000000bba0       0x28 c:/mounriver/mounriver_studio/toolchain/risc-v embedded gcc/bin/../lib/gcc/riscv-none-embed/8.2.0/../../../../riscv-none-embed/lib/rv32imacxw/ilp32\libg_nano.a(lib_a-mprec.o)
                0x000000000000bba0                __mprec_bigtens
 .rodata.__mprec_tens
                0x000000000000bbc8       0xc8 c:/mounriver/mounriver_studio/toolchain/risc-v embedded gcc/bin/../lib/gcc/riscv-none-embed/8.2.0/../../../../riscv-none-embed/lib/rv32imacxw/ilp32\libg_nano.a(lib_a-mprec.o)
                0x000000000000bbc8                __mprec_tens
 .rodata.p05.3319
                0x000000000000bc90        0xc c:/mounriver/mounriver_studio/toolchain/risc-v embedded gcc/bin/../lib/gcc/riscv-none-embed/8.2.0/../../../../riscv-none-embed/lib/rv32imacxw/ilp32\libg_nano.a(lib_a-mprec.o)
 .rodata._svfprintf_r.str1.4
                0x000000000000bc9c       0x13 c:/mounriver/mounriver_studio/toolchain/risc-v embedded gcc/bin/../lib/gcc/riscv-none-embed/8.2.0/../../../../riscv-none-embed/lib/rv32imacxw/ilp32\libg_nano.a(lib_a-nano-svfprintf.o)
 .rodata._vfprintf_r.str1.4
                0x000000000000bcaf       0x13 c:/mounriver/mounriver_studio/toolchain/risc-v embedded gcc/bin/../lib/gcc/riscv-none-embed/8.2.0/../../../../riscv-none-embed/lib/rv32imacxw/ilp32\libg_nano.a(lib_a-nano-vfprintf.o)
 *fill*         0x000000000000bcaf        0x1 
 .rodata._printf_i.str1.4
                0x000000000000bcb0       0x28 c:/mounriver/mounriver_studio/toolchain/risc-v embedded gcc/bin/../lib/gcc/riscv-none-embed/8.2.0/../../../../riscv-none-embed/lib/rv32imacxw/ilp32\libg_nano.a(lib_a-nano-vfprintf_i.o)
                                         0x25 (size before relaxing)
 .rodata._ctype_
                0x000000000000bcd8      0x101 c:/mounriver/mounriver_studio/toolchain/risc-v embedded gcc/bin/../lib/gcc/riscv-none-embed/8.2.0/../../../../riscv-none-embed/lib/rv32imacxw/ilp32\libg_nano.a(lib_a-ctype_.o)
                0x000000000000bcd8                _ctype_
 *fill*         0x000000000000bdd9        0x3 
 .rodata.__divdf3
                0x000000000000bddc       0x40 c:/mounriver/mounriver_studio/toolchain/risc-v embedded gcc/bin/../lib/gcc/riscv-none-embed/8.2.0/rv32imacxw/ilp32\libgcc.a(divdf3.o)
 .rodata.__muldf3
                0x000000000000be1c       0x40 c:/mounriver/mounriver_studio/toolchain/risc-v embedded gcc/bin/../lib/gcc/riscv-none-embed/8.2.0/rv32imacxw/ilp32\libgcc.a(muldf3.o)
 *(.gnu.linkonce.t.*)
                0x000000000000be5c                . = ALIGN (0x4)

.rela.dyn       0x000000000000be5c        0x0
 .rela.init     0x000000000000be5c        0x0 ./User/ADS1234.o
 .rela.vector   0x000000000000be5c        0x0 ./User/ADS1234.o
 .rela.text.handle_reset
                0x000000000000be5c        0x0 ./User/ADS1234.o
 .rela.text._sbrk
                0x000000000000be5c        0x0 ./User/ADS1234.o
 .rela.sdata.curbrk.5273
                0x000000000000be5c        0x0 ./User/ADS1234.o
 .rela.text._svfprintf_r
                0x000000000000be5c        0x0 ./User/ADS1234.o
 .rela.text._vfprintf_r
                0x000000000000be5c        0x0 ./User/ADS1234.o
 .rela.text._sbrk_r
                0x000000000000be5c        0x0 ./User/ADS1234.o
 .rela.text._write_r
                0x000000000000be5c        0x0 ./User/ADS1234.o
 .rela.text._close_r
                0x000000000000be5c        0x0 ./User/ADS1234.o
 .rela.text._fstat_r
                0x000000000000be5c        0x0 ./User/ADS1234.o
 .rela.text._isatty_r
                0x000000000000be5c        0x0 ./User/ADS1234.o
 .rela.text._lseek_r
                0x000000000000be5c        0x0 ./User/ADS1234.o
 .rela.text._read_r
                0x000000000000be5c        0x0 ./User/ADS1234.o
 .rela.text._close
                0x000000000000be5c        0x0 ./User/ADS1234.o
 .rela.text._fstat
                0x000000000000be5c        0x0 ./User/ADS1234.o
 .rela.text._isatty
                0x000000000000be5c        0x0 ./User/ADS1234.o
 .rela.text._lseek
                0x000000000000be5c        0x0 ./User/ADS1234.o
 .rela.text._read
                0x000000000000be5c        0x0 ./User/ADS1234.o

.fini           0x000000000000be5c        0x0
 *(SORT_NONE(.fini))
                0x000000000000be5c                . = ALIGN (0x4)
                [!provide]                        PROVIDE (_etext = .)
                [!provide]                        PROVIDE (_eitcm = .)

.preinit_array  0x000000000000be5c        0x0
                [!provide]                        PROVIDE (__preinit_array_start = .)
 *(.preinit_array)
                [!provide]                        PROVIDE (__preinit_array_end = .)

.init_array     0x000000000000be5c        0x0
                [!provide]                        PROVIDE (__init_array_start = .)
 *(SORT_BY_INIT_PRIORITY(.init_array.*) SORT_BY_INIT_PRIORITY(.ctors.*))
 *(.init_array EXCLUDE_FILE(*crtend?.o *crtend.o *crtbegin?.o *crtbegin.o) .ctors)
                [!provide]                        PROVIDE (__init_array_end = .)

.fini_array     0x000000000000be5c        0x0
                [!provide]                        PROVIDE (__fini_array_start = .)
 *(SORT_BY_INIT_PRIORITY(.fini_array.*) SORT_BY_INIT_PRIORITY(.dtors.*))
 *(.fini_array EXCLUDE_FILE(*crtend?.o *crtend.o *crtbegin?.o *crtbegin.o) .dtors)
                [!provide]                        PROVIDE (__fini_array_end = .)

.ctors
 *crtbegin.o(.ctors)
 *crtbegin?.o(.ctors)
 *(EXCLUDE_FILE(*crtend?.o *crtend.o) .ctors)
 *(SORT_BY_NAME(.ctors.*))
 *(.ctors)

.dtors
 *crtbegin.o(.dtors)
 *crtbegin?.o(.dtors)
 *(EXCLUDE_FILE(*crtend?.o *crtend.o) .dtors)
 *(SORT_BY_NAME(.dtors.*))
 *(.dtors)

.dalign         0x0000000020000000        0x0 load address 0x000000000000be5c
                0x0000000020000000                . = ALIGN (0x4)
                0x0000000020000000                PROVIDE (_data_vma = .)

.dlalign        0x000000000000be5c        0x0
                0x000000000000be5c                . = ALIGN (0x4)
                0x000000000000be5c                PROVIDE (_data_lma = .)

.data           0x0000000020000000      0x210 load address 0x000000000000be5c
 *(.gnu.linkonce.r.*)
 *(.data .data.*)
 .data.AHBPrescTable
                0x0000000020000000       0x10 ./User/system_ch32v30x.o
                0x0000000020000000                AHBPrescTable
 .data.APBAHBPrescTable
                0x0000000020000010       0x10 ./Peripheral/src/ch32v30x_rcc.o
 .data.impure_data
                0x0000000020000020       0x60 c:/mounriver/mounriver_studio/toolchain/risc-v embedded gcc/bin/../lib/gcc/riscv-none-embed/8.2.0/../../../../riscv-none-embed/lib/rv32imacxw/ilp32\libg_nano.a(lib_a-impure.o)
 .data.__global_locale
                0x0000000020000080      0x16c c:/mounriver/mounriver_studio/toolchain/risc-v embedded gcc/bin/../lib/gcc/riscv-none-embed/8.2.0/../../../../riscv-none-embed/lib/rv32imacxw/ilp32\libg_nano.a(lib_a-locale.o)
                0x0000000020000080                __global_locale
 *(.gnu.linkonce.d.*)
                0x00000000200001f0                . = ALIGN (0x8)
 *fill*         0x00000000200001ec        0x4 
                0x00000000200009f0                PROVIDE (__global_pointer$ = (. + 0x800))
 *(.sdata .sdata.*)
 .sdata.Default_Key
                0x00000000200001f0        0x6 ./User/main.o
                0x00000000200001f0                Default_Key
 .sdata.Uart_Flag
                0x00000000200001f6        0x1 ./User/main.o
                0x00000000200001f6                Uart_Flag
 .sdata.first_send.6229
                0x00000000200001f7        0x1 ./User/main.o
 .sdata.recharge_amount
                0x00000000200001f8        0x4 ./User/main.o
                0x00000000200001f8                recharge_amount
 .sdata.SystemCoreClock
                0x00000000200001fc        0x4 ./User/system_ch32v30x.o
                0x00000000200001fc                SystemCoreClock
 .sdata.ADCPrescTable
                0x0000000020000200        0x4 ./Peripheral/src/ch32v30x_rcc.o
 .sdata.curbrk.5273
                0x0000000020000204        0x4 ./Debug/debug.o
 .sdata._impure_ptr
                0x0000000020000208        0x4 c:/mounriver/mounriver_studio/toolchain/risc-v embedded gcc/bin/../lib/gcc/riscv-none-embed/8.2.0/../../../../riscv-none-embed/lib/rv32imacxw/ilp32\libg_nano.a(lib_a-impure.o)
                0x0000000020000208                _impure_ptr
 *(.sdata2.*)
 .sdata2._global_impure_ptr
                0x000000002000020c        0x4 c:/mounriver/mounriver_studio/toolchain/risc-v embedded gcc/bin/../lib/gcc/riscv-none-embed/8.2.0/../../../../riscv-none-embed/lib/rv32imacxw/ilp32\libg_nano.a(lib_a-impure.o)
                0x000000002000020c                _global_impure_ptr
 *(.gnu.linkonce.s.*)
                0x0000000020000210                . = ALIGN (0x8)
 *(.srodata.cst16)
 *(.srodata.cst8)
 *(.srodata.cst4)
 *(.srodata.cst2)
 *(.srodata .srodata.*)
                0x0000000020000210                . = ALIGN (0x4)
                0x0000000020000210                PROVIDE (_edata = .)

.bss            0x0000000020000210     0x1050 load address 0x000000000000c06c
                0x0000000020000210                . = ALIGN (0x4)
                0x0000000020000210                PROVIDE (_sbss = .)
 *(.sbss*)
 .sbss.channel_received.5354
                0x0000000020000210        0x4 ./User/ADS1234.o
 .sbss.g_is_calibrated
                0x0000000020000214        0x4 ./User/ADS1234.o
 .sbss.g_sys_tick
                0x0000000020000218        0x4 ./User/System.o
                0x0000000020000218                g_sys_tick
 .sbss.UART5_RxFlag
                0x000000002000021c        0x1 ./User/Uart1.o
                0x000000002000021c                UART5_RxFlag
 *fill*         0x000000002000021d        0x1 
 .sbss.UART5_RxLen
                0x000000002000021e        0x2 ./User/Uart1.o
                0x000000002000021e                UART5_RxLen
 .sbss.uart5_bytes
                0x0000000020000220        0x2 ./User/Uart1.o
                0x0000000020000220                uart5_bytes
 *fill*         0x0000000020000222        0x2 
 .sbss.uart5_last_byte
                0x0000000020000224        0x4 ./User/Uart1.o
                0x0000000020000224                uart5_last_byte
 .sbss.Timer_2s
                0x0000000020000228        0x4 ./User/main.o
                0x0000000020000228                Timer_2s
 .sbss.admin_processing.6386
                0x000000002000022c        0x4 ./User/main.o
 .sbss.admin_uid
                0x0000000020000230        0x4 ./User/main.o
                0x0000000020000230                admin_uid
 .sbss.fail_page_start
                0x0000000020000234        0x4 ./User/main.o
                0x0000000020000234                fail_page_start
 .sbss.g_items_updated
                0x0000000020000238        0x1 ./User/main.o
                0x0000000020000238                g_items_updated
 *fill*         0x0000000020000239        0x3 
 .sbss.g_k230_last_time
                0x000000002000023c        0x4 ./User/main.o
                0x000000002000023c                g_k230_last_time
 .sbss.g_price_count
                0x0000000020000240        0x1 ./User/main.o
                0x0000000020000240                g_price_count
 *fill*         0x0000000020000241        0x3 
 .sbss.g_tick   0x0000000020000244        0x4 ./User/main.o
                0x0000000020000244                g_tick
 .sbss.g_weights_updated
                0x0000000020000248        0x1 ./User/main.o
                0x0000000020000248                g_weights_updated
 .sbss.in_json_frame
                0x0000000020000249        0x1 ./User/main.o
                0x0000000020000249                in_json_frame
 *fill*         0x000000002000024a        0x2 
 .sbss.init_attempt.6384
                0x000000002000024c        0x4 ./User/main.o
 .sbss.last_uart4_test.6372
                0x0000000020000250        0x4 ./User/main.o
 .sbss.last_uid.6385
                0x0000000020000254        0x4 ./User/main.o
 .sbss.rfid_busy
                0x0000000020000258        0x1 ./User/main.o
                0x0000000020000258                rfid_busy
 *fill*         0x0000000020000259        0x3 
 .sbss.rfid_div.6371
                0x000000002000025c        0x4 ./User/main.o
 .sbss.show_fail_page
                0x0000000020000260        0x1 ./User/main.o
                0x0000000020000260                show_fail_page
 .sbss.show_success_page
                0x0000000020000261        0x1 ./User/main.o
                0x0000000020000261                show_success_page
 *fill*         0x0000000020000262        0x2 
 .sbss.success_page_start
                0x0000000020000264        0x4 ./User/main.o
                0x0000000020000264                success_page_start
 .sbss.system_mode
                0x0000000020000268        0x4 ./User/main.o
                0x0000000020000268                system_mode
 .sbss.timeout_cnt.6388
                0x000000002000026c        0x4 ./User/main.o
 .sbss.uart3_rx_complete
                0x0000000020000270        0x1 ./User/main.o
                0x0000000020000270                uart3_rx_complete
 *fill*         0x0000000020000271        0x1 
 .sbss.uart3_rx_index
                0x0000000020000272        0x2 ./User/main.o
                0x0000000020000272                uart3_rx_index
 .sbss.NVIC_Priority_Group
                0x0000000020000274        0x4 ./Peripheral/src/ch32v30x_misc.o
                0x0000000020000274                NVIC_Priority_Group
 .sbss.p_ms     0x0000000020000278        0x2 ./Debug/debug.o
 .sbss.p_us     0x000000002000027a        0x1 ./Debug/debug.o
 *fill*         0x000000002000027b        0x1 
 .sbss.__malloc_free_list
                0x000000002000027c        0x4 c:/mounriver/mounriver_studio/toolchain/risc-v embedded gcc/bin/../lib/gcc/riscv-none-embed/8.2.0/../../../../riscv-none-embed/lib/rv32imacxw/ilp32\libg_nano.a(lib_a-nano-mallocr.o)
                0x000000002000027c                __malloc_free_list
 .sbss.__malloc_sbrk_start
                0x0000000020000280        0x4 c:/mounriver/mounriver_studio/toolchain/risc-v embedded gcc/bin/../lib/gcc/riscv-none-embed/8.2.0/../../../../riscv-none-embed/lib/rv32imacxw/ilp32\libg_nano.a(lib_a-nano-mallocr.o)
                0x0000000020000280                __malloc_sbrk_start
 *(.gnu.linkonce.sb.*)
 *(.bss*)
 .bss.adc_data.5351
                0x0000000020000284       0x10 ./User/ADS1234.o
 .bss.diff_data.5353
                0x0000000020000294       0x10 ./User/ADS1234.o
 .bss.g_scale_factor
                0x00000000200002a4       0x10 ./User/ADS1234.o
                0x00000000200002a4                g_scale_factor
 .bss.g_zero_adc
                0x00000000200002b4       0x10 ./User/ADS1234.o
 .bss.prev_weight.5355
                0x00000000200002c4       0x10 ./User/ADS1234.o
 .bss.weight_data.5350
                0x00000000200002d4       0x10 ./User/ADS1234.o
 .bss.zero_data.5352
                0x00000000200002e4       0x10 ./User/ADS1234.o
 .bss.UART5_RxBuf
                0x00000000200002f4      0x200 ./User/Uart1.o
                0x00000000200002f4                UART5_RxBuf
 .bss.g_items   0x00000000200004f4      0x140 ./User/main.o
                0x00000000200004f4                g_items
 .bss.g_merged_data
                0x0000000020000634      0x150 ./User/main.o
                0x0000000020000634                g_merged_data
 .bss.g_price_table
                0x0000000020000784      0x2a8 ./User/main.o
                0x0000000020000784                g_price_table
 .bss.g_weights
                0x0000000020000a2c       0x30 ./User/main.o
                0x0000000020000a2c                g_weights
 .bss.uart3_rx_buffer
                0x0000000020000a5c      0x800 ./User/main.o
                0x0000000020000a5c                uart3_rx_buffer
 *(.gnu.linkonce.b.*)
 *(COMMON*)
 COMMON         0x000000002000125c        0x4 c:/mounriver/mounriver_studio/toolchain/risc-v embedded gcc/bin/../lib/gcc/riscv-none-embed/8.2.0/../../../../riscv-none-embed/lib/rv32imacxw/ilp32\libg_nano.a(lib_a-reent.o)
                0x000000002000125c                errno
                0x0000000020001260                . = ALIGN (0x4)
                0x0000000020001260                PROVIDE (_ebss = .)
                0x0000000020001260                PROVIDE (_end = _ebss)
                [!provide]                        PROVIDE (end = .)

.stack          0x0000000020007800      0x800
                0x0000000020007800                PROVIDE (_heap_end = .)
                0x0000000020007800                . = ALIGN (0x4)
                [!provide]                        PROVIDE (_susrstack = .)
                0x0000000020008000                . = (. + __stack_size)
 *fill*         0x0000000020007800      0x800 
                0x0000000020008000                PROVIDE (_eusrstack = .)
OUTPUT(11.elf elf32-littleriscv)

.debug_info     0x0000000000000000    0x17db7
 .debug_info    0x0000000000000000     0x1c42 ./User/ADS1234.o
 .debug_info    0x0000000000001c42     0x2152 ./User/Card.o
 .debug_info    0x0000000000003d94      0xcd9 ./User/System.o
 .debug_info    0x0000000000004a6d     0x1003 ./User/Timer.o
 .debug_info    0x0000000000005a70      0xf02 ./User/Uart.o
 .debug_info    0x0000000000006972     0x1871 ./User/Uart1.o
 .debug_info    0x00000000000081e3      0xbc0 ./User/ch32v30x_it.o
 .debug_info    0x0000000000008da3     0x4cde ./User/main.o
 .debug_info    0x000000000000da81      0xb4d ./User/system_ch32v30x.o
 .debug_info    0x000000000000e5ce       0x22 ./Startup/startup_ch32v30x_D8C.o
 .debug_info    0x000000000000e5f0     0x12aa ./Peripheral/src/ch32v30x_gpio.o
 .debug_info    0x000000000000f89a      0xf5b ./Peripheral/src/ch32v30x_misc.o
 .debug_info    0x00000000000107f5     0x158a ./Peripheral/src/ch32v30x_rcc.o
 .debug_info    0x0000000000011d7f     0x12cd ./Peripheral/src/ch32v30x_spi.o
 .debug_info    0x000000000001304c     0x2a54 ./Peripheral/src/ch32v30x_tim.o
 .debug_info    0x0000000000015aa0     0x13cd ./Peripheral/src/ch32v30x_usart.o
 .debug_info    0x0000000000016e6d      0xf4a ./Debug/debug.o

.debug_abbrev   0x0000000000000000     0x33e8
 .debug_abbrev  0x0000000000000000      0x3dc ./User/ADS1234.o
 .debug_abbrev  0x00000000000003dc      0x3dc ./User/Card.o
 .debug_abbrev  0x00000000000007b8      0x305 ./User/System.o
 .debug_abbrev  0x0000000000000abd      0x295 ./User/Timer.o
 .debug_abbrev  0x0000000000000d52      0x2ba ./User/Uart.o
 .debug_abbrev  0x000000000000100c      0x3d5 ./User/Uart1.o
 .debug_abbrev  0x00000000000013e1      0x22c ./User/ch32v30x_it.o
 .debug_abbrev  0x000000000000160d      0x4e1 ./User/main.o
 .debug_abbrev  0x0000000000001aee      0x28b ./User/system_ch32v30x.o
 .debug_abbrev  0x0000000000001d79       0x12 ./Startup/startup_ch32v30x_D8C.o
 .debug_abbrev  0x0000000000001d8b      0x31a ./Peripheral/src/ch32v30x_gpio.o
 .debug_abbrev  0x00000000000020a5      0x2da ./Peripheral/src/ch32v30x_misc.o
 .debug_abbrev  0x000000000000237f      0x351 ./Peripheral/src/ch32v30x_rcc.o
 .debug_abbrev  0x00000000000026d0      0x312 ./Peripheral/src/ch32v30x_spi.o
 .debug_abbrev  0x00000000000029e2      0x3ff ./Peripheral/src/ch32v30x_tim.o
 .debug_abbrev  0x0000000000002de1      0x312 ./Peripheral/src/ch32v30x_usart.o
 .debug_abbrev  0x00000000000030f3      0x2f5 ./Debug/debug.o

.debug_loc      0x0000000000000000     0x5f66
 .debug_loc     0x0000000000000000      0x66e ./User/ADS1234.o
 .debug_loc     0x000000000000066e      0xa40 ./User/Card.o
 .debug_loc     0x00000000000010ae       0x82 ./User/System.o
 .debug_loc     0x0000000000001130       0x42 ./User/Timer.o
 .debug_loc     0x0000000000001172       0xbb ./User/Uart.o
 .debug_loc     0x000000000000122d      0x304 ./User/Uart1.o
 .debug_loc     0x0000000000001531      0xf2c ./User/main.o
 .debug_loc     0x000000000000245d      0x163 ./User/system_ch32v30x.o
 .debug_loc     0x00000000000025c0      0x72b ./Peripheral/src/ch32v30x_gpio.o
 .debug_loc     0x0000000000002ceb       0x61 ./Peripheral/src/ch32v30x_misc.o
 .debug_loc     0x0000000000002d4c      0xadb ./Peripheral/src/ch32v30x_rcc.o
 .debug_loc     0x0000000000003827      0x598 ./Peripheral/src/ch32v30x_spi.o
 .debug_loc     0x0000000000003dbf     0x18b7 ./Peripheral/src/ch32v30x_tim.o
 .debug_loc     0x0000000000005676      0x779 ./Peripheral/src/ch32v30x_usart.o
 .debug_loc     0x0000000000005def      0x177 ./Debug/debug.o

.debug_aranges  0x0000000000000000      0xb08
 .debug_aranges
                0x0000000000000000       0x78 ./User/ADS1234.o
 .debug_aranges
                0x0000000000000078       0xd8 ./User/Card.o
 .debug_aranges
                0x0000000000000150       0x40 ./User/System.o
 .debug_aranges
                0x0000000000000190       0x20 ./User/Timer.o
 .debug_aranges
                0x00000000000001b0       0x38 ./User/Uart.o
 .debug_aranges
                0x00000000000001e8       0x58 ./User/Uart1.o
 .debug_aranges
                0x0000000000000240       0x28 ./User/ch32v30x_it.o
 .debug_aranges
                0x0000000000000268       0xe8 ./User/main.o
 .debug_aranges
                0x0000000000000350       0x28 ./User/system_ch32v30x.o
 .debug_aranges
                0x0000000000000378       0x30 ./Startup/startup_ch32v30x_D8C.o
 .debug_aranges
                0x00000000000003a8       0xb0 ./Peripheral/src/ch32v30x_gpio.o
 .debug_aranges
                0x0000000000000458       0x28 ./Peripheral/src/ch32v30x_misc.o
 .debug_aranges
                0x0000000000000480      0x1a8 ./Peripheral/src/ch32v30x_rcc.o
 .debug_aranges
                0x0000000000000628       0xd0 ./Peripheral/src/ch32v30x_spi.o
 .debug_aranges
                0x00000000000006f8      0x2d0 ./Peripheral/src/ch32v30x_tim.o
 .debug_aranges
                0x00000000000009c8       0xf0 ./Peripheral/src/ch32v30x_usart.o
 .debug_aranges
                0x0000000000000ab8       0x50 ./Debug/debug.o

.debug_ranges   0x0000000000000000      0xf90
 .debug_ranges  0x0000000000000000       0xd0 ./User/ADS1234.o
 .debug_ranges  0x00000000000000d0      0x188 ./User/Card.o
 .debug_ranges  0x0000000000000258       0x30 ./User/System.o
 .debug_ranges  0x0000000000000288       0x10 ./User/Timer.o
 .debug_ranges  0x0000000000000298       0x28 ./User/Uart.o
 .debug_ranges  0x00000000000002c0       0x60 ./User/Uart1.o
 .debug_ranges  0x0000000000000320       0x18 ./User/ch32v30x_it.o
 .debug_ranges  0x0000000000000338      0x510 ./User/main.o
 .debug_ranges  0x0000000000000848       0x18 ./User/system_ch32v30x.o
 .debug_ranges  0x0000000000000860       0x28 ./Startup/startup_ch32v30x_D8C.o
 .debug_ranges  0x0000000000000888       0xa0 ./Peripheral/src/ch32v30x_gpio.o
 .debug_ranges  0x0000000000000928       0x30 ./Peripheral/src/ch32v30x_misc.o
 .debug_ranges  0x0000000000000958      0x198 ./Peripheral/src/ch32v30x_rcc.o
 .debug_ranges  0x0000000000000af0       0xc0 ./Peripheral/src/ch32v30x_spi.o
 .debug_ranges  0x0000000000000bb0      0x2c0 ./Peripheral/src/ch32v30x_tim.o
 .debug_ranges  0x0000000000000e70       0xe0 ./Peripheral/src/ch32v30x_usart.o
 .debug_ranges  0x0000000000000f50       0x40 ./Debug/debug.o

.debug_line     0x0000000000000000    0x119d4
 .debug_line    0x0000000000000000     0x13ca ./User/ADS1234.o
 .debug_line    0x00000000000013ca     0x188e ./User/Card.o
 .debug_line    0x0000000000002c58      0x580 ./User/System.o
 .debug_line    0x00000000000031d8      0x402 ./User/Timer.o
 .debug_line    0x00000000000035da      0x6ca ./User/Uart.o
 .debug_line    0x0000000000003ca4      0xbef ./User/Uart1.o
 .debug_line    0x0000000000004893      0x2dc ./User/ch32v30x_it.o
 .debug_line    0x0000000000004b6f     0x3e75 ./User/main.o
 .debug_line    0x00000000000089e4      0x7f2 ./User/system_ch32v30x.o
 .debug_line    0x00000000000091d6      0x122 ./Startup/startup_ch32v30x_D8C.o
 .debug_line    0x00000000000092f8     0x12ac ./Peripheral/src/ch32v30x_gpio.o
 .debug_line    0x000000000000a5a4      0x42a ./Peripheral/src/ch32v30x_misc.o
 .debug_line    0x000000000000a9ce     0x19de ./Peripheral/src/ch32v30x_rcc.o
 .debug_line    0x000000000000c3ac      0xd85 ./Peripheral/src/ch32v30x_spi.o
 .debug_line    0x000000000000d131     0x31c4 ./Peripheral/src/ch32v30x_tim.o
 .debug_line    0x00000000000102f5      0xf4b ./Peripheral/src/ch32v30x_usart.o
 .debug_line    0x0000000000011240      0x794 ./Debug/debug.o

.debug_str      0x0000000000000000     0x3aef
 .debug_str     0x0000000000000000      0x9bc ./User/ADS1234.o
                                        0xa73 (size before relaxing)
 .debug_str     0x00000000000009bc      0x42b ./User/Card.o
                                        0xbe7 (size before relaxing)
 .debug_str     0x0000000000000de7      0x172 ./User/System.o
                                        0x74b (size before relaxing)
 .debug_str     0x0000000000000f59      0x78e ./User/Timer.o
                                        0xdd3 (size before relaxing)
 .debug_str     0x00000000000016e7      0x123 ./User/Uart.o
                                        0x8f9 (size before relaxing)
 .debug_str     0x000000000000180a      0x26e ./User/Uart1.o
                                       0x1127 (size before relaxing)
 .debug_str     0x0000000000001a78       0x9c ./User/ch32v30x_it.o
                                        0x69e (size before relaxing)
 .debug_str     0x0000000000001b14      0x76a ./User/main.o
                                       0x1a3f (size before relaxing)
 .debug_str     0x000000000000227e       0x81 ./User/system_ch32v30x.o
                                        0x6d1 (size before relaxing)
 .debug_str     0x00000000000022ff       0x2e ./Startup/startup_ch32v30x_D8C.o
                                         0x83 (size before relaxing)
 .debug_str     0x000000000000232d      0x245 ./Peripheral/src/ch32v30x_gpio.o
                                        0x9c9 (size before relaxing)
 .debug_str     0x0000000000002572       0x9c ./Peripheral/src/ch32v30x_misc.o
                                        0xcd2 (size before relaxing)
 .debug_str     0x000000000000260e      0x545 ./Peripheral/src/ch32v30x_rcc.o
                                        0xcf8 (size before relaxing)
 .debug_str     0x0000000000002b53      0x260 ./Peripheral/src/ch32v30x_spi.o
                                        0xaa8 (size before relaxing)
 .debug_str     0x0000000000002db3      0x9e4 ./Peripheral/src/ch32v30x_tim.o
                                       0x12a7 (size before relaxing)
 .debug_str     0x0000000000003797      0x2ea ./Peripheral/src/ch32v30x_usart.o
                                        0xb13 (size before relaxing)
 .debug_str     0x0000000000003a81       0x6e ./Debug/debug.o
                                        0x93a (size before relaxing)

.comment        0x0000000000000000       0x33
 .comment       0x0000000000000000       0x33 ./User/ADS1234.o
                                         0x34 (size before relaxing)
 .comment       0x0000000000000033       0x34 ./User/Card.o
 .comment       0x0000000000000033       0x34 ./User/System.o
 .comment       0x0000000000000033       0x34 ./User/Timer.o
 .comment       0x0000000000000033       0x34 ./User/Uart.o
 .comment       0x0000000000000033       0x34 ./User/Uart1.o
 .comment       0x0000000000000033       0x34 ./User/ch32v30x_it.o
 .comment       0x0000000000000033       0x34 ./User/main.o
 .comment       0x0000000000000033       0x34 ./User/system_ch32v30x.o
 .comment       0x0000000000000033       0x34 ./Peripheral/src/ch32v30x_gpio.o