Archive member included to satisfy reference by file (symbol)

c:/mounriver/mounriver_studio/toolchain/risc-v embedded gcc/bin/../lib/gcc/riscv-none-embed/8.2.0/rv32imacxw/ilp32\libgcc.a(addsf3.o)
                              ./User/ADS1234.o (__addsf3)
c:/mounriver/mounriver_studio/toolchain/risc-v embedded gcc/bin/../lib/gcc/riscv-none-embed/8.2.0/rv32imacxw/ilp32\libgcc.a(divsf3.o)
                              ./User/ADS1234.o (__divsf3)
c:/mounriver/mounriver_studio/toolchain/risc-v embedded gcc/bin/../lib/gcc/riscv-none-embed/8.2.0/rv32imacxw/ilp32\libgcc.a(eqsf2.o)
                              ./User/ADS1234.o (__eqsf2)
c:/mounriver/mounriver_studio/toolchain/risc-v embedded gcc/bin/../lib/gcc/riscv-none-embed/8.2.0/rv32imacxw/ilp32\libgcc.a(gesf2.o)
                              ./User/main.o (__gesf2)
c:/mounriver/mounriver_studio/toolchain/risc-v embedded gcc/bin/../lib/gcc/riscv-none-embed/8.2.0/rv32imacxw/ilp32\libgcc.a(lesf2.o)
                              ./User/ADS1234.o (__ltsf2)
c:/mounriver/mounriver_studio/toolchain/risc-v embedded gcc/bin/../lib/gcc/riscv-none-embed/8.2.0/rv32imacxw/ilp32\libgcc.a(mulsf3.o)
                              ./User/ADS1234.o (__mulsf3)
c:/mounriver/mounriver_studio/toolchain/risc-v embedded gcc/bin/../lib/gcc/riscv-none-embed/8.2.0/rv32imacxw/ilp32\libgcc.a(subsf3.o)
                              ./User/ADS1234.o (__subsf3)
c:/mounriver/mounriver_studio/toolchain/risc-v embedded gcc/bin/../lib/gcc/riscv-none-embed/8.2.0/rv32imacxw/ilp32\libgcc.a(fixsfsi.o)
                              ./User/ADS1234.o (__fixsfsi)
c:/mounriver/mounriver_studio/toolchain/risc-v embedded gcc/bin/../lib/gcc/riscv-none-embed/8.2.0/rv32imacxw/ilp32\libgcc.a(fixunssfsi.o)
                              ./User/main.o (__fixunssfsi)
c:/mounriver/mounriver_studio/toolchain/risc-v embedded gcc/bin/../lib/gcc/riscv-none-embed/8.2.0/rv32imacxw/ilp32\libgcc.a(floatsisf.o)
                              ./User/ADS1234.o (__floatsisf)
c:/mounriver/mounriver_studio/toolchain/risc-v embedded gcc/bin/../lib/gcc/riscv-none-embed/8.2.0/rv32imacxw/ilp32\libgcc.a(extendsfdf2.o)
                              ./User/ADS1234.o (__extendsfdf2)
c:/mounriver/mounriver_studio/toolchain/risc-v embedded gcc/bin/../lib/gcc/riscv-none-embed/8.2.0/rv32imacxw/ilp32\libgcc.a(truncdfsf2.o)
                              ./User/main.o (__truncdfsf2)
c:/mounriver/mounriver_studio/toolchain/risc-v embedded gcc/bin/../lib/gcc/riscv-none-embed/8.2.0/rv32imacxw/ilp32\libgcc.a(save-restore.o)
                              ./User/ADS1234.o (__riscv_save_12)
c:/mounriver/mounriver_studio/toolchain/risc-v embedded gcc/bin/../lib/gcc/riscv-none-embed/8.2.0/rv32imacxw/ilp32\libgcc.a(_clzsi2.o)
                              c:/mounriver/mounriver_studio/toolchain/risc-v embedded gcc/bin/../lib/gcc/riscv-none-embed/8.2.0/rv32imacxw/ilp32\libgcc.a(addsf3.o) (__clzsi2)
c:/mounriver/mounriver_studio/toolchain/risc-v embedded gcc/bin/../lib/gcc/riscv-none-embed/8.2.0/rv32imacxw/ilp32\libgcc.a(_clz.o)
                              c:/mounriver/mounriver_studio/toolchain/risc-v embedded gcc/bin/../lib/gcc/riscv-none-embed/8.2.0/rv32imacxw/ilp32\libgcc.a(_clzsi2.o) (__clz_tab)
c:/mounriver/mounriver_studio/toolchain/risc-v embedded gcc/bin/../lib/gcc/riscv-none-embed/8.2.0/../../../../riscv-none-embed/lib/rv32imacxw/ilp32\libg_nano.a(lib_a-atof.o)
                              ./User/main.o (atof)
c:/mounriver/mounriver_studio/toolchain/risc-v embedded gcc/bin/../lib/gcc/riscv-none-embed/8.2.0/../../../../riscv-none-embed/lib/rv32imacxw/ilp32\libg_nano.a(lib_a-memcmp.o)
                              ./User/main.o (memcmp)
c:/mounriver/mounriver_studio/toolchain/risc-v embedded gcc/bin/../lib/gcc/riscv-none-embed/8.2.0/../../../../riscv-none-embed/lib/rv32imacxw/ilp32\libg_nano.a(lib_a-memcpy.o)
                              ./User/CLoud_protocol.o (memcpy)
c:/mounriver/mounriver_studio/toolchain/risc-v embedded gcc/bin/../lib/gcc/riscv-none-embed/8.2.0/../../../../riscv-none-embed/lib/rv32imacxw/ilp32\libg_nano.a(lib_a-memset.o)
                              ./User/main.o (memset)
c:/mounriver/mounriver_studio/toolchain/risc-v embedded gcc/bin/../lib/gcc/riscv-none-embed/8.2.0/../../../../riscv-none-embed/lib/rv32imacxw/ilp32\libg_nano.a(lib_a-printf.o)
                              ./User/ADS1234.o (printf)
c:/mounriver/mounriver_studio/toolchain/risc-v embedded gcc/bin/../lib/gcc/riscv-none-embed/8.2.0/../../../../riscv-none-embed/lib/rv32imacxw/ilp32\libg_nano.a(lib_a-putchar.o)
                              ./User/ADS1234.o (putchar)
c:/mounriver/mounriver_studio/toolchain/risc-v embedded gcc/bin/../lib/gcc/riscv-none-embed/8.2.0/../../../../riscv-none-embed/lib/rv32imacxw/ilp32\libg_nano.a(lib_a-puts.o)
                              ./User/ADS1234.o (puts)
[...]
Memory Configuration

Name             Origin             Length             Attributes
FLASH            0x0000000000000000 0x0000000000048000 xr
RAM              0x0000000020000000 0x0000000000008000 xrw
*default*        0x0000000000000000 0xffffffffffffffff

Linker script and memory map

LOAD ./User/ADS1234.o
LOAD ./User/CLoud_protocol.o
LOAD ./User/CLoude_bridge.o
LOAD ./User/Card.o
LOAD ./User/System.o
LOAD ./User/Timer.o
LOAD ./User/Uart.o
LOAD ./User/Uart1.o
LOAD ./User/ch32v30x_it.o
LOAD ./User/main.o
LOAD ./User/system_ch32v30x.o
LOAD ./User/test_uart4.o
LOAD ./Startup/startup_ch32v30x_D8C.o
LOAD ./Peripheral/src/ch32v30x_adc.o
LOAD ./Peripheral/src/ch32v30x_bkp.o
LOAD ./Peripheral/src/ch32v30x_can.o
LOAD ./Peripheral/src/ch32v30x_crc.o
LOAD ./Peripheral/src/ch32v30x_dac.o
LOAD ./Peripheral/src/ch32v30x_dbgmcu.o
LOAD ./Peripheral/src/ch32v30x_dma.o
LOAD ./Peripheral/src/ch32v30x_dvp.o
LOAD ./Peripheral/src/ch32v30x_eth.o
LOAD ./Peripheral/src/ch32v30x_exti.o
LOAD ./Peripheral/src/ch32v30x_flash.o
LOAD ./Peripheral/src/ch32v30x_fsmc.o
LOAD ./Peripheral/src/ch32v30x_gpio.o
LOAD ./Peripheral/src/ch32v30x_i2c.o
LOAD ./Peripheral/src/ch32v30x_iwdg.o
LOAD ./Peripheral/src/ch32v30x_misc.o
LOAD ./Peripheral/src/ch32v30x_opa.o
LOAD ./Peripheral/src/ch32v30x_pwr.o
LOAD ./Peripheral/src/ch32v30x_rcc.o
LOAD ./Peripheral/src/ch32v30x_rng.o
LOAD ./Peripheral/src/ch32v30x_rtc.o
LOAD ./Peripheral/src/ch32v30x_sdio.o
LOAD ./Peripheral/src/ch32v30x_spi.o
LOAD ./Peripheral/src/ch32v30x_tim.o
LOAD ./Peripheral/src/ch32v30x_usart.o
LOAD ./Peripheral/src/ch32v30x_wwdg.o
LOAD ./Driver/Audio.o
LOAD ./Debug/debug.o
LOAD ./Core/core_riscv.o
LOAD c:/mounriver/mounriver_studio/toolchain/risc-v embedded gcc/bin/../lib/gcc/riscv-none-embed/8.2.0/../../../../riscv-none-embed/lib/rv32imacxw/ilp32\libm.a
LOAD c:/mounriver/mounriver_studio/toolchain/risc-v embedded gcc/bin/../lib/gcc/riscv-none-embed/8.2.0/rv32imacxw/ilp32\libgcc.a
LOAD c:/mounriver/mounriver_studio/toolchain/risc-v embedded gcc/bin/../lib/gcc/riscv-none-embed/8.2.0/../../../../riscv-none-embed/lib/rv32imacxw/ilp32\libg_nano.a
LOAD c:/mounriver/mounriver_studio/toolchain/risc-v embedded gcc/bin/../lib/gcc/riscv-none-embed/8.2.0/../../../../riscv-none-embed/lib/rv32imacxw/ilp32\libc_nano.a
LOAD c:/mounriver/mounriver_studio/toolchain/risc-v embedded gcc/bin/../lib/gcc/riscv-none-embed/8.2.0/rv32imacxw/ilp32\libgcc.a
START GROUP
LOAD c:/mounriver/mounriver_studio/toolchain/risc-v embedded gcc/bin/../lib/gcc/riscv-none-embed/8.2.0/rv32imacxw/ilp32\libgcc.a
LOAD c:/mounriver/mounriver_studio/toolchain/risc-v embedded gcc/bin/../lib/gcc/riscv-none-embed/8.2.0/../../../../riscv-none-embed/lib/rv32imacxw/ilp32\libc_nano.a
LOAD c:/mounriver/mounriver_studio/toolchain/risc-v embedded gcc/bin/../lib/gcc/riscv-none-embed/8.2.0/../../../../riscv-none-embed/lib/rv32imacxw/ilp32\libnosys.a
END GROUP
START GROUP
LOAD c:/mounriver/mounriver_studio/toolchain/risc-v embedded gcc/bin/../lib/gcc/riscv-none-embed/8.2.0/rv32imacxw/ilp32\libgcc.a
LOAD c:/mounriver/mounriver_studio/toolchain/risc-v embedded gcc/bin/../lib/gcc/riscv-none-embed/8.2.0/../../../../riscv-none-embed/lib/rv32imacxw/ilp32\libc_nano.a
LOAD c:/mounriver/mounriver_studio/toolchain/risc-v embedded gcc/bin/../lib/gcc/riscv-none-embed/8.2.0/../../../../riscv-none-embed/lib/rv32imacxw/ilp32\libnosys.a
END GROUP
                0x0000000000000800                __stack_size = 0x800
                [!provide]                        PROVIDE (_stack_size = __stack_size)

.init           0x0000000000000000        0x4
                0x0000000000000000                _sinit = .
                0x0000000000000000                . = ALIGN (0x4)
 *(SORT_NONE(.init))
 .init          0x0000000000000000        0x4 ./Startup/startup_ch32v30x_D8C.o
                0x0000000000000000                _start
                0x0000000000000004                . = ALIGN (0x4)
                0x0000000000000004                _einit = .

.vector         0x0000000000000004      0x1bc
 *(.vector)
 .vector        0x0000000000000004      0x1a0 ./Startup/startup_ch32v30x_D8C.o
                0x00000000000001c0                . = ALIGN (0x40)
 *fill*         0x00000000000001a4       0x1c 

.text           0x00000000000001c0     0xc72c
                0x00000000000001c0                . = ALIGN (0x4)
 *(.text)
 .text          0x00000000000001c0       0x60 c:/mounriver/mounriver_studio/toolchain/risc-v embedded gcc/bin/../lib/gcc/riscv-none-embed/8.2.0/rv32imacxw/ilp32\libgcc.a(save-restore.o)
                0x00000000000001c0                __riscv_save_12
                0x00000000000001c8                __riscv_save_9
                0x00000000000001c8                __riscv_save_11
                0x00000000000001c8                __riscv_save_10
                0x00000000000001c8                __riscv_save_8
                0x00000000000001d6                __riscv_save_4
                0x00000000000001d6                __riscv_save_6
                0x00000000000001d6                __riscv_save_5
                0x00000000000001d6                __riscv_save_7
                0x00000000000001f0                __riscv_save_3
                0x00000000000001f0                __riscv_save_2
                0x00000000000001f0                __riscv_save_1
                0x00000000000001f0                __riscv_save_0
                0x00000000000001fc                __riscv_restore_12
                0x0000000000000200                __riscv_restore_11
                0x0000000000000200                __riscv_restore_9
                0x0000000000000200                __riscv_restore_10
                0x0000000000000200                __riscv_restore_8
                0x000000000000020a                __riscv_restore_5
                0x000000000000020a                __riscv_restore_7
                0x000000000000020a                __riscv_restore_6
                0x000000000000020a                __riscv_restore_4
                0x0000000000000214                __riscv_restore_3
                0x0000000000000214                __riscv_restore_0
                0x0000000000000214                __riscv_restore_2
                0x0000000000000214                __riscv_restore_1
 .text          0x0000000000000220       0xa8 c:/mounriver/mounriver_studio/toolchain/risc-v embedded gcc/bin/../lib/gcc/riscv-none-embed/8.2.0/../../../../riscv-none-embed/lib/rv32imacxw/ilp32\libg_nano.a(lib_a-memset.o)
                0x0000000000000220                memset
 .text          0x00000000000002c8      0x11a c:/mounriver/mounriver_studio/toolchain/risc-v embedded gcc/bin/../lib/gcc/riscv-none-embed/8.2.0/../../../../riscv-none-embed/lib/rv32imacxw/ilp32\libg_nano.a(lib_a-strcmp.o)
                0x00000000000002c8                strcmp
 *(.text.*)
 .text.ADS1234_GPIO_Config
                0x00000000000003e2       0xbe ./User/ADS1234.o
                0x00000000000003e2                ADS1234_GPIO_Config
 .text.ADS1234_Init
                0x00000000000004a0       0x74 ./User/ADS1234.o
                0x00000000000004a0                ADS1234_Init
 .text.ADS1234_SetChannel
                0x0000000000000514       0xb6 ./User/ADS1234.o
                0x0000000000000514                ADS1234_SetChannel
 .text.ADS1234_ReadData
                0x00000000000005ca       0xe0 ./User/ADS1234.o
                0x00000000000005ca                ADS1234_ReadData
 .text.ADS1234_AutoZero
                0x00000000000006aa      0x132 ./User/ADS1234.o
                0x00000000000006aa                ADS1234_AutoZero
 .text.ADS1234_ToWeight
                0x00000000000007dc      0x214 ./User/ADS1234.o
                0x00000000000007dc                ADS1234_ToWeight
 .text.CRC8     0x00000000000009f0       0x3c ./User/CLoud_protocol.o
 .text.Cloud_SendEscaped
                0x0000000000000a2c       0x42 ./User/CLoud_protocol.o
 .text.Cloud_SendFrame
                0x0000000000000a6e       0x50 ./User/CLoud_protocol.o
                0x0000000000000a6e                Cloud_SendFrame
 .text.Cloud_ProcessRX
                0x0000000000000abe      0x10a ./User/CLoud_protocol.o
                0x0000000000000abe                Cloud_ProcessRX
 .text.Cloud_GetNextFrame
                0x0000000000000bc8       0x44 ./User/CLoud_protocol.o
                0x0000000000000bc8                Cloud_GetNextFrame
 .text.Cloud_FeedRXByte
                0x0000000000000c0c       0x42 ./User/CLoud_protocol.o
                0x0000000000000c0c                Cloud_FeedRXByte
 .text.CloudProtocol_Init
                0x0000000000000c4e       0x12 ./User/CLoud_protocol.o
                0x0000000000000c4e                CloudProtocol_Init
 .text.Cloud_ReportCardTap
                0x0000000000000c60       0x88 ./User/CLoude_bridge.o
                0x0000000000000c60                Cloud_ReportCardTap
 .text.Cloud_ReportTransaction
                0x0000000000000ce8       0x94 ./User/CLoude_bridge.o
                0x0000000000000ce8                Cloud_ReportTransaction
 .text.Cloud_ReportRechargeComplete
                0x0000000000000d7c       0x56 ./User/CLoude_bridge.o
                0x0000000000000d7c                Cloud_ReportRechargeComplete
 .text.Cloud_SendHeartbeat
                0x0000000000000dd2       0x2c ./User/CLoude_bridge.o
                0x0000000000000dd2                Cloud_SendHeartbeat
 .text.Cloud_GetPendingRecharge
                0x0000000000000dfe       0x88 ./User/CLoude_bridge.o
                0x0000000000000dfe                Cloud_GetPendingRecharge
 .text.Cloud_ProcessPendingRecharges
                0x0000000000000e86       0xc0 ./User/CLoude_bridge.o
                0x0000000000000e86                Cloud_ProcessPendingRecharges
 .text.RC522_SPI_TransferByte
                0x0000000000000f46       0x38 ./User/Card.o
                0x0000000000000f46                RC522_SPI_TransferByte
 .text.RC522_Read_Register
                0x0000000000000f7e       0x38 ./User/Card.o
                0x0000000000000f7e                RC522_Read_Register
 .text.RC522_Write_Register
                0x0000000000000fb6       0x32 ./User/Card.o
                0x0000000000000fb6                RC522_Write_Register
 .text.RC522_Init
                0x0000000000000fe8       0xb2 ./User/Card.o
                0x0000000000000fe8                RC522_Init
 .text.RC522_SetBit_Register
                0x000000000000109a       0x1e ./User/Card.o
                0x000000000000109a                RC522_SetBit_Register
 .text.RC522_ClearBit_Register
                0x00000000000010b8       0x22 ./User/Card.o
                0x00000000000010b8                RC522_ClearBit_Register
 .text.RC522_Antenna_On
                0x00000000000010da       0x16 ./User/Card.o
                0x00000000000010da                RC522_Antenna_On
 .text.RC522_Rese
                0x00000000000010f0       0xb0 ./User/Card.o
                0x00000000000010f0                RC522_Rese
 .text.RC522_Config_Type
                0x00000000000011a0       0x72 ./User/Card.o
                0x00000000000011a0                RC522_Config_Type
 .text.PcdComMF522
                0x0000000000001212      0x110 ./User/Card.o
                0x0000000000001212                PcdComMF522
 .text.PcdRequest
                0x0000000000001322       0x50 ./User/Card.o
                0x0000000000001322                PcdRequest
 .text.PcdAnticoll
                0x0000000000001372       0x94 ./User/Card.o
                0x0000000000001372                PcdAnticoll
 .text.CalulateCRC
                0x0000000000001406       0x70 ./User/Card.o
                0x0000000000001406                CalulateCRC
 .text.PcdSelect
                0x0000000000001476       0x90 ./User/Card.o
                0x0000000000001476                PcdSelect
 .text.PcdAuthState
                0x0000000000001506       0x6a ./User/Card.o
                0x0000000000001506                PcdAuthState
 .text.PcdWrite
                0x0000000000001570       0x92 ./User/Card.o
                0x0000000000001570                PcdWrite
 .text.PcdRead  0x0000000000001602       0x5c ./User/Card.o
                0x0000000000001602                PcdRead
 .text.PcdHalt  0x000000000000165e       0x30 ./User/Card.o
                0x000000000000165e                PcdHalt
 .text.delay_ms
                0x000000000000168e       0x26 ./User/System.o
                0x000000000000168e                delay_ms
 .text.delay_us
                0x00000000000016b4       0x26 ./User/System.o
                0x00000000000016b4                delay_us
 .text.GetSysTick
                0x00000000000016da        0x6 ./User/System.o
                0x00000000000016da                GetSysTick
 .text.SysTick_Handler
                0x00000000000016e0       0x16 ./User/System.o
                0x00000000000016e0                SysTick_Handler
 .text.Tim3_Init
                0x00000000000016f6       0x5a ./User/Timer.o
                0x00000000000016f6                Tim3_Init
 .text.USART1_GPIO_Config
                0x0000000000001750       0x44 ./User/Uart.o
                0x0000000000001750                USART1_GPIO_Config
 .text.USART1_Config
                0x0000000000001794       0x3c ./User/Uart.o
                0x0000000000001794                USART1_Config
 .text.UART4_Init
                0x00000000000017d0       0x80 ./User/Uart.o
                0x00000000000017d0                UART4_Init
 .text.UART8_TX_Init
                0x0000000000001850       0xa0 ./User/Uart.o
                0x0000000000001850                UART8_TX_Init
 .text.UART8_SendByte
                0x00000000000018f0       0x22 ./User/Uart.o
                0x00000000000018f0                UART8_SendByte
 .text.UART5_Init
                0x0000000000001912       0x98 ./User/Uart1.o
                0x0000000000001912                UART5_Init
 .text.UART5_IRQHandler
                0x00000000000019aa       0x4e ./User/Uart1.o
                0x00000000000019aa                UART5_IRQHandler
 .text.UART4_SendByte
                0x00000000000019f8       0x28 ./User/Uart1.o
                0x00000000000019f8                UART4_SendByte
 .text.UART4_SendString
                0x0000000000001a20       0x1a ./User/Uart1.o
                0x0000000000001a20                UART4_SendString
 .text.NMI_Handler
                0x0000000000001a3a        0x2 ./User/ch32v30x_it.o
                0x0000000000001a3a                NMI_Handler
 .text.HardFault_Handler
                0x0000000000001a3c       0x10 ./User/ch32v30x_it.o
                0x0000000000001a3c                HardFault_Handler
 .text.find_json_value
                0x0000000000001a4c       0xf6 ./User/main.o
                0x0000000000001a4c                find_json_value
 .text.Initialize_Data_Structures
                0x0000000000001b42       0x90 ./User/main.o
                0x0000000000001b42                Initialize_Data_Structures
 .text.Parse_K230_JSON
                0x0000000000001bd2       0xfa ./User/main.o
                0x0000000000001bd2                Parse_K230_JSON
 .text.Process_K230_Data
                0x0000000000001ccc       0x62 ./User/main.o
                0x0000000000001ccc                Process_K230_Data
 .text.Get_Chinese_Name
                0x0000000000001d2e       0x38 ./User/main.o
                0x0000000000001d2e                Get_Chinese_Name
 .text.CompensateCrosstalkSimple
                0x0000000000001d66       0x9a ./User/main.o
                0x0000000000001d66                CompensateCrosstalkSimple
 .text.TIM3_IRQHandler
                0x0000000000001e00       0x44 ./User/main.o
                0x0000000000001e00                TIM3_IRQHandler
 .text.USART3_IRQHandler
                0x0000000000001e44       0xb4 ./User/main.o
                0x0000000000001e44                USART3_IRQHandler
 .text.UART8_IRQHandler
                0x0000000000001ef8       0x22 ./User/main.o
                0x0000000000001ef8                UART8_IRQHandler
 .text.UART3_Init_For_K230
                0x0000000000001f1a       0xaa ./User/main.o
                0x0000000000001f1a                UART3_Init_For_K230
 .text.Print_Main_Header
                0x0000000000001fc4       0xa0 ./User/main.o
                0x0000000000001fc4                Print_Main_Header
 .text.USART1_SendString
                0x0000000000002064       0x32 ./User/main.o
                0x0000000000002064                USART1_SendString
 .text.CalculateTotalPrice
                0x0000000000002096       0xda ./User/main.o
                0x0000000000002096                CalculateTotalPrice
 .text.Send_Merged_Data_To_Screen
                0x0000000000002170      0x35c ./User/main.o
                0x0000000000002170                Send_Merged_Data_To_Screen
 .text.Send_Price_To_Screen
                0x00000000000024cc       0xd2 ./User/main.o
                0x00000000000024cc                Send_Price_To_Screen
 .text.Send_Breakfast_To_Screen
                0x000000000000259e       0x76 ./User/main.o
                0x000000000000259e                Send_Breakfast_To_Screen
 .text.InitNewCard
                0x0000000000002614      0x1a6 ./User/main.o
                0x0000000000002614                InitNewCard
 .text.ReadUserInfoFromCard
                0x00000000000027ba       0xd6 ./User/main.o
                0x00000000000027ba                ReadUserInfoFromCard
 .text.DisplayUserInfo
                0x0000000000002890       0x98 ./User/main.o
                0x0000000000002890                DisplayUserInfo
 .text.ReadBalance
                0x0000000000002928       0x38 ./User/main.o
                0x0000000000002928                ReadBalance
 .text.WriteBalance
                0x0000000000002960       0x70 ./User/main.o
                0x0000000000002960                WriteBalance
 .text.RFID_Payment_Process
                0x00000000000029d0      0x56a ./User/main.o
                0x00000000000029d0                RFID_Payment_Process
 .text.startup.main
                0x0000000000002f3a      0x96c ./User/main.o
                0x0000000000002f3a                main
 .text.SystemInit
                0x00000000000038a6       0xb8 ./User/system_ch32v30x.o
                0x00000000000038a6                SystemInit
 .text.SystemCoreClockUpdate
                0x000000000000395e      0x12a ./User/system_ch32v30x.o
                0x000000000000395e                SystemCoreClockUpdate
 .text.vector_handler
                0x0000000000003a88        0x2 ./Startup/startup_ch32v30x_D8C.o
                0x0000000000003a88                EXTI2_IRQHandler
                0x0000000000003a88                TIM8_TRG_COM_IRQHandler
                0x0000000000003a88                TIM8_CC_IRQHandler
                0x0000000000003a88                TIM1_CC_IRQHandler
                0x0000000000003a88                TIM6_IRQHandler
                0x0000000000003a88                PVD_IRQHandler
                0x0000000000003a88                SDIO_IRQHandler
                0x0000000000003a88                TIM9_BRK_IRQHandler
                0x0000000000003a88                DMA2_Channel8_IRQHandler
                0x0000000000003a88                CAN2_RX1_IRQHandler
                0x0000000000003a88                EXTI3_IRQHandler
                0x0000000000003a88                USBHS_IRQHandler
                0x0000000000003a88                DMA2_Channel9_IRQHandler
                0x0000000000003a88                TIM10_CC_IRQHandler
                0x0000000000003a88                USBFS_IRQHandler
                0x0000000000003a88                EXTI0_IRQHandler
                0x0000000000003a88                I2C2_EV_IRQHandler
                0x0000000000003a88                TIM10_TRG_COM_IRQHandler
                0x0000000000003a88                CAN2_SCE_IRQHandler
                0x0000000000003a88                ADC1_2_IRQHandler
                0x0000000000003a88                Break_Point_Handler
                0x0000000000003a88                SPI1_IRQHandler
                0x0000000000003a88                TAMPER_IRQHandler
                0x0000000000003a88                CAN2_RX0_IRQHandler
                0x0000000000003a88                TIM8_UP_IRQHandler
                0x0000000000003a88                Ecall_M_Mode_Handler
                0x0000000000003a88                DMA2_Channel2_IRQHandler
                0x0000000000003a88                DMA1_Channel4_IRQHandler
                0x0000000000003a88                TIM9_UP_IRQHandler
                0x0000000000003a88                RTC_IRQHandler
                0x0000000000003a88                DMA1_Channel7_IRQHandler
                0x0000000000003a88                CAN1_RX1_IRQHandler
                0x0000000000003a88                DVP_IRQHandler
                0x0000000000003a88                TIM4_IRQHandler
                0x0000000000003a88                DMA2_Channel1_IRQHandler
                0x0000000000003a88                I2C1_EV_IRQHandler
                0x0000000000003a88                DMA1_Channel6_IRQHandler
                0x0000000000003a88                UART4_IRQHandler
                0x0000000000003a88                DMA2_Channel4_IRQHandler
                0x0000000000003a88                RCC_IRQHandler
                0x0000000000003a88                TIM1_TRG_COM_IRQHandler
                0x0000000000003a88                DMA1_Channel1_IRQHandler
                0x0000000000003a88                DMA2_Channel7_IRQHandler
                0x0000000000003a88                EXTI15_10_IRQHandler
                0x0000000000003a88                TIM7_IRQHandler
                0x0000000000003a88                CAN2_TX_IRQHandler
                0x0000000000003a88                TIM5_IRQHandler
                0x0000000000003a88                EXTI9_5_IRQHandler
                0x0000000000003a88                ETH_WKUP_IRQHandler
                0x0000000000003a88                SPI2_IRQHandler
                0x0000000000003a88                TIM10_BRK_IRQHandler
                0x0000000000003a88                TIM9_CC_IRQHandler
                0x0000000000003a88                DMA2_Channel5_IRQHandler
                0x0000000000003a88                DMA1_Channel5_IRQHandler
                0x0000000000003a88                EXTI4_IRQHandler
                0x0000000000003a88                USB_LP_CAN1_RX0_IRQHandler
                0x0000000000003a88                RNG_IRQHandler
                0x0000000000003a88                USB_HP_CAN1_TX_IRQHandler
                0x0000000000003a88                DMA1_Channel3_IRQHandler
                0x0000000000003a88                ETH_IRQHandler
                0x0000000000003a88                TIM1_UP_IRQHandler
                0x0000000000003a88                WWDG_IRQHandler
                0x0000000000003a88                USBHSWakeup_IRQHandler
                0x0000000000003a88                DMA2_Channel11_IRQHandler
                0x0000000000003a88                Ecall_U_Mode_Handler
                0x0000000000003a88                DMA2_Channel6_IRQHandler
                0x0000000000003a88                TIM2_IRQHandler
                0x0000000000003a88                SW_Handler
                0x0000000000003a88                TIM1_BRK_IRQHandler
                0x0000000000003a88                DMA2_Channel10_IRQHandler
                0x0000000000003a88                EXTI1_IRQHandler
                0x0000000000003a88                RTCAlarm_IRQHandler
                0x0000000000003a88                TIM10_UP_IRQHandler
                0x0000000000003a88                TIM9_TRG_COM_IRQHandler
                0x0000000000003a88                UART7_IRQHandler
                0x0000000000003a88                USART2_IRQHandler
                0x0000000000003a88                UART6_IRQHandler
                0x0000000000003a88                I2C2_ER_IRQHandler
                0x0000000000003a88                DMA1_Channel2_IRQHandler
                0x0000000000003a88                TIM8_BRK_IRQHandler
                0x0000000000003a88                CAN1_SCE_IRQHandler
                0x0000000000003a88                FLASH_IRQHandler
                0x0000000000003a88                USART1_IRQHandler
                0x0000000000003a88                SPI3_IRQHandler
                0x0000000000003a88                I2C1_ER_IRQHandler
                0x0000000000003a88                USBWakeUp_IRQHandler
                0x0000000000003a88                DMA2_Channel3_IRQHandler
 .text.handle_reset
                0x0000000000003a8a       0x8e ./Startup/startup_ch32v30x_D8C.o
                0x0000000000003a8a                handle_reset
 .text.GPIO_Init
                0x0000000000003b18       0xc0 ./Peripheral/src/ch32v30x_gpio.o
                0x0000000000003b18                GPIO_Init
 .text.GPIO_ReadInputDataBit
                0x0000000000003bd8        0xa ./Peripheral/src/ch32v30x_gpio.o
                0x0000000000003bd8                GPIO_ReadInputDataBit
 .text.GPIO_ReadOutputDataBit
                0x0000000000003be2        0xa ./Peripheral/src/ch32v30x_gpio.o
                0x0000000000003be2                GPIO_ReadOutputDataBit
 .text.GPIO_SetBits
                0x0000000000003bec        0x4 ./Peripheral/src/ch32v30x_gpio.o
                0x0000000000003bec                GPIO_SetBits
 .text.GPIO_ResetBits
                0x0000000000003bf0        0x4 ./Peripheral/src/ch32v30x_gpio.o
                0x0000000000003bf0                GPIO_ResetBits
 .text.NVIC_PriorityGroupConfig
                0x0000000000003bf4        0x6 ./Peripheral/src/ch32v30x_misc.o
                0x0000000000003bf4                NVIC_PriorityGroupConfig
 .text.NVIC_Init
                0x0000000000003bfa       0x5c ./Peripheral/src/ch32v30x_misc.o
                0x0000000000003bfa                NVIC_Init
 .text.RCC_GetClocksFreq
                0x0000000000003c56      0x176 ./Peripheral/src/ch32v30x_rcc.o
                0x0000000000003c56                RCC_GetClocksFreq
 .text.RCC_APB2PeriphClockCmd
                0x0000000000003dcc       0x1e ./Peripheral/src/ch32v30x_rcc.o
                0x0000000000003dcc                RCC_APB2PeriphClockCmd
 .text.RCC_APB1PeriphClockCmd
                0x0000000000003dea       0x1e ./Peripheral/src/ch32v30x_rcc.o
                0x0000000000003dea                RCC_APB1PeriphClockCmd
 .text.SPI_Init
                0x0000000000003e08       0x3e ./Peripheral/src/ch32v30x_spi.o
                0x0000000000003e08                SPI_Init
 .text.SPI_Cmd  0x0000000000003e46       0x1a ./Peripheral/src/ch32v30x_spi.o
                0x0000000000003e46                SPI_Cmd
 .text.SPI_I2S_SendData
                0x0000000000003e60        0x4 ./Peripheral/src/ch32v30x_spi.o
                0x0000000000003e60                SPI_I2S_SendData
 .text.SPI_I2S_ReceiveData
                0x0000000000003e64        0x4 ./Peripheral/src/ch32v30x_spi.o
                0x0000000000003e64                SPI_I2S_ReceiveData
 .text.SPI_I2S_GetFlagStatus
                0x0000000000003e68        0xa ./Peripheral/src/ch32v30x_spi.o
                0x0000000000003e68                SPI_I2S_GetFlagStatus
 .text.TIM_TimeBaseInit
                0x0000000000003e72       0xee ./Peripheral/src/ch32v30x_tim.o
                0x0000000000003e72                TIM_TimeBaseInit
 .text.TIM_Cmd  0x0000000000003f60       0x18 ./Peripheral/src/ch32v30x_tim.o
                0x0000000000003f60                TIM_Cmd
 .text.TIM_ITConfig
                0x0000000000003f78       0x12 ./Peripheral/src/ch32v30x_tim.o
                0x0000000000003f78                TIM_ITConfig
 .text.TIM_GetITStatus
                0x0000000000003f8a       0x18 ./Peripheral/src/ch32v30x_tim.o
                0x0000000000003f8a                TIM_GetITStatus
 .text.TIM_ClearITPendingBit
                0x0000000000003fa2        0xc ./Peripheral/src/ch32v30x_tim.o
                0x0000000000003fa2                TIM_ClearITPendingBit
 .text.USART_Init
                0x0000000000003fae       0x90 ./Peripheral/src/ch32v30x_usart.o
                0x0000000000003fae                USART_Init
 .text.USART_Cmd
                0x000000000000403e       0x16 ./Peripheral/src/ch32v30x_usart.o
                0x000000000000403e                USART_Cmd
 .text.USART_ITConfig
                0x0000000000004054       0x36 ./Peripheral/src/ch32v30x_usart.o
                0x0000000000004054                USART_ITConfig
 .text.USART_SendData
                0x000000000000408a        0x8 ./Peripheral/src/ch32v30x_usart.o
                0x000000000000408a                USART_SendData
 .text.USART_ReceiveData
                0x0000000000004092        0x8 ./Peripheral/src/ch32v30x_usart.o
                0x0000000000004092                USART_ReceiveData
 .text.USART_GetFlagStatus
                0x000000000000409a        0xa ./Peripheral/src/ch32v30x_usart.o
                0x000000000000409a                USART_GetFlagStatus
 .text.USART_GetITStatus
                0x00000000000040a4       0x3c ./Peripheral/src/ch32v30x_usart.o
                0x00000000000040a4                USART_GetITStatus
 .text.Usart6_Init
                0x00000000000040e0       0x68 ./Driver/Audio.o
                0x00000000000040e0                Usart6_Init
 .text.audio_init
                0x0000000000004148        0xc ./Driver/Audio.o
                0x0000000000004148                audio_init
 .text.audio_play
                0x0000000000004154       0x4c ./Driver/Audio.o
                0x0000000000004154                audio_play
 .text.BusyPin_Init
                0x00000000000041a0       0x28 ./Driver/Audio.o
                0x00000000000041a0                BusyPin_Init
 .text.IsAudioBusy
                0x00000000000041c8       0x12 ./Driver/Audio.o
                0x00000000000041c8                IsAudioBusy
 .text.Delay_Init
                0x00000000000041da       0x26 ./Debug/debug.o
                0x00000000000041da                Delay_Init
 .text.Delay_Ms
                0x0000000000004200       0x36 ./Debug/debug.o
                0x0000000000004200                Delay_Ms
 .text._write   0x0000000000004236       0x3e ./Debug/debug.o
                0x0000000000004236                _write
 .text._sbrk    0x0000000000004274       0x2a ./Debug/debug.o
                0x0000000000004274                _sbrk
 .text.__addsf3
                0x000000000000429e      0x36a c:/mounriver/mounriver_studio/toolchain/risc-v embedded gcc/bin/../lib/gcc/riscv-none-embed/8.2.0/rv32imacxw/ilp32\libgcc.a(addsf3.o)
                0x000000000000429e                __addsf3
 .text.__divsf3
                0x0000000000004608      0x2b2 c:/mounriver/mounriver_studio/toolchain/risc-v embedded gcc/bin/../lib/gcc/riscv-none-embed/8.2.0/rv32imacxw/ilp32\libgcc.a(divsf3.o)
                0x0000000000004608                __divsf3
 .text.__eqsf2  0x00000000000048ba       0x5c c:/mounriver/mounriver_studio/toolchain/risc-v embedded gcc/bin/../lib/gcc/riscv-none-embed/8.2.0/rv32imacxw/ilp32\libgcc.a(eqsf2.o)
                0x00000000000048ba                __eqsf2
                0x00000000000048ba                __nesf2
 .text.__gesf2  0x0000000000004916       0x86 c:/mounriver/mounriver_studio/toolchain/risc-v embedded gcc/bin/../lib/gcc/riscv-none-embed/8.2.0/rv32imacxw/ilp32\libgcc.a(gesf2.o)
                0x0000000000004916                __gesf2
                0x0000000000004916                __gtsf2
 .text.__lesf2  0x000000000000499c       0x8c c:/mounriver/mounriver_studio/toolchain/risc-v embedded gcc/bin/../lib/gcc/riscv-none-embed/8.2.0/rv32imacxw/ilp32\libgcc.a(lesf2.o)
                0x000000000000499c                __ltsf2
                0x000000000000499c                __lesf2
 .text.__mulsf3
                0x0000000000004a28      0x294 c:/mounriver/mounriver_studio/toolchain/risc-v embedded gcc/bin/../lib/gcc/riscv-none-embed/8.2.0/rv32imacxw/ilp32\libgcc.a(mulsf3.o)
                0x0000000000004a28                __mulsf3
 .text.__subsf3
                0x0000000000004cbc      0x388 c:/mounriver/mounriver_studio/toolchain/risc-v embedded gcc/bin/../lib/gcc/riscv-none-embed/8.2.0/rv32imacxw/ilp32\libgcc.a(subsf3.o)
                0x0000000000004cbc                __subsf3
 .text.__fixsfsi
                0x0000000000005044       0x62 c:/mounriver/mounriver_studio/toolchain/risc-v embedded gcc/bin/../lib/gcc/riscv-none-embed/8.2.0/rv32imacxw/ilp32\libgcc.a(fixsfsi.o)
                0x0000000000005044                __fixsfsi
 .text.__fixunssfsi
                0x00000000000050a6       0x56 c:/mounriver/mounriver_studio/toolchain/risc-v embedded gcc/bin/../lib/gcc/riscv-none-embed/8.2.0/rv32imacxw/ilp32\libgcc.a(fixunssfsi.o)
                0x00000000000050a6                __fixunssfsi
 .text.__floatsisf
                0x00000000000050fc       0xc6 c:/mounriver/mounriver_studio/toolchain/risc-v embedded gcc/bin/../lib/gcc/riscv-none-embed/8.2.0/rv32imacxw/ilp32\libgcc.a(floatsisf.o)
                0x00000000000050fc                __floatsisf
 .text.__extendsfdf2
                0x00000000000051c2       0xac c:/mounriver/mounriver_studio/toolchain/risc-v embedded gcc/bin/../lib/gcc/riscv-none-embed/8.2.0/rv32imacxw/ilp32\libgcc.a(extendsfdf2.o)
                0x00000000000051c2                __extendsfdf2
 .text.__truncdfsf2
                0x000000000000526e      0x16a c:/mounriver/mounriver_studio/toolchain/risc-v embedded gcc/bin/../lib/gcc/riscv-none-embed/8.2.0/rv32imacxw/ilp32\libgcc.a(truncdfsf2.o)
                0x000000000000526e                __truncdfsf2
 .text.__clzsi2
                0x00000000000053d8       0x6e c:/mounriver/mounriver_studio/toolchain/risc-v embedded gcc/bin/../lib/gcc/riscv-none-embed/8.2.0/rv32imacxw/ilp32\libgcc.a(_clzsi2.o)
                0x00000000000053d8                __clzsi2
 .text.atof     0x0000000000005446        0x6 c:/mounriver/mounriver_studio/toolchain/risc-v embedded gcc/bin/../lib/gcc/riscv-none-embed/8.2.0/../../../../riscv-none-embed/lib/rv32imacxw/ilp32\libg_nano.a(lib_a-atof.o)
                0x0000000000005446                atof
 .text.memcmp   0x000000000000544c       0x24 c:/mounriver/mounriver_studio/toolchain/risc-v embedded gcc/bin/../lib/gcc/riscv-none-embed/8.2.0/../../../../riscv-none-embed/lib/rv32imacxw/ilp32\libg_nano.a(lib_a-memcmp.o)
                0x000000000000544c                memcmp
 .text.memcpy   0x0000000000005470       0xb2 c:/mounriver/mounriver_studio/toolchain/risc-v embedded gcc/bin/../lib/gcc/riscv-none-embed/8.2.0/../../../../riscv-none-embed/lib/rv32imacxw/ilp32\libg_nano.a(lib_a-memcpy.o)
                0x0000000000005470                memcpy
 .text.printf   0x0000000000005522       0x42 c:/mounriver/mounriver_studio/toolchain/risc-v embedded gcc/bin/../lib/gcc/riscv-none-embed/8.2.0/../../../../riscv-none-embed/lib/rv32imacxw/ilp32\libg_nano.a(lib_a-printf.o)
                0x0000000000005522                iprintf
                0x0000000000005522                printf
 .text.putchar  0x0000000000005564       0x2c c:/mounriver/mounriver_studio/toolchain/risc-v embedded gcc/bin/../lib/gcc/riscv-none-embed/8.2.0/../../../../riscv-none-embed/lib/rv32imacxw/ilp32\libg_nano.a(lib_a-putchar.o)
                0x0000000000005564                putchar
 .text._puts_r  0x0000000000005590       0xde c:/mounriver/mounriver_studio/toolchain/risc-v embedded gcc/bin/../lib/gcc/riscv-none-embed/8.2.0/../../../../riscv-none-embed/lib/rv32imacxw/ilp32\libg_nano.a(lib_a-puts.o)
                0x0000000000005590                _puts_r
 .text.puts     0x000000000000566e        0xc c:/mounriver/mounriver_studio/toolchain/risc-v embedded gcc/bin/../lib/gcc/riscv-none-embed/8.2.0/../../../../riscv-none-embed/lib/rv32imacxw/ilp32\libg_nano.a(lib_a-puts.o)
                0x000000000000566e                puts
 .text.sprintf  0x000000000000567a       0x46 c:/mounriver/mounriver_studio/toolchain/risc-v embedded gcc/bin/../lib/gcc/riscv-none-embed/8.2.0/../../../../riscv-none-embed/lib/rv32imacxw/ilp32\libg_nano.a(lib_a-sprintf.o)
                0x000000000000567a                siprintf
                0x000000000000567a                sprintf
 .text.strchr   0x00000000000056c0       0x18 c:/mounriver/mounriver_studio/toolchain/risc-v embedded gcc/bin/../lib/gcc/riscv-none-embed/8.2.0/../../../../riscv-none-embed/lib/rv32imacxw/ilp32\libg_nano.a(lib_a-strchr.o)
                0x00000000000056c0                strchr
 .text.strcpy   0x00000000000056d8       0x10 c:/mounriver/mounriver_studio/toolchain/risc-v embedded gcc/bin/../lib/gcc/riscv-none-embed/8.2.0/../../../../riscv-none-embed/lib/rv32imacxw/ilp32\libg_nano.a(lib_a-strcpy.o)
                0x00000000000056d8                strcpy
 .text.strlen   0x00000000000056e8       0x12 c:/mounriver/mounriver_studio/toolchain/risc-v embedded gcc/bin/../lib/gcc/riscv-none-embed/8.2.0/../../../../riscv-none-embed/lib/rv32imacxw/ilp32\libg_nano.a(lib_a-strlen.o)
                0x00000000000056e8                strlen
 .text.strstr   0x00000000000056fa       0x34 c:/mounriver/mounriver_studio/toolchain/risc-v embedded gcc/bin/../lib/gcc/riscv-none-embed/8.2.0/../../../../riscv-none-embed/lib/rv32imacxw/ilp32\libg_nano.a(lib_a-strstr.o)
                0x00000000000056fa                strstr
 .text.sulp     0x000000000000572e       0x4e c:/mounriver/mounriver_studio/toolchain/risc-v embedded gcc/bin/../lib/gcc/riscv-none-embed/8.2.0/../../../../riscv-none-embed/lib/rv32imacxw/ilp32\libg_nano.a(lib_a-strtod.o)
 .text._strtod_l
                0x000000000000577c      0xc6c c:/mounriver/mounriver_studio/toolchain/risc-v embedded gcc/bin/../lib/gcc/riscv-none-embed/8.2.0/../../../../riscv-none-embed/lib/rv32imacxw/ilp32\libg_nano.a(lib_a-strtod.o)
                0x000000000000577c                _strtod_l
 .text.strtod   0x00000000000063e8       0x1c c:/mounriver/mounriver_studio/toolchain/risc-v embedded gcc/bin/../lib/gcc/riscv-none-embed/8.2.0/../../../../riscv-none-embed/lib/rv32imacxw/ilp32\libg_nano.a(lib_a-strtod.o)
                0x00000000000063e8                strtod
 .text.__swbuf_r
                0x0000000000006404       0xbc c:/mounriver/mounriver_studio/toolchain/risc-v embedded gcc/bin/../lib/gcc/riscv-none-embed/8.2.0/../../../../riscv-none-embed/lib/rv32imacxw/ilp32\libg_nano.a(lib_a-wbuf.o)
                0x0000000000006404                __swbuf_r
 .text.__swsetup_r
                0x00000000000064c0      0x100 c:/mounriver/mounriver_studio/toolchain/risc-v embedded gcc/bin/../lib/gcc/riscv-none-embed/8.2.0/../../../../riscv-none-embed/lib/rv32imacxw/ilp32\libg_nano.a(lib_a-wsetup.o)
                0x00000000000064c0                __swsetup_r
 .text.__sflush_r
                0x00000000000065c0      0x132 c:/mounriver/mounriver_studio/toolchain/risc-v embedded gcc/bin/../lib/gcc/riscv-none-embed/8.2.0/../../../../riscv-none-embed/lib/rv32imacxw/ilp32\libg_nano.a(lib_a-fflush.o)
                0x00000000000065c0                __sflush_r
 .text._fflush_r
                0x00000000000066f2       0x66 c:/mounriver/mounriver_studio/toolchain/risc-v embedded gcc/bin/../lib/gcc/riscv-none-embed/8.2.0/../../../../riscv-none-embed/lib/rv32imacxw/ilp32\libg_nano.a(lib_a-fflush.o)
                0x00000000000066f2                _fflush_r
 .text.std      0x0000000000006758       0x66 c:/mounriver/mounriver_studio/toolchain/risc-v embedded gcc/bin/../lib/gcc/riscv-none-embed/8.2.0/../../../../riscv-none-embed/lib/rv32imacxw/ilp32\libg_nano.a(lib_a-findfp.o)
 .text._cleanup_r
                0x00000000000067be        0xa c:/mounriver/mounriver_studio/toolchain/risc-v embedded gcc/bin/../lib/gcc/riscv-none-embed/8.2.0/../../../../riscv-none-embed/lib/rv32imacxw/ilp32\libg_nano.a(lib_a-findfp.o)
                0x00000000000067be                _cleanup_r
 .text.__sfmoreglue
                0x00000000000067c8       0x48 c:/mounriver/mounriver_studio/toolchain/risc-v embedded gcc/bin/../lib/gcc/riscv-none-embed/8.2.0/../../../../riscv-none-embed/lib/rv32imacxw/ilp32\libg_nano.a(lib_a-findfp.o)
                0x00000000000067c8                __sfmoreglue
 .text.__sinit  0x0000000000006810       0x6c c:/mounriver/mounriver_studio/toolchain/risc-v embedded gcc/bin/../lib/gcc/riscv-none-embed/8.2.0/../../../../riscv-none-embed/lib/rv32imacxw/ilp32\libg_nano.a(lib_a-findfp.o)
                0x0000000000006810                __sinit
 .text.__sfp    0x000000000000687c       0xa0 c:/mounriver/mounriver_studio/toolchain/risc-v embedded gcc/bin/../lib/gcc/riscv-none-embed/8.2.0/../../../../riscv-none-embed/lib/rv32imacxw/ilp32\libg_nano.a(lib_a-findfp.o)
                0x000000000000687c                __sfp
 .text._fwalk_reent
                0x000000000000691c       0x6a c:/mounriver/mounriver_studio/toolchain/risc-v embedded gcc/bin/../lib/gcc/riscv-none-embed/8.2.0/../../../../riscv-none-embed/lib/rv32imacxw/ilp32\libg_nano.a(lib_a-fwalk.o)
                0x000000000000691c                _fwalk_reent
 .text.rshift   0x0000000000006986       0x76 c:/mounriver/mounriver_studio/toolchain/risc-v embedded gcc/bin/../lib/gcc/riscv-none-embed/8.2.0/../../../../riscv-none-embed/lib/rv32imacxw/ilp32\libg_nano.a(lib_a-gdtoa-gethex.o)
 .text.__hexdig_fun
                0x00000000000069fc       0x40 c:/mounriver/mounriver_studio/toolchain/risc-v embedded gcc/bin/../lib/gcc/riscv-none-embed/8.2.0/../../../../riscv-none-embed/lib/rv32imacxw/ilp32\libg_nano.a(lib_a-gdtoa-gethex.o)
                0x00000000000069fc                __hexdig_fun
 .text.__gethex
                0x0000000000006a3c      0x4cc c:/mounriver/mounriver_studio/toolchain/risc-v embedded gcc/bin/../lib/gcc/riscv-none-embed/8.2.0/../../../../riscv-none-embed/lib/rv32imacxw/ilp32\libg_nano.a(lib_a-gdtoa-gethex.o)
                0x0000000000006a3c                __gethex
 .text.L_shift  0x0000000000006f08       0x2c c:/mounriver/mounriver_studio/toolchain/risc-v embedded gcc/bin/../lib/gcc/riscv-none-embed/8.2.0/../../../../riscv-none-embed/lib/rv32imacxw/ilp32\libg_nano.a(lib_a-gdtoa-hexnan.o)
 .text.__match  0x0000000000006f34       0x2e c:/mounriver/mounriver_studio/toolchain/risc-v embedded gcc/bin/../lib/gcc/riscv-none-embed/8.2.0/../../../../riscv-none-embed/lib/rv32imacxw/ilp32\libg_nano.a(lib_a-gdtoa-hexnan.o)
                0x0000000000006f34                __match
 .text.__hexnan
                0x0000000000006f62      0x15e c:/mounriver/mounriver_studio/toolchain/risc-v embedded gcc/bin/../lib/gcc/riscv-none-embed/8.2.0/../../../../riscv-none-embed/lib/rv32imacxw/ilp32\libg_nano.a(lib_a-gdtoa-hexnan.o)
                0x0000000000006f62                __hexnan
 .text.__localeconv_l
                0x00000000000070c0        0x6 c:/mounriver/mounriver_studio/toolchain/risc-v embedded gcc/bin/../lib/gcc/riscv-none-embed/8.2.0/../../../../riscv-none-embed/lib/rv32imacxw/ilp32\libg_nano.a(lib_a-localeconv.o)
                0x00000000000070c0                __localeconv_l
 .text.__swhatbuf_r
                0x00000000000070c6       0x58 c:/mounriver/mounriver_studio/toolchain/risc-v embedded gcc/bin/../lib/gcc/riscv-none-embed/8.2.0/../../../../riscv-none-embed/lib/rv32imacxw/ilp32\libg_nano.a(lib_a-makebuf.o)
                0x00000000000070c6                __swhatbuf_r
 .text.__smakebuf_r
                0x000000000000711e       0x94 c:/mounriver/mounriver_studio/toolchain/risc-v embedded gcc/bin/../lib/gcc/riscv-none-embed/8.2.0/../../../../riscv-none-embed/lib/rv32imacxw/ilp32\libg_nano.a(lib_a-makebuf.o)
                0x000000000000711e                __smakebuf_r
 .text.__ascii_mbtowc
                0x00000000000071b2       0x32 c:/mounriver/mounriver_studio/toolchain/risc-v embedded gcc/bin/../lib/gcc/riscv-none-embed/8.2.0/../../../../riscv-none-embed/lib/rv32imacxw/ilp32\libg_nano.a(lib_a-mbtowc_r.o)
                0x00000000000071b2                __ascii_mbtowc
 .text._Balloc  0x00000000000071e4       0x8c c:/mounriver/mounriver_studio/toolchain/risc-v embedded gcc/bin/../lib/gcc/riscv-none-embed/8.2.0/../../../../riscv-none-embed/lib/rv32imacxw/ilp32\libg_nano.a(lib_a-mprec.o)
                0x00000000000071e4                _Balloc
 .text._Bfree   0x0000000000007270       0x44 c:/mounriver/mounriver_studio/toolchain/risc-v embedded gcc/bin/../lib/gcc/riscv-none-embed/8.2.0/../../../../riscv-none-embed/lib/rv32imacxw/ilp32\libg_nano.a(lib_a-mprec.o)
                0x0000000000007270                _Bfree
 .text.__multadd
                0x00000000000072b4       0x98 c:/mounriver/mounriver_studio/toolchain/risc-v embedded gcc/bin/../lib/gcc/riscv-none-embed/8.2.0/../../../../riscv-none-embed/lib/rv32imacxw/ilp32\libg_nano.a(lib_a-mprec.o)
                0x00000000000072b4                __multadd
 .text.__s2b    0x000000000000734c       0xa4 c:/mounriver/mounriver_studio/toolchain/risc-v embedded gcc/bin/../lib/gcc/riscv-none-embed/8.2.0/../../../../riscv-none-embed/lib/rv32imacxw/ilp32\libg_nano.a(lib_a-mprec.o)
                0x000000000000734c                __s2b
 .text.__hi0bits
                0x00000000000073f0       0x46 c:/mounriver/mounriver_studio/toolchain/risc-v embedded gcc/bin/../lib/gcc/riscv-none-embed/8.2.0/../../../../riscv-none-embed/lib/rv32imacxw/ilp32\libg_nano.a(lib_a-mprec.o)
                0x00000000000073f0                __hi0bits
 .text.__lo0bits
                0x0000000000007436       0x6a c:/mounriver/mounriver_studio/toolchain/risc-v embedded gcc/bin/../lib/gcc/riscv-none-embed/8.2.0/../../../../riscv-none-embed/lib/rv32imacxw/ilp32\libg_nano.a(lib_a-mprec.o)
                0x0000000000007436                __lo0bits
 .text.__i2b    0x00000000000074a0       0x1c c:/mounriver/mounriver_studio/toolchain/risc-v embedded gcc/bin/../lib/gcc/riscv-none-embed/8.2.0/../../../../riscv-none-embed/lib/rv32imacxw/ilp32\libg_nano.a(lib_a-mprec.o)
                0x00000000000074a0                __i2b
 .text.__multiply
                0x00000000000074bc      0x144 c:/mounriver/mounriver_studio/toolchain/risc-v embedded gcc/bin/../lib/gcc/riscv-none-embed/8.2.0/../../../../riscv-none-embed/lib/rv32imacxw/ilp32\libg_nano.a(lib_a-mprec.o)
                0x00000000000074bc                __multiply
 .text.__pow5mult
                0x0000000000007600       0xbe c:/mounriver/mounriver_studio/toolchain/risc-v embedded gcc/bin/../lib/gcc/riscv-none-embed/8.2.0/../../../../riscv-none-embed/lib/rv32imacxw/ilp32\libg_nano.a(lib_a-mprec.o)
                0x0000000000007600                __pow5mult
 .text.__lshift
                0x00000000000076be       0xce c:/mounriver/mounriver_studio/toolchain/risc-v embedded gcc/bin/../lib/gcc/riscv-none-embed/8.2.0/../../../../riscv-none-embed/lib/rv32imacxw/ilp32\libg_nano.a(lib_a-mprec.o)
                0x00000000000076be                __lshift
 .text.__mcmp   0x000000000000778c       0x32 c:/mounriver/mounriver_studio/toolchain/risc-v embedded gcc/bin/../lib/gcc/riscv-none-embed/8.2.0/../../../../riscv-none-embed/lib/rv32imacxw/ilp32\libg_nano.a(lib_a-mprec.o)
                0x000000000000778c                __mcmp
 .text.__mdiff  0x00000000000077be       0xf2 c:/mounriver/mounriver_studio/toolchain/risc-v embedded gcc/bin/../lib/gcc/riscv-none-embed/8.2.0/../../../../riscv-none-embed/lib/rv32imacxw/ilp32\libg_nano.a(lib_a-mprec.o)
                0x00000000000077be                __mdiff
 .text.__ulp    0x00000000000078b0       0x46 c:/mounriver/mounriver_studio/toolchain/risc-v embedded gcc/bin/../lib/gcc/riscv-none-embed/8.2.0/../../../../riscv-none-embed/lib/rv32imacxw/ilp32\libg_nano.a(lib_a-mprec.o)
                0x00000000000078b0                __ulp
 .text.__b2d    0x00000000000078f6       0xb4 c:/mounriver/mounriver_studio/toolchain/risc-v embedded gcc/bin/../lib/gcc/riscv-none-embed/8.2.0/../../../../riscv-none-embed/lib/rv32imacxw/ilp32\libg_nano.a(lib_a-mprec.o)
                0x00000000000078f6                __b2d
 .text.__d2b    0x00000000000079aa       0xd4 c:/mounriver/mounriver_studio/toolchain/risc-v embedded gcc/bin/../lib/gcc/riscv-none-embed/8.2.0/../../../../riscv-none-embed/lib/rv32imacxw/ilp32\libg_nano.a(lib_a-mprec.o)
                0x00000000000079aa                __d2b
 .text.__ratio  0x0000000000007a7e       0x74 c:/mounriver/mounriver_studio/toolchain/risc-v embedded gcc/bin/../lib/gcc/riscv-none-embed/8.2.0/../../../../riscv-none-embed/lib/rv32imacxw/ilp32\libg_nano.a(lib_a-mprec.o)
                0x0000000000007a7e                __ratio
 .text.__copybits
                0x0000000000007af2       0x36 c:/mounriver/mounriver_studio/toolchain/risc-v embedded gcc/bin/../lib/gcc/riscv-none-embed/8.2.0/../../../../riscv-none-embed/lib/rv32imacxw/ilp32\libg_nano.a(lib_a-mprec.o)
                0x0000000000007af2                __copybits
 .text.__any_on
                0x0000000000007b28       0x46 c:/mounriver/mounriver_studio/toolchain/risc-v embedded gcc/bin/../lib/gcc/riscv-none-embed/8.2.0/../../../../riscv-none-embed/lib/rv32imacxw/ilp32\libg_nano.a(lib_a-mprec.o)
                0x0000000000007b28                __any_on
 .text._calloc_r
                0x0000000000007b6e       0x26 c:/mounriver/mounriver_studio/toolchain/risc-v embedded gcc/bin/../lib/gcc/riscv-none-embed/8.2.0/../../../../riscv-none-embed/lib/rv32imacxw/ilp32\libg_nano.a(lib_a-nano-callocr.o)
                0x0000000000007b6e                _calloc_r
 .text._free_r  0x0000000000007b94       0xa8 c:/mounriver/mounriver_studio/toolchain/risc-v embedded gcc/bin/../lib/gcc/riscv-none-embed/8.2.0/../../../../riscv-none-embed/lib/rv32imacxw/ilp32\libg_nano.a(lib_a-nano-freer.o)
                0x0000000000007b94                _free_r
 .text._malloc_r
                0x0000000000007c3c       0xda c:/mounriver/mounriver_studio/toolchain/risc-v embedded gcc/bin/../lib/gcc/riscv-none-embed/8.2.0/../../../../riscv-none-embed/lib/rv32imacxw/ilp32\libg_nano.a(lib_a-nano-mallocr.o)
                0x0000000000007c3c                _malloc_r
 .text.__ssputs_r
                0x0000000000007d16       0xe4 c:/mounriver/mounriver_studio/toolchain/risc-v embedded gcc/bin/../lib/gcc/riscv-none-embed/8.2.0/../../../../riscv-none-embed/lib/rv32imacxw/ilp32\libg_nano.a(lib_a-nano-svfprintf.o)
                0x0000000000007d16                __ssputs_r
 .text._svfprintf_r
                0x0000000000007dfa      0x26a c:/mounriver/mounriver_studio/toolchain/risc-v embedded gcc/bin/../lib/gcc/riscv-none-embed/8.2.0/../../../../riscv-none-embed/lib/rv32imacxw/ilp32\libg_nano.a(lib_a-nano-svfprintf.o)
                0x0000000000007dfa                _svfiprintf_r
                0x0000000000007dfa                _svfprintf_r
 .text.__sfputc_r
                0x0000000000008064       0x28 c:/mounriver/mounriver_studio/toolchain/risc-v embedded gcc/bin/../lib/gcc/riscv-none-embed/8.2.0/../../../../riscv-none-embed/lib/rv32imacxw/ilp32\libg_nano.a(lib_a-nano-vfprintf.o)
 .text.__sfputs_r
                0x000000000000808c       0x42 c:/mounriver/mounriver_studio/toolchain/risc-v embedded gcc/bin/../lib/gcc/riscv-none-embed/8.2.0/../../../../riscv-none-embed/lib/rv32imacxw/ilp32\libg_nano.a(lib_a-nano-vfprintf.o)
                0x000000000000808c                __sfputs_r
 .text._vfprintf_r
                0x00000000000080ce      0x28a c:/mounriver/mounriver_studio/toolchain/risc-v embedded gcc/bin/../lib/gcc/riscv-none-embed/8.2.0/../../../../riscv-none-embed/lib/rv32imacxw/ilp32\libg_nano.a(lib_a-nano-vfprintf.o)
                0x00000000000080ce                _vfprintf_r
                0x00000000000080ce                _vfiprintf_r
 .text._printf_common
                0x0000000000008358      0x10c c:/mounriver/mounriver_studio/toolchain/risc-v embedded gcc/bin/../lib/gcc/riscv-none-embed/8.2.0/../../../../riscv-none-embed/lib/rv32imacxw/ilp32\libg_nano.a(lib_a-nano-vfprintf_i.o)
                0x0000000000008358                _printf_common
 .text._printf_i
                0x0000000000008464      0x2a2 c:/mounriver/mounriver_studio/toolchain/risc-v embedded gcc/bin/../lib/gcc/riscv-none-embed/8.2.0/../../../../riscv-none-embed/lib/rv32imacxw/ilp32\libg_nano.a(lib_a-nano-vfprintf_i.o)
                0x0000000000008464                _printf_i
 .text._putc_r  0x0000000000008706       0x84 c:/mounriver/mounriver_studio/toolchain/risc-v embedded gcc/bin/../lib/gcc/riscv-none-embed/8.2.0/../../../../riscv-none-embed/lib/rv32imacxw/ilp32\libg_nano.a(lib_a-putc.o)
                0x0000000000008706                _putc_r
 .text._sbrk_r  0x000000000000878a       0x32 c:/mounriver/mounriver_studio/toolchain/risc-v embedded gcc/bin/../lib/gcc/riscv-none-embed/8.2.0/../../../../riscv-none-embed/lib/rv32imacxw/ilp32\libg_nano.a(lib_a-sbrkr.o)
                0x000000000000878a                _sbrk_r
 .text.__sread  0x00000000000087bc       0x2c c:/mounriver/mounriver_studio/toolchain/risc-v embedded gcc/bin/../lib/gcc/riscv-none-embed/8.2.0/../../../../riscv-none-embed/lib/rv32imacxw/ilp32\libg_nano.a(lib_a-stdio.o)
                0x00000000000087bc                __sread
 .text.__swrite
                0x00000000000087e8       0x48 c:/mounriver/mounriver_studio/toolchain/risc-v embedded gcc/bin/../lib/gcc/riscv-none-embed/8.2.0/../../../../riscv-none-embed/lib/rv32imacxw/ilp32\libg_nano.a(lib_a-stdio.o)
                0x00000000000087e8                __swrite
 .text.__sseek  0x0000000000008830       0x30 c:/mounriver/mounriver_studio/toolchain/risc-v embedded gcc/bin/../lib/gcc/riscv-none-embed/8.2.0/../../../../riscv-none-embed/lib/rv32imacxw/ilp32\libg_nano.a(lib_a-stdio.o)
                0x0000000000008830                __sseek
 .text.__sclose
                0x0000000000008860        0x6 c:/mounriver/mounriver_studio/toolchain/risc-v embedded gcc/bin/../lib/gcc/riscv-none-embed/8.2.0/../../../../riscv-none-embed/lib/rv32imacxw/ilp32\libg_nano.a(lib_a-stdio.o)
                0x0000000000008860                __sclose
 .text.strncmp  0x0000000000008866       0x28 c:/mounriver/mounriver_studio/toolchain/risc-v embedded gcc/bin/../lib/gcc/riscv-none-embed/8.2.0/../../../../riscv-none-embed/lib/rv32imacxw/ilp32\libg_nano.a(lib_a-strncmp.o)
                0x0000000000008866                strncmp
 .text.__ascii_wctomb
                0x000000000000888e       0x1e c:/mounriver/mounriver_studio/toolchain/risc-v embedded gcc/bin/../lib/gcc/riscv-none-embed/8.2.0/../../../../riscv-none-embed/lib/rv32imacxw/ilp32\libg_nano.a(lib_a-wctomb_r.o)
                0x000000000000888e                __ascii_wctomb
 .text._write_r
                0x00000000000088ac       0x36 c:/mounriver/mounriver_studio/toolchain/risc-v embedded gcc/bin/../lib/gcc/riscv-none-embed/8.2.0/../../../../riscv-none-embed/lib/rv32imacxw/ilp32\libg_nano.a(lib_a-writer.o)
                0x00000000000088ac                _write_r
 .text._close_r
                0x00000000000088e2       0x32 c:/mounriver/mounriver_studio/toolchain/risc-v embedded gcc/bin/../lib/gcc/riscv-none-embed/8.2.0/../../../../riscv-none-embed/lib/rv32imacxw/ilp32\libg_nano.a(lib_a-closer.o)
                0x00000000000088e2                _close_r
 .text._fstat_r
                0x0000000000008914       0x34 c:/mounriver/mounriver_studio/toolchain/risc-v embedded gcc/bin/../lib/gcc/riscv-none-embed/8.2.0/../../../../riscv-none-embed/lib/rv32imacxw/ilp32\libg_nano.a(lib_a-fstatr.o)
                0x0000000000008914                _fstat_r
 .text._isatty_r
                0x0000000000008948       0x32 c:/mounriver/mounriver_studio/toolchain/risc-v embedded gcc/bin/../lib/gcc/riscv-none-embed/8.2.0/../../../../riscv-none-embed/lib/rv32imacxw/ilp32\libg_nano.a(lib_a-isattyr.o)
                0x0000000000008948                _isatty_r
 .text._lseek_r
                0x000000000000897a       0x36 c:/mounriver/mounriver_studio/toolchain/risc-v embedded gcc/bin/../lib/gcc/riscv-none-embed/8.2.0/../../../../riscv-none-embed/lib/rv32imacxw/ilp32\libg_nano.a(lib_a-lseekr.o)
                0x000000000000897a                _lseek_r
 .text.malloc   0x00000000000089b0        0xc c:/mounriver/mounriver_studio/toolchain/risc-v embedded gcc/bin/../lib/gcc/riscv-none-embed/8.2.0/../../../../riscv-none-embed/lib/rv32imacxw/ilp32\libg_nano.a(lib_a-malloc.o)
                0x00000000000089b0                malloc
 .text.memchr   0x00000000000089bc       0x18 c:/mounriver/mounriver_studio/toolchain/risc-v embedded gcc/bin/../lib/gcc/riscv-none-embed/8.2.0/../../../../riscv-none-embed/lib/rv32imacxw/ilp32\libg_nano.a(lib_a-memchr.o)
                0x00000000000089bc                memchr
 .text.memmove  0x00000000000089d4       0x46 c:/mounriver/mounriver_studio/toolchain/risc-v embedded gcc/bin/../lib/gcc/riscv-none-embed/8.2.0/../../../../riscv-none-embed/lib/rv32imacxw/ilp32\libg_nano.a(lib_a-memmove.o)
                0x00000000000089d4                memmove
 .text.__malloc_lock
                0x0000000000008a1a        0x2 c:/mounriver/mounriver_studio/toolchain/risc-v embedded gcc/bin/../lib/gcc/riscv-none-embed/8.2.0/../../../../riscv-none-embed/lib/rv32imacxw/ilp32\libg_nano.a(lib_a-mlock.o)
                0x0000000000008a1a                __malloc_lock
 .text.__malloc_unlock
                0x0000000000008a1c        0x2 c:/mounriver/mounriver_studio/toolchain/risc-v embedded gcc/bin/../lib/gcc/riscv-none-embed/8.2.0/../../../../riscv-none-embed/lib/rv32imacxw/ilp32\libg_nano.a(lib_a-mlock.o)
                0x0000000000008a1c                __malloc_unlock
 .text._realloc_r
                0x0000000000008a1e       0x58 c:/mounriver/mounriver_studio/toolchain/risc-v embedded gcc/bin/../lib/gcc/riscv-none-embed/8.2.0/../../../../riscv-none-embed/lib/rv32imacxw/ilp32\libg_nano.a(lib_a-nano-reallocr.o)
                0x0000000000008a1e                _realloc_r
 .text._read_r  0x0000000000008a76       0x36 c:/mounriver/mounriver_studio/toolchain/risc-v embedded gcc/bin/../lib/gcc/riscv-none-embed/8.2.0/../../../../riscv-none-embed/lib/rv32imacxw/ilp32\libg_nano.a(lib_a-readr.o)
                0x0000000000008a76                _read_r
 .text._malloc_usable_size_r
                0x0000000000008aac       0x14 c:/mounriver/mounriver_studio/toolchain/risc-v embedded gcc/bin/../lib/gcc/riscv-none-embed/8.2.0/../../../../riscv-none-embed/lib/rv32imacxw/ilp32\libg_nano.a(lib_a-nano-msizer.o)
                0x0000000000008aac                _malloc_usable_size_r
 .text.__adddf3
                0x0000000000008ac0      0x730 c:/mounriver/mounriver_studio/toolchain/risc-v embedded gcc/bin/../lib/gcc/riscv-none-embed/8.2.0/rv32imacxw/ilp32\libgcc.a(adddf3.o)
                0x0000000000008ac0                __adddf3
 .text.__divdf3
                0x00000000000091f0      0x5b4 c:/mounriver/mounriver_studio/toolchain/risc-v embedded gcc/bin/../lib/gcc/riscv-none-embed/8.2.0/rv32imacxw/ilp32\libgcc.a(divdf3.o)
                0x00000000000091f0                __divdf3
 .text.__eqdf2  0x00000000000097a4       0x6a c:/mounriver/mounriver_studio/toolchain/risc-v embedded gcc/bin/../lib/gcc/riscv-none-embed/8.2.0/rv32imacxw/ilp32\libgcc.a(eqdf2.o)
                0x00000000000097a4                __nedf2
                0x00000000000097a4                __eqdf2
 .text.__gedf2  0x000000000000980e       0xae c:/mounriver/mounriver_studio/toolchain/risc-v embedded gcc/bin/../lib/gcc/riscv-none-embed/8.2.0/rv32imacxw/ilp32\libgcc.a(gedf2.o)
                0x000000000000980e                __gedf2
                0x000000000000980e                __gtdf2
 .text.__ledf2  0x00000000000098bc       0xb6 c:/mounriver/mounriver_studio/toolchain/risc-v embedded gcc/bin/../lib/gcc/riscv-none-embed/8.2.0/rv32imacxw/ilp32\libgcc.a(ledf2.o)
                0x00000000000098bc                __ledf2
                0x00000000000098bc                __ltdf2
 .text.__muldf3
                0x0000000000009972      0x4b8 c:/mounriver/mounriver_studio/toolchain/risc-v embedded gcc/bin/../lib/gcc/riscv-none-embed/8.2.0/rv32imacxw/ilp32\libgcc.a(muldf3.o)
                0x0000000000009972                __muldf3
 .text.__subdf3
                0x0000000000009e2a      0x73e c:/mounriver/mounriver_studio/toolchain/risc-v embedded gcc/bin/../lib/gcc/riscv-none-embed/8.2.0/rv32imacxw/ilp32\libgcc.a(subdf3.o)
                0x0000000000009e2a                __subdf3
 .text.__fixdfsi
                0x000000000000a568       0x68 c:/mounriver/mounriver_studio/toolchain/risc-v embedded gcc/bin/../lib/gcc/riscv-none-embed/8.2.0/rv32imacxw/ilp32\libgcc.a(fixdfsi.o)
                0x000000000000a568                __fixdfsi
 .text.__fixunsdfsi
                0x000000000000a5d0       0x5c c:/mounriver/mounriver_studio/toolchain/risc-v embedded gcc/bin/../lib/gcc/riscv-none-embed/8.2.0/rv32imacxw/ilp32\libgcc.a(fixunsdfsi.o)
                0x000000000000a5d0                __fixunsdfsi
 .text.__floatsidf
                0x000000000000a62c       0x72 c:/mounriver/mounriver_studio/toolchain/risc-v embedded gcc/bin/../lib/gcc/riscv-none-embed/8.2.0/rv32imacxw/ilp32\libgcc.a(floatsidf.o)
                0x000000000000a62c                __floatsidf
 .text.__floatunsidf
                0x000000000000a69e       0x68 c:/mounriver/mounriver_studio/toolchain/risc-v embedded gcc/bin/../lib/gcc/riscv-none-embed/8.2.0/rv32imacxw/ilp32\libgcc.a(floatunsidf.o)
                0x000000000000a69e                __floatunsidf
 .text._close   0x000000000000a706       0x10 c:/mounriver/mounriver_studio/toolchain/risc-v embedded gcc/bin/../lib/gcc/riscv-none-embed/8.2.0/../../../../riscv-none-embed/lib/rv32imacxw/ilp32\libnosys.a(close.o)
                0x000000000000a706                _close
 .text._fstat   0x000000000000a716       0x10 c:/mounriver/mounriver_studio/toolchain/risc-v embedded gcc/bin/../lib/gcc/riscv-none-embed/8.2.0/../../../../riscv-none-embed/lib/rv32imacxw/ilp32\libnosys.a(fstat.o)
                0x000000000000a716                _fstat
 .text._isatty  0x000000000000a726       0x10 c:/mounriver/mounriver_studio/toolchain/risc-v embedded gcc/bin/../lib/gcc/riscv-none-embed/8.2.0/../../../../riscv-none-embed/lib/rv32imacxw/ilp32\libnosys.a(isatty.o)
                0x000000000000a726                _isatty
 .text._lseek   0x000000000000a736       0x10 c:/mounriver/mounriver_studio/toolchain/risc-v embedded gcc/bin/../lib/gcc/riscv-none-embed/8.2.0/../../../../riscv-none-embed/lib/rv32imacxw/ilp32\libnosys.a(lseek.o)
                0x000000000000a736                _lseek
 .text._read    0x000000000000a746       0x10 c:/mounriver/mounriver_studio/toolchain/risc-v embedded gcc/bin/../lib/gcc/riscv-none-embed/8.2.0/../../../../riscv-none-embed/lib/rv32imacxw/ilp32\libnosys.a(read.o)
                0x000000000000a746                _read
 *(.rodata)
 *fill*         0x000000000000a756        0x2 
 .rodata        0x000000000000a758       0x10 ./User/main.o
 *(.rodata*)
 .rodata.ADS1234_AutoZero.str1.4
                0x000000000000a768      0x2a1 ./User/ADS1234.o
                                        0x2a5 (size before relaxing)
 *fill*         0x000000000000aa09        0x3 
 .rodata.ADS1234_GPIO_Config.str1.4
                0x000000000000aa0c       0x57 ./User/ADS1234.o
 *fill*         0x000000000000aa63        0x1 
 .rodata.ADS1234_Init.str1.4
                0x000000000000aa64       0x45 ./User/ADS1234.o
 *fill*         0x000000000000aaa9        0x3 
 .rodata.ADS1234_ReadData.str1.4
                0x000000000000aaac       0x3a ./User/ADS1234.o
 *fill*         0x000000000000aae6        0x2 
 .rodata.ADS1234_SetChannel.str1.4
                0x000000000000aae8       0x80 ./User/ADS1234.o
 .rodata.ADS1234_ToWeight.cst4
                0x000000000000ab68       0x14 ./User/ADS1234.o
 .rodata.ADS1234_ToWeight.str1.4
                0x000000000000ab7c       0xb4 ./User/ADS1234.o
 .rodata.Cloud_GetPendingRecharge.str1.4
                0x000000000000ac30       0x14 ./User/CLoude_bridge.o
 .rodata.Cloud_ReportCardTap.str1.4
                0x000000000000ac44        0x5 ./User/CLoude_bridge.o
 *fill*         0x000000000000ac49        0x3 
 .rodata.UART4_Init.str1.4
                0x000000000000ac4c       0x40 ./User/Uart.o
 .rodata.CalculateTotalPrice.cst4
                0x000000000000ac8c        0x4 ./User/main.o
 .rodata.CompensateCrosstalkSimple.cst4
                0x000000000000ac90        0x8 ./User/main.o
 .rodata.DisplayUserInfo.str1.4
                0x000000000000ac98       0x8e ./User/main.o
                                         0xb5 (size before relaxing)
 *fill*         0x000000000000ad26        0x2 
 .rodata.InitNewCard.str1.4
                0x000000000000ad28      0x124 ./User/main.o
 .rodata.Initialize_Data_Structures.str1.4
                0x000000000000ae4c      0x124 ./User/main.o
                                          0x1 (size before relaxing)
 .rodata.Parse_K230_JSON.str1.4
                0x000000000000ae4c       0x8d ./User/main.o
 *fill*         0x000000000000aed9        0x3 
 .rodata.Print_Main_Header.str1.4
                0x000000000000aedc      0x1c3 ./User/main.o
                                        0x207 (size before relaxing)
 *fill*         0x000000000000b09f        0x1 
 .rodata.Print_Merged_Data.str1.4
                0x000000000000b0a0      0x219 ./User/main.o
                                        0x21d (size before relaxing)
 *fill*         0x000000000000b2b9        0x3 
 .rodata.Process_K230_Data.str1.4
                0x000000000000b2bc        0xe ./User/main.o
                                         0x13 (size before relaxing)
 *fill*         0x000000000000b2ca        0x2 
 .rodata.RFID_Payment_Process.str1.4
                0x000000000000b2cc      0x549 ./User/main.o
                                        0x54d (size before relaxing)
 *fill*         0x000000000000b815        0x3 
 .rodata.ReadUserInfoFromCard.str1.4
                0x000000000000b818       0x80 ./User/main.o
 .rodata.Send_Breakfast_To_Screen.str1.4
                0x000000000000b898       0x2c ./User/main.o
 .rodata.Send_Merged_Data_To_PC.cst4
                0x000000000000b8c4        0x4 ./User/main.o
                                          0x8 (size before relaxing)
 .rodata.Send_Merged_Data_To_Screen.str1.4
                0x000000000000b8c8       0xab ./User/main.o
 *fill*         0x000000000000b973        0x1 
 .rodata.Send_Price_To_Screen.str1.4
                0x000000000000b974       0x5d ./User/main.o
 *fill*         0x000000000000b9d1        0x3 
 .rodata.UART3_Init_For_K230.str1.4
                0x000000000000b9d4       0x49 ./User/main.o
 *fill*         0x000000000000ba1d        0x3 
 .rodata.WriteBalance.str1.4
                0x000000000000ba20       0x46 ./User/main.o
 *fill*         0x000000000000ba66        0x2 
 .rodata.find_json_value.str1.4
                0x000000000000ba68        0x5 ./User/main.o
 *fill*         0x000000000000ba6d        0x3 
 .rodata.g_item_map
                0x000000000000ba70       0xd0 ./User/main.o
                0x000000000000ba70                g_item_map
 .rodata.main.cst4
                0x000000000000bb40       0x10 ./User/main.o
 .rodata.main.str1.4
                0x000000000000bb50      0x5b2 ./User/main.o
 *fill*         0x000000000000c102        0x2 
 .rodata.str1.4
                0x000000000000c104      0x24b ./User/main.o
                                        0x257 (size before relaxing)
 *fill*         0x000000000000c34f        0x1 
 .rodata.__divsf3
                0x000000000000c350       0x80 c:/mounriver/mounriver_studio/toolchain/risc-v embedded gcc/bin/../lib/gcc/riscv-none-embed/8.2.0/rv32imacxw/ilp32\libgcc.a(divsf3.o)
 .rodata.__mulsf3
                0x000000000000c3d0       0x40 c:/mounriver/mounriver_studio/toolchain/risc-v embedded gcc/bin/../lib/gcc/riscv-none-embed/8.2.0/rv32imacxw/ilp32\libgcc.a(mulsf3.o)
 .rodata.__clz_tab
                0x000000000000c410      0x100 c:/mounriver/mounriver_studio/toolchain/risc-v embedded gcc/bin/../lib/gcc/riscv-none-embed/8.2.0/rv32imacxw/ilp32\libgcc.a(_clz.o)
                0x000000000000c410                __clz_tab
 .rodata._strtod_l
                0x000000000000c510       0x14 c:/mounriver/mounriver_studio/toolchain/risc-v embedded gcc/bin/../lib/gcc/riscv-none-embed/8.2.0/../../../../riscv-none-embed/lib/rv32imacxw/ilp32\libg_nano.a(lib_a-strtod.o)
 *fill*         0x000000000000c524        0x4 
 .rodata._strtod_l.cst8
                0x000000000000c528       0x38 c:/mounriver/mounriver_studio/toolchain/risc-v embedded gcc/bin/../lib/gcc/riscv-none-embed/8.2.0/../../../../riscv-none-embed/lib/rv32imacxw/ilp32\libg_nano.a(lib_a-strtod.o)
 .rodata._strtod_l.str1.4
                0x000000000000c560        0xf c:/mounriver/mounriver_studio/toolchain/risc-v embedded gcc/bin/../lib/gcc/riscv-none-embed/8.2.0/../../../../riscv-none-embed/lib/rv32imacxw/ilp32\libg_nano.a(lib_a-strtod.o)
 *fill*         0x000000000000c56f        0x1 
 .rodata.fpi.3395
                0x000000000000c570       0x14 c:/mounriver/mounriver_studio/toolchain/risc-v embedded gcc/bin/../lib/gcc/riscv-none-embed/8.2.0/../../../../riscv-none-embed/lib/rv32imacxw/ilp32\libg_nano.a(lib_a-strtod.o)
 .rodata.fpinan.3431
                0x000000000000c584       0x14 c:/mounriver/mounriver_studio/toolchain/risc-v embedded gcc/bin/../lib/gcc/riscv-none-embed/8.2.0/../../../../riscv-none-embed/lib/rv32imacxw/ilp32\libg_nano.a(lib_a-strtod.o)
 .rodata.tinytens
                0x000000000000c598       0x28 c:/mounriver/mounriver_studio/toolchain/risc-v embedded gcc/bin/../lib/gcc/riscv-none-embed/8.2.0/../../../../riscv-none-embed/lib/rv32imacxw/ilp32\libg_nano.a(lib_a-strtod.o)
 .rodata.__sf_fake_stderr
                0x000000000000c5c0       0x20 c:/mounriver/mounriver_studio/toolchain/risc-v embedded gcc/bin/../lib/gcc/riscv-none-embed/8.2.0/../../../../riscv-none-embed/lib/rv32imacxw/ilp32\libg_nano.a(lib_a-findfp.o)
                0x000000000000c5c0                __sf_fake_stderr
 .rodata.__sf_fake_stdin
                0x000000000000c5e0       0x20 c:/mounriver/mounriver_studio/toolchain/risc-v embedded gcc/bin/../lib/gcc/riscv-none-embed/8.2.0/../../../../riscv-none-embed/lib/rv32imacxw/ilp32\libg_nano.a(lib_a-findfp.o)
                0x000000000000c5e0                __sf_fake_stdin
 .rodata.__sf_fake_stdout
                0x000000000000c600       0x20 c:/mounriver/mounriver_studio/toolchain/risc-v embedded gcc/bin/../lib/gcc/riscv-none-embed/8.2.0/../../../../riscv-none-embed/lib/rv32imacxw/ilp32\libg_nano.a(lib_a-findfp.o)
                0x000000000000c600                __sf_fake_stdout
 .rodata._setlocale_r.str1.4
                0x000000000000c620        0xa c:/mounriver/mounriver_studio/toolchain/risc-v embedded gcc/bin/../lib/gcc/riscv-none-embed/8.2.0/../../../../riscv-none-embed/lib/rv32imacxw/ilp32\libg_nano.a(lib_a-locale.o)
                                          0xd (size before relaxing)
 *fill*         0x000000000000c62a        0x2 
 .rodata.str1.4
                0x000000000000c62c        0x2 c:/mounriver/mounriver_studio/toolchain/risc-v embedded gcc/bin/../lib/gcc/riscv-none-embed/8.2.0/../../../../riscv-none-embed/lib/rv32imacxw/ilp32\libg_nano.a(lib_a-locale.o)
 *fill*         0x000000000000c62e        0x2 
 .rodata.__mprec_bigtens
                0x000000000000c630       0x28 c:/mounriver/mounriver_studio/toolchain/risc-v embedded gcc/bin/../lib/gcc/riscv-none-embed/8.2.0/../../../../riscv-none-embed/lib/rv32imacxw/ilp32\libg_nano.a(lib_a-mprec.o)
                0x000000000000c630                __mprec_bigtens
 .rodata.__mprec_tens
                0x000000000000c658       0xc8 c:/mounriver/mounriver_studio/toolchain/risc-v embedded gcc/bin/../lib/gcc/riscv-none-embed/8.2.0/../../../../riscv-none-embed/lib/rv32imacxw/ilp32\libg_nano.a(lib_a-mprec.o)
                0x000000000000c658                __mprec_tens
 .rodata.p05.3319
                0x000000000000c720        0xc c:/mounriver/mounriver_studio/toolchain/risc-v embedded gcc/bin/../lib/gcc/riscv-none-embed/8.2.0/../../../../riscv-none-embed/lib/rv32imacxw/ilp32\libg_nano.a(lib_a-mprec.o)
 .rodata._svfprintf_r.str1.4
                0x000000000000c72c       0x13 c:/mounriver/mounriver_studio/toolchain/risc-v embedded gcc/bin/../lib/gcc/riscv-none-embed/8.2.0/../../../../riscv-none-embed/lib/rv32imacxw/ilp32\libg_nano.a(lib_a-nano-svfprintf.o)
 .rodata._vfprintf_r.str1.4
                0x000000000000c73f       0x13 c:/mounriver/mounriver_studio/toolchain/risc-v embedded gcc/bin/../lib/gcc/riscv-none-embed/8.2.0/../../../../riscv-none-embed/lib/rv32imacxw/ilp32\libg_nano.a(lib_a-nano-vfprintf.o)
 *fill*         0x000000000000c73f        0x1 
 .rodata._printf_i.str1.4
                0x000000000000c740       0x28 c:/mounriver/mounriver_studio/toolchain/risc-v embedded gcc/bin/../lib/gcc/riscv-none-embed/8.2.0/../../../../riscv-none-embed/lib/rv32imacxw/ilp32\libg_nano.a(lib_a-nano-vfprintf_i.o)
                                         0x25 (size before relaxing)
 .rodata._ctype_
                0x000000000000c768      0x101 c:/mounriver/mounriver_studio/toolchain/risc-v embedded gcc/bin/../lib/gcc/riscv-none-embed/8.2.0/../../../../riscv-none-embed/lib/rv32imacxw/ilp32\libg_nano.a(lib_a-ctype_.o)
                0x000000000000c768                _ctype_
 *fill*         0x000000000000c869        0x3 
 .rodata.__divdf3
                0x000000000000c86c       0x40 c:/mounriver/mounriver_studio/toolchain/risc-v embedded gcc/bin/../lib/gcc/riscv-none-embed/8.2.0/rv32imacxw/ilp32\libgcc.a(divdf3.o)
 .rodata.__muldf3
                0x000000000000c8ac       0x40 c:/mounriver/mounriver_studio/toolchain/risc-v embedded gcc/bin/../lib/gcc/riscv-none-embed/8.2.0/rv32imacxw/ilp32\libgcc.a(muldf3.o)
 *(.gnu.linkonce.t.*)
                0x000000000000c8ec                . = ALIGN (0x4)

.rela.dyn       0x000000000000c8ec        0x0
 .rela.init     0x000000000000c8ec        0x0 ./User/ADS1234.o
 .rela.vector   0x000000000000c8ec        0x0 ./User/ADS1234.o
 .rela.text.handle_reset
                0x000000000000c8ec        0x0 ./User/ADS1234.o
 .rela.text._sbrk
                0x000000000000c8ec        0x0 ./User/ADS1234.o
 .rela.sdata.curbrk.5273
                0x000000000000c8ec        0x0 ./User/ADS1234.o
 .rela.text._svfprintf_r
                0x000000000000c8ec        0x0 ./User/ADS1234.o
 .rela.text._vfprintf_r
                0x000000000000c8ec        0x0 ./User/ADS1234.o
 .rela.text._sbrk_r
                0x000000000000c8ec        0x0 ./User/ADS1234.o
 .rela.text._write_r
                0x000000000000c8ec        0x0 ./User/ADS1234.o
 .rela.text._close_r
                0x000000000000c8ec        0x0 ./User/ADS1234.o
 .rela.text._fstat_r
                0x000000000000c8ec        0x0 ./User/ADS1234.o
 .rela.text._isatty_r
                0x000000000000c8ec        0x0 ./User/ADS1234.o
 .rela.text._lseek_r
                0x000000000000c8ec        0x0 ./User/ADS1234.o
 .rela.text._read_r
                0x000000000000c8ec        0x0 ./User/ADS1234.o
 .rela.text._close
                0x000000000000c8ec        0x0 ./User/ADS1234.o
 .rela.text._fstat
                0x000000000000c8ec        0x0 ./User/ADS1234.o
 .rela.text._isatty
                0x000000000000c8ec        0x0 ./User/ADS1234.o
 .rela.text._lseek
                0x000000000000c8ec        0x0 ./User/ADS1234.o
 .rela.text._read
                0x000000000000c8ec        0x0 ./User/ADS1234.o

.fini           0x000000000000c8ec        0x0
 *(SORT_NONE(.fini))
                0x000000000000c8ec                . = ALIGN (0x4)
                [!provide]                        PROVIDE (_etext = .)
                [!provide]                        PROVIDE (_eitcm = .)

.preinit_array  0x000000000000c8ec        0x0
                [!provide]                        PROVIDE (__preinit_array_start = .)
 *(.preinit_array)
                [!provide]                        PROVIDE (__preinit_array_end = .)

.init_array     0x000000000000c8ec        0x0
                [!provide]                        PROVIDE (__init_array_start = .)
 *(SORT_BY_INIT_PRIORITY(.init_array.*) SORT_BY_INIT_PRIORITY(.ctors.*))
 *(.init_array EXCLUDE_FILE(*crtend?.o *crtend.o *crtbegin?.o *crtbegin.o) .ctors)
                [!provide]                        PROVIDE (__init_array_end = .)

.fini_array     0x000000000000c8ec        0x0
                [!provide]                        PROVIDE (__fini_array_start = .)
 *(SORT_BY_INIT_PRIORITY(.fini_array.*) SORT_BY_INIT_PRIORITY(.dtors.*))
 *(.fini_array EXCLUDE_FILE(*crtend?.o *crtend.o *crtbegin?.o *crtbegin.o) .dtors)
                [!provide]                        PROVIDE (__fini_array_end = .)

.ctors
 *crtbegin.o(.ctors)
 *crtbegin?.o(.ctors)
 *(EXCLUDE_FILE(*crtend?.o *crtend.o) .ctors)
 *(SORT_BY_NAME(.ctors.*))
 *(.ctors)

.dtors
 *crtbegin.o(.dtors)
 *crtbegin?.o(.dtors)
 *(EXCLUDE_FILE(*crtend?.o *crtend.o) .dtors)
 *(SORT_BY_NAME(.dtors.*))
 *(.dtors)

.dalign         0x0000000020000000        0x0 load address 0x000000000000c8ec
                0x0000000020000000                . = ALIGN (0x4)
                0x0000000020000000                PROVIDE (_data_vma = .)

.dlalign        0x000000000000c8ec        0x0
                0x000000000000c8ec                . = ALIGN (0x4)
                0x000000000000c8ec                PROVIDE (_data_lma = .)

.data           0x0000000020000000      0x4f8 load address 0x000000000000c8ec
 *(.gnu.linkonce.r.*)
 *(.data .data.*)
 .data.g_price_table
                0x0000000020000000      0x2ec ./User/main.o
                0x0000000020000000                g_price_table
 .data.AHBPrescTable
                0x00000000200002ec       0x10 ./User/system_ch32v30x.o
                0x00000000200002ec                AHBPrescTable
 .data.APBAHBPrescTable
                0x00000000200002fc       0x10 ./Peripheral/src/ch32v30x_rcc.o
 .data.impure_data
                0x000000002000030c       0x60 c:/mounriver/mounriver_studio/toolchain/risc-v embedded gcc/bin/../lib/gcc/riscv-none-embed/8.2.0/../../../../riscv-none-embed/lib/rv32imacxw/ilp32\libg_nano.a(lib_a-impure.o)
 .data.__global_locale
                0x000000002000036c      0x16c c:/mounriver/mounriver_studio/toolchain/risc-v embedded gcc/bin/../lib/gcc/riscv-none-embed/8.2.0/../../../../riscv-none-embed/lib/rv32imacxw/ilp32\libg_nano.a(lib_a-locale.o)
                0x000000002000036c                __global_locale
 *(.gnu.linkonce.d.*)
                0x00000000200004d8                . = ALIGN (0x8)
                0x0000000020000cd8                PROVIDE (__global_pointer$ = (. + 0x800))
 *(.sdata .sdata.*)
 .sdata.Default_Key
                0x00000000200004d8        0x6 ./User/main.o
                0x00000000200004d8                Default_Key
 .sdata.Uart_Flag
                0x00000000200004de        0x1 ./User/main.o
                0x00000000200004de                Uart_Flag
 .sdata.first_send.6299
                0x00000000200004df        0x1 ./User/main.o
 .sdata.g_price_count
                0x00000000200004e0        0x1 ./User/main.o
                0x00000000200004e0                g_price_count
 *fill*         0x00000000200004e1        0x3 
 .sdata.SystemCoreClock
                0x00000000200004e4        0x4 ./User/system_ch32v30x.o
                0x00000000200004e4                SystemCoreClock
 .sdata.ADCPrescTable
                0x00000000200004e8        0x4 ./Peripheral/src/ch32v30x_rcc.o
 .sdata.curbrk.5273
                0x00000000200004ec        0x4 ./Debug/debug.o
 .sdata._impure_ptr
                0x00000000200004f0        0x4 c:/mounriver/mounriver_studio/toolchain/risc-v embedded gcc/bin/../lib/gcc/riscv-none-embed/8.2.0/../../../../riscv-none-embed/lib/rv32imacxw/ilp32\libg_nano.a(lib_a-impure.o)
                0x00000000200004f0                _impure_ptr
 *(.sdata2.*)
 .sdata2._global_impure_ptr
                0x00000000200004f4        0x4 c:/mounriver/mounriver_studio/toolchain/risc-v embedded gcc/bin/../lib/gcc/riscv-none-embed/8.2.0/../../../../riscv-none-embed/lib/rv32imacxw/ilp32\libg_nano.a(lib_a-impure.o)
                0x00000000200004f4                _global_impure_ptr
 *(.gnu.linkonce.s.*)
                0x00000000200004f8                . = ALIGN (0x8)
 *(.srodata.cst16)
 *(.srodata.cst8)
 *(.srodata.cst4)
 *(.srodata.cst2)
 *(.srodata .srodata.*)
                0x00000000200004f8                . = ALIGN (0x4)
                0x00000000200004f8                PROVIDE (_edata = .)

.bss            0x00000000200004f8     0x1290 load address 0x000000000000cde4
                0x00000000200004f8                . = ALIGN (0x4)
                0x00000000200004f8                PROVIDE (_sbss = .)
 *(.sbss*)
 .sbss.channel_received.5361
                0x00000000200004f8        0x4 ./User/ADS1234.o
 .sbss.g_is_calibrated
                0x00000000200004fc        0x4 ./User/ADS1234.o
 .sbss.g_cloud_frame_len
                0x0000000020000500        0x2 ./User/CLoud_protocol.o
 .sbss.g_cloud_frame_ready
                0x0000000020000502        0x1 ./User/CLoud_protocol.o
 .sbss.g_cloud_frame_type
                0x0000000020000503        0x1 ./User/CLoud_protocol.o
 .sbss.g_cloud_rx_idx
                0x0000000020000504        0x2 ./User/CLoud_protocol.o
 .sbss.g_pending_count
                0x0000000020000506        0x1 ./User/CLoude_bridge.o
 *fill*         0x0000000020000507        0x1 
 .sbss.g_sys_tick
                0x0000000020000508        0x4 ./User/System.o
                0x0000000020000508                g_sys_tick
 .sbss.UART5_RxFlag
                0x000000002000050c        0x1 ./User/Uart1.o
                0x000000002000050c                UART5_RxFlag
 *fill*         0x000000002000050d        0x1 
 .sbss.UART5_RxLen
                0x000000002000050e        0x2 ./User/Uart1.o
                0x000000002000050e                UART5_RxLen
 .sbss.uart5_bytes
                0x0000000020000510        0x2 ./User/Uart1.o
                0x0000000020000510                uart5_bytes
 *fill*         0x0000000020000512        0x2 
 .sbss.uart5_last_byte
                0x0000000020000514        0x4 ./User/Uart1.o
                0x0000000020000514                uart5_last_byte
 .sbss.Timer_2s
                0x0000000020000518        0x4 ./User/main.o
                0x0000000020000518                Timer_2s
 .sbss.admin_processing.6525
                0x000000002000051c        0x4 ./User/main.o
 .sbss.admin_uid
                0x0000000020000520        0x4 ./User/main.o
                0x0000000020000520                admin_uid
 .sbss.fail_page_start
                0x0000000020000524        0x4 ./User/main.o
                0x0000000020000524                fail_page_start
 .sbss.g_items_updated
                0x0000000020000528        0x1 ./User/main.o
                0x0000000020000528                g_items_updated
 *fill*         0x0000000020000529        0x3 
 .sbss.g_k230_last_time
                0x000000002000052c        0x4 ./User/main.o
                0x000000002000052c                g_k230_last_time
 .sbss.g_tick   0x0000000020000530        0x4 ./User/main.o
                0x0000000020000530                g_tick
 .sbss.g_total_price
                0x0000000020000534        0x2 ./User/main.o
                0x0000000020000534                g_total_price
 .sbss.g_weights_updated
                0x0000000020000536        0x1 ./User/main.o
                0x0000000020000536                g_weights_updated
 .sbss.in_json_frame
                0x0000000020000537        0x1 ./User/main.o
                0x0000000020000537                in_json_frame
 .sbss.init_attempt.6523
                0x0000000020000538        0x4 ./User/main.o
 .sbss.last_heartbeat.6482
                0x000000002000053c        0x4 ./User/main.o
 .sbss.last_screen.6485
                0x0000000020000540        0x4 ./User/main.o
 .sbss.last_uid.6524
                0x0000000020000544        0x4 ./User/main.o
 .sbss.menu_div.6484
                0x0000000020000548        0x4 ./User/main.o
 .sbss.rfid_busy
                0x000000002000054c        0x1 ./User/main.o
                0x000000002000054c                rfid_busy
 *fill*         0x000000002000054d        0x3 
 .sbss.rfid_div.6483
                0x0000000020000550        0x4 ./User/main.o
 .sbss.show_fail_page
                0x0000000020000554        0x1 ./User/main.o
                0x0000000020000554                show_fail_page
 .sbss.show_success_page
                0x0000000020000555        0x1 ./User/main.o
                0x0000000020000555                show_success_page
 *fill*         0x0000000020000556        0x2 
 .sbss.success_page_start
                0x0000000020000558        0x4 ./User/main.o
                0x0000000020000558                success_page_start
 .sbss.system_mode
                0x000000002000055c        0x4 ./User/main.o
                0x000000002000055c                system_mode
 .sbss.timeout_cnt.6527
                0x0000000020000560        0x4 ./User/main.o
 .sbss.uart3_rx_complete
                0x0000000020000564        0x1 ./User/main.o
                0x0000000020000564                uart3_rx_complete
 *fill*         0x0000000020000565        0x1 
 .sbss.uart3_rx_index
                0x0000000020000566        0x2 ./User/main.o
                0x0000000020000566                uart3_rx_index
 .sbss.NVIC_Priority_Group
                0x0000000020000568        0x4 ./Peripheral/src/ch32v30x_misc.o
                0x0000000020000568                NVIC_Priority_Group
 .sbss.p_ms     0x000000002000056c        0x2 ./Debug/debug.o
 .sbss.p_us     0x000000002000056e        0x1 ./Debug/debug.o
 *fill*         0x000000002000056f        0x1 
 .sbss.__malloc_free_list
                0x0000000020000570        0x4 c:/mounriver/mounriver_studio/toolchain/risc-v embedded gcc/bin/../lib/gcc/riscv-none-embed/8.2.0/../../../../riscv-none-embed/lib/rv32imacxw/ilp32\libg_nano.a(lib_a-nano-mallocr.o)
                0x0000000020000570                __malloc_free_list
 .sbss.__malloc_sbrk_start
                0x0000000020000574        0x4 c:/mounriver/mounriver_studio/toolchain/risc-v embedded gcc/bin/../lib/gcc/riscv-none-embed/8.2.0/../../../../riscv-none-embed/lib/rv32imacxw/ilp32\libg_nano.a(lib_a-nano-mallocr.o)
                0x0000000020000574                __malloc_sbrk_start
 *(.gnu.linkonce.sb.*)
 *(.bss*)
 .bss.adc_data.5358
                0x0000000020000578       0x10 ./User/ADS1234.o
 .bss.diff_data.5360
                0x0000000020000588       0x10 ./User/ADS1234.o
 .bss.g_scale_factor
                0x0000000020000598       0x10 ./User/ADS1234.o
                0x0000000020000598                g_scale_factor
 .bss.g_zero_adc
                0x00000000200005a8       0x10 ./User/ADS1234.o
 .bss.prev_weight.5362
                0x00000000200005b8       0x10 ./User/ADS1234.o
 .bss.weight_data.5357
                0x00000000200005c8       0x10 ./User/ADS1234.o
 .bss.zero_data.5359
                0x00000000200005d8       0x10 ./User/ADS1234.o
 .bss.g_cloud_frame_payload
                0x00000000200005e8      0x100 ./User/CLoud_protocol.o
 .bss.g_cloud_rx_buf
                0x00000000200006e8      0x200 ./User/CLoud_protocol.o
 .bss.g_pending_list
                0x00000000200008e8      0x1a0 ./User/CLoude_bridge.o
 .bss.UART5_RxBuf
                0x0000000020000a88      0x200 ./User/Uart1.o
                0x0000000020000a88                UART5_RxBuf
 .bss.g_items   0x0000000020000c88      0x140 ./User/main.o
                0x0000000020000c88                g_items
 .bss.g_merged_data
                0x0000000020000dc8      0x150 ./User/main.o
                0x0000000020000dc8                g_merged_data
 .bss.g_saved_dishes
                0x0000000020000f18       0x3c ./User/main.o
                0x0000000020000f18                g_saved_dishes
 .bss.g_weights
                0x0000000020000f54       0x30 ./User/main.o
                0x0000000020000f54                g_weights
 .bss.uart3_rx_buffer
                0x0000000020000f84      0x800 ./User/main.o
                0x0000000020000f84                uart3_rx_buffer
 *(.gnu.linkonce.b.*)
 *(COMMON*)
 COMMON         0x0000000020001784        0x4 c:/mounriver/mounriver_studio/toolchain/risc-v embedded gcc/bin/../lib/gcc/riscv-none-embed/8.2.0/../../../../riscv-none-embed/lib/rv32imacxw/ilp32\libg_nano.a(lib_a-reent.o)
                0x0000000020001784                errno
                0x0000000020001788                . = ALIGN (0x4)
                0x0000000020001788                PROVIDE (_ebss = .)
                0x0000000020001788                PROVIDE (_end = _ebss)
                [!provide]                        PROVIDE (end = .)

.stack          0x0000000020007800      0x800
                0x0000000020007800                PROVIDE (_heap_end = .)
                0x0000000020007800                . = ALIGN (0x4)
                [!provide]                        PROVIDE (_susrstack = .)
                0x0000000020008000                . = (. + __stack_size)
 *fill*         0x0000000020007800      0x800 
                0x0000000020008000                PROVIDE (_eusrstack = .)
OUTPUT(15.elf elf32-littleriscv)

.debug_info     0x0000000000000000    0x1b650
 .debug_info    0x0000000000000000     0x1c9d ./User/ADS1234.o
 .debug_info    0x0000000000001c9d      0xe2e ./User/CLoud_protocol.o
 .debug_info    0x0000000000002acb      0xf6d ./User/CLoude_bridge.o
 .debug_info    0x0000000000003a38     0x2152 ./User/Card.o
 .debug_info    0x0000000000005b8a      0xcd9 ./User/System.o
 .debug_info    0x0000000000006863     0x1003 ./User/Timer.o
 .debug_info    0x0000000000007866     0x13c3 ./User/Uart.o
 .debug_info    0x0000000000008c29     0x1871 ./User/Uart1.o
 .debug_info    0x000000000000a49a      0xbc0 ./User/ch32v30x_it.o
 .debug_info    0x000000000000b05a     0x53bf ./User/main.o
 .debug_info    0x0000000000010419      0xb4d ./User/system_ch32v30x.o
 .debug_info    0x0000000000010f66       0x22 ./Startup/startup_ch32v30x_D8C.o
 .debug_info    0x0000000000010f88     0x12aa ./Peripheral/src/ch32v30x_gpio.o
 .debug_info    0x0000000000012232      0xf5b ./Peripheral/src/ch32v30x_misc.o
 .debug_info    0x000000000001318d     0x158a ./Peripheral/src/ch32v30x_rcc.o
 .debug_info    0x0000000000014717     0x12cd ./Peripheral/src/ch32v30x_spi.o
 .debug_info    0x00000000000159e4     0x2a54 ./Peripheral/src/ch32v30x_tim.o
 .debug_info    0x0000000000018438     0x13cd ./Peripheral/src/ch32v30x_usart.o
 .debug_info    0x0000000000019805      0xf01 ./Driver/Audio.o
 .debug_info    0x000000000001a706      0xf4a ./Debug/debug.o

.debug_abbrev   0x0000000000000000     0x3d73
 .debug_abbrev  0x0000000000000000      0x42a ./User/ADS1234.o
 .debug_abbrev  0x000000000000042a      0x38f ./User/CLoud_protocol.o
 .debug_abbrev  0x00000000000007b9      0x2ad ./User/CLoude_bridge.o
 .debug_abbrev  0x0000000000000a66      0x3dc ./User/Card.o
 .debug_abbrev  0x0000000000000e42      0x305 ./User/System.o
 .debug_abbrev  0x0000000000001147      0x295 ./User/Timer.o
 .debug_abbrev  0x00000000000013dc      0x2e7 ./User/Uart.o
 .debug_abbrev  0x00000000000016c3      0x3d5 ./User/Uart1.o
 .debug_abbrev  0x0000000000001a98      0x22c ./User/ch32v30x_it.o
 .debug_abbrev  0x0000000000001cc4      0x4e1 ./User/main.o
 .debug_abbrev  0x00000000000021a5      0x28b ./User/system_ch32v30x.o
 .debug_abbrev  0x0000000000002430       0x12 ./Startup/startup_ch32v30x_D8C.o
 .debug_abbrev  0x0000000000002442      0x31a ./Peripheral/src/ch32v30x_gpio.o
 .debug_abbrev  0x000000000000275c      0x2da ./Peripheral/src/ch32v30x_misc.o
 .debug_abbrev  0x0000000000002a36      0x351 ./Peripheral/src/ch32v30x_rcc.o
 .debug_abbrev  0x0000000000002d87      0x312 ./Peripheral/src/ch32v30x_spi.o
 .debug_abbrev  0x0000000000003099      0x3ff ./Peripheral/src/ch32v30x_tim.o
 .debug_abbrev  0x0000000000003498      0x312 ./Peripheral/src/ch32v30x_usart.o
 .debug_abbrev  0x00000000000037aa      0x2d4 ./Driver/Audio.o
 .debug_abbrev  0x0000000000003a7e      0x2f5 ./Debug/debug.o

.debug_loc      0x0000000000000000     0x6997
 .debug_loc     0x0000000000000000      0x5fc ./User/ADS1234.o
 .debug_loc     0x00000000000005fc      0x464 ./User/CLoud_protocol.o
 .debug_loc     0x0000000000000a60      0x356 ./User/CLoude_bridge.o
 .debug_loc     0x0000000000000db6      0xa40 ./User/Card.o
 .debug_loc     0x00000000000017f6       0x82 ./User/System.o
 .debug_loc     0x0000000000001878       0x42 ./User/Timer.o
 .debug_loc     0x00000000000018ba      0x158 ./User/Uart.o
 .debug_loc     0x0000000000001a12      0x304 ./User/Uart1.o
 .debug_loc     0x0000000000001d16     0x111f ./User/main.o
 .debug_loc     0x0000000000002e35      0x163 ./User/system_ch32v30x.o
 .debug_loc     0x0000000000002f98      0x72b ./Peripheral/src/ch32v30x_gpio.o
 .debug_loc     0x00000000000036c3       0x61 ./Peripheral/src/ch32v30x_misc.o
 .debug_loc     0x0000000000003724      0xadb ./Peripheral/src/ch32v30x_rcc.o
 .debug_loc     0x00000000000041ff      0x598 ./Peripheral/src/ch32v30x_spi.o
 .debug_loc     0x0000000000004797     0x18b7 ./Peripheral/src/ch32v30x_tim.o
 .debug_loc     0x000000000000604e      0x779 ./Peripheral/src/ch32v30x_usart.o
 .debug_loc     0x00000000000067c7       0x59 ./Driver/Audio.o
 .debug_loc     0x0000000000006820      0x177 ./Debug/debug.o

.debug_aranges  0x0000000000000000      0xc18
 .debug_aranges
                0x0000000000000000       0x78 ./User/ADS1234.o
 .debug_aranges
                0x0000000000000078       0x58 ./User/CLoud_protocol.o
 .debug_aranges
                0x00000000000000d0       0x48 ./User/CLoude_bridge.o
 .debug_aranges
                0x0000000000000118       0xd8 ./User/Card.o
 .debug_aranges
                0x00000000000001f0       0x40 ./User/System.o
 .debug_aranges
                0x0000000000000230       0x20 ./User/Timer.o
 .debug_aranges
                0x0000000000000250       0x50 ./User/Uart.o
 .debug_aranges
                0x00000000000002a0       0x58 ./User/Uart1.o
 .debug_aranges
                0x00000000000002f8       0x28 ./User/ch32v30x_it.o
 .debug_aranges
                0x0000000000000320      0x100 ./User/main.o
 .debug_aranges
                0x0000000000000420       0x28 ./User/system_ch32v30x.o
 .debug_aranges
                0x0000000000000448       0x30 ./Startup/startup_ch32v30x_D8C.o
 .debug_aranges
                0x0000000000000478       0xb0 ./Peripheral/src/ch32v30x_gpio.o
 .debug_aranges
                0x0000000000000528       0x28 ./Peripheral/src/ch32v30x_misc.o
 .debug_aranges
                0x0000000000000550      0x1a8 ./Peripheral/src/ch32v30x_rcc.o
 .debug_aranges