Archive member included to satisfy reference by file (symbol)

c:/mounriver/mounriver_studio/toolchain/risc-v embedded gcc/bin/../lib/gcc/riscv-none-embed/8.2.0/rv32imacxw/ilp32\libgcc.a(addsf3.o)
                              ./User/ADS1234.o (__addsf3)
c:/mounriver/mounriver_studio/toolchain/risc-v embedded gcc/bin/../lib/gcc/riscv-none-embed/8.2.0/rv32imacxw/ilp32\libgcc.a(divsf3.o)
                              ./User/ADS1234.o (__divsf3)
c:/mounriver/mounriver_studio/toolchain/risc-v embedded gcc/bin/../lib/gcc/riscv-none-embed/8.2.0/rv32imacxw/ilp32\libgcc.a(eqsf2.o)
                              ./User/ADS1234.o (__eqsf2)
c:/mounriver/mounriver_studio/toolchain/risc-v embedded gcc/bin/../lib/gcc/riscv-none-embed/8.2.0/rv32imacxw/ilp32\libgcc.a(gesf2.o)
                              ./User/main.o (__gesf2)
c:/mounriver/mounriver_studio/toolchain/risc-v embedded gcc/bin/../lib/gcc/riscv-none-embed/8.2.0/rv32imacxw/ilp32\libgcc.a(lesf2.o)
                              ./User/ADS1234.o (__ltsf2)
c:/mounriver/mounriver_studio/toolchain/risc-v embedded gcc/bin/../lib/gcc/riscv-none-embed/8.2.0/rv32imacxw/ilp32\libgcc.a(mulsf3.o)
                              ./User/ADS1234.o (__mulsf3)
c:/mounriver/mounriver_studio/toolchain/risc-v embedded gcc/bin/../lib/gcc/riscv-none-embed/8.2.0/rv32imacxw/ilp32\libgcc.a(subsf3.o)
                              ./User/ADS1234.o (__subsf3)
c:/mounriver/mounriver_studio/toolchain/risc-v embedded gcc/bin/../lib/gcc/riscv-none-embed/8.2.0/rv32imacxw/ilp32\libgcc.a(fixsfsi.o)
                              ./User/ADS1234.o (__fixsfsi)
c:/mounriver/mounriver_studio/toolchain/risc-v embedded gcc/bin/../lib/gcc/riscv-none-embed/8.2.0/rv32imacxw/ilp32\libgcc.a(floatsisf.o)
                              ./User/ADS1234.o (__floatsisf)
c:/mounriver/mounriver_studio/toolchain/risc-v embedded gcc/bin/../lib/gcc/riscv-none-embed/8.2.0/rv32imacxw/ilp32\libgcc.a(extendsfdf2.o)
                              ./User/ADS1234.o (__extendsfdf2)
c:/mounriver/mounriver_studio/toolchain/risc-v embedded gcc/bin/../lib/gcc/riscv-none-embed/8.2.0/rv32imacxw/ilp32\libgcc.a(save-restore.o)
                              ./User/ADS1234.o (__riscv_save_12)
c:/mounriver/mounriver_studio/toolchain/risc-v embedded gcc/bin/../lib/gcc/riscv-none-embed/8.2.0/rv32imacxw/ilp32\libgcc.a(_clzsi2.o)
                              c:/mounriver/mounriver_studio/toolchain/risc-v embedded gcc/bin/../lib/gcc/riscv-none-embed/8.2.0/rv32imacxw/ilp32\libgcc.a(addsf3.o) (__clzsi2)
c:/mounriver/mounriver_studio/toolchain/risc-v embedded gcc/bin/../lib/gcc/riscv-none-embed/8.2.0/rv32imacxw/ilp32\libgcc.a(_clz.o)
                              c:/mounriver/mounriver_studio/toolchain/risc-v embedded gcc/bin/../lib/gcc/riscv-none-embed/8.2.0/rv32imacxw/ilp32\libgcc.a(_clzsi2.o) (__clz_tab)
c:/mounriver/mounriver_studio/toolchain/risc-v embedded gcc/bin/../lib/gcc/riscv-none-embed/8.2.0/../../../../riscv-none-embed/lib/rv32imacxw/ilp32\libg_nano.a(lib_a-memcmp.o)
                              ./User/main.o (memcmp)
c:/mounriver/mounriver_studio/toolchain/risc-v embedded gcc/bin/../lib/gcc/riscv-none-embed/8.2.0/../../../../riscv-none-embed/lib/rv32imacxw/ilp32\libg_nano.a(lib_a-memcpy.o)
                              ./User/main.o (memcpy)
c:/mounriver/mounriver_studio/toolchain/risc-v embedded gcc/bin/../lib/gcc/riscv-none-embed/8.2.0/../../../../riscv-none-embed/lib/rv32imacxw/ilp32\libg_nano.a(lib_a-memset.o)
                              ./User/main.o (memset)
c:/mounriver/mounriver_studio/toolchain/risc-v embedded gcc/bin/../lib/gcc/riscv-none-embed/8.2.0/../../../../riscv-none-embed/lib/rv32imacxw/ilp32\libg_nano.a(lib_a-printf.o)
                              ./User/ADS1234.o (printf)
c:/mounriver/mounriver_studio/toolchain/risc-v embedded gcc/bin/../lib/gcc/riscv-none-embed/8.2.0/../../../../riscv-none-embed/lib/rv32imacxw/ilp32\libg_nano.a(lib_a-putchar.o)
                              ./User/ADS1234.o (putchar)
c:/mounriver/mounriver_studio/toolchain/risc-v embedded gcc/bin/../lib/gcc/riscv-none-embed/8.2.0/../../../../riscv-none-embed/lib/rv32imacxw/ilp32\libg_nano.a(lib_a-puts.o)
                              ./User/ADS1234.o (puts)
c:/mounriver/mounriver_studio/toolchain/risc-v embedded gcc/bin/../lib/gcc/riscv-none-embed/8.2.0/../../../../riscv-none-embed/lib/rv32imacxw/ilp32\libg_nano.a(lib_a-sprintf.o)
                              ./User/ADS1234.o (sprintf)
c:/mounriver/mounriver_studio/toolchain/risc-v embedded gcc/bin/../lib/gcc/riscv-none-embed/8.2.0/../../../../riscv-none-embed/lib/rv32imacxw/ilp32\libg_nano.a(lib_a-strchr.o)
                              ./User/main.o (strchr)
c:/mounriver/mounriver_studio/toolchain/risc-v embedded gcc/bin/../lib/gcc/riscv-none-embed/8.2.0/../../../../riscv-none-embed/lib/rv32imacxw/ilp32\libg_nano.a(lib_a-strcmp.o)
                              ./User/main.o (strcmp)
[...]
Memory Configuration

Name             Origin             Length             Attributes
FLASH            0x0000000000000000 0x0000000000048000 xr
RAM              0x0000000020000000 0x0000000000008000 xrw
*default*        0x0000000000000000 0xffffffffffffffff

Linker script and memory map

LOAD ./User/ADS1234.o
LOAD ./User/Card.o
LOAD ./User/System.o
LOAD ./User/Timer.o
LOAD ./User/Uart.o
LOAD ./User/ch32v30x_it.o
LOAD ./User/main.o
LOAD ./User/system_ch32v30x.o
LOAD ./User/test_uart4.o
LOAD ./Startup/startup_ch32v30x_D8C.o
LOAD ./Peripheral/src/ch32v30x_adc.o
LOAD ./Peripheral/src/ch32v30x_bkp.o
LOAD ./Peripheral/src/ch32v30x_can.o
LOAD ./Peripheral/src/ch32v30x_crc.o
LOAD ./Peripheral/src/ch32v30x_dac.o
LOAD ./Peripheral/src/ch32v30x_dbgmcu.o
LOAD ./Peripheral/src/ch32v30x_dma.o
LOAD ./Peripheral/src/ch32v30x_dvp.o
LOAD ./Peripheral/src/ch32v30x_eth.o
LOAD ./Peripheral/src/ch32v30x_exti.o
LOAD ./Peripheral/src/ch32v30x_flash.o
LOAD ./Peripheral/src/ch32v30x_fsmc.o
LOAD ./Peripheral/src/ch32v30x_gpio.o
LOAD ./Peripheral/src/ch32v30x_i2c.o
LOAD ./Peripheral/src/ch32v30x_iwdg.o
LOAD ./Peripheral/src/ch32v30x_misc.o
LOAD ./Peripheral/src/ch32v30x_opa.o
LOAD ./Peripheral/src/ch32v30x_pwr.o
LOAD ./Peripheral/src/ch32v30x_rcc.o
LOAD ./Peripheral/src/ch32v30x_rng.o
LOAD ./Peripheral/src/ch32v30x_rtc.o
LOAD ./Peripheral/src/ch32v30x_sdio.o
LOAD ./Peripheral/src/ch32v30x_spi.o
LOAD ./Peripheral/src/ch32v30x_tim.o
LOAD ./Peripheral/src/ch32v30x_usart.o
LOAD ./Peripheral/src/ch32v30x_wwdg.o
LOAD ./Debug/debug.o
LOAD ./Core/core_riscv.o
LOAD c:/mounriver/mounriver_studio/toolchain/risc-v embedded gcc/bin/../lib/gcc/riscv-none-embed/8.2.0/../../../../riscv-none-embed/lib/rv32imacxw/ilp32\libm.a
LOAD c:/mounriver/mounriver_studio/toolchain/risc-v embedded gcc/bin/../lib/gcc/riscv-none-embed/8.2.0/rv32imacxw/ilp32\libgcc.a
LOAD c:/mounriver/mounriver_studio/toolchain/risc-v embedded gcc/bin/../lib/gcc/riscv-none-embed/8.2.0/../../../../riscv-none-embed/lib/rv32imacxw/ilp32\libg_nano.a
LOAD c:/mounriver/mounriver_studio/toolchain/risc-v embedded gcc/bin/../lib/gcc/riscv-none-embed/8.2.0/../../../../riscv-none-embed/lib/rv32imacxw/ilp32\libc_nano.a
LOAD c:/mounriver/mounriver_studio/toolchain/risc-v embedded gcc/bin/../lib/gcc/riscv-none-embed/8.2.0/rv32imacxw/ilp32\libgcc.a
START GROUP
LOAD c:/mounriver/mounriver_studio/toolchain/risc-v embedded gcc/bin/../lib/gcc/riscv-none-embed/8.2.0/rv32imacxw/ilp32\libgcc.a
LOAD c:/mounriver/mounriver_studio/toolchain/risc-v embedded gcc/bin/../lib/gcc/riscv-none-embed/8.2.0/../../../../riscv-none-embed/lib/rv32imacxw/ilp32\libc_nano.a
LOAD c:/mounriver/mounriver_studio/toolchain/risc-v embedded gcc/bin/../lib/gcc/riscv-none-embed/8.2.0/../../../../riscv-none-embed/lib/rv32imacxw/ilp32\libnosys.a
END GROUP
START GROUP
LOAD c:/mounriver/mounriver_studio/toolchain/risc-v embedded gcc/bin/../lib/gcc/riscv-none-embed/8.2.0/rv32imacxw/ilp32\libgcc.a
LOAD c:/mounriver/mounriver_studio/toolchain/risc-v embedded gcc/bin/../lib/gcc/riscv-none-embed/8.2.0/../../../../riscv-none-embed/lib/rv32imacxw/ilp32\libc_nano.a
LOAD c:/mounriver/mounriver_studio/toolchain/risc-v embedded gcc/bin/../lib/gcc/riscv-none-embed/8.2.0/../../../../riscv-none-embed/lib/rv32imacxw/ilp32\libnosys.a
END GROUP
                0x0000000000000800                __stack_size = 0x800
                [!provide]                        PROVIDE (_stack_size = __stack_size)

.init           0x0000000000000000        0x4
                0x0000000000000000                _sinit = .
                0x0000000000000000                . = ALIGN (0x4)
 *(SORT_NONE(.init))
 .init          0x0000000000000000        0x4 ./Startup/startup_ch32v30x_D8C.o
                0x0000000000000000                _start
                0x0000000000000004                . = ALIGN (0x4)
                0x0000000000000004                _einit = .

.vector         0x0000000000000004      0x1bc
 *(.vector)
 .vector        0x0000000000000004      0x1a0 ./Startup/startup_ch32v30x_D8C.o
                0x00000000000001c0                . = ALIGN (0x40)
 *fill*         0x00000000000001a4       0x1c 

.text           0x00000000000001c0     0xb8e0
                0x00000000000001c0                . = ALIGN (0x4)
 *(.text)
 .text          0x00000000000001c0       0x60 c:/mounriver/mounriver_studio/toolchain/risc-v embedded gcc/bin/../lib/gcc/riscv-none-embed/8.2.0/rv32imacxw/ilp32\libgcc.a(save-restore.o)
                0x00000000000001c0                __riscv_save_12
                0x00000000000001c8                __riscv_save_9
                0x00000000000001c8                __riscv_save_11
                0x00000000000001c8                __riscv_save_10
                0x00000000000001c8                __riscv_save_8
                0x00000000000001d6                __riscv_save_4
                0x00000000000001d6                __riscv_save_6
                0x00000000000001d6                __riscv_save_5
                0x00000000000001d6                __riscv_save_7
                0x00000000000001f0                __riscv_save_3
                0x00000000000001f0                __riscv_save_2
                0x00000000000001f0                __riscv_save_1
                0x00000000000001f0                __riscv_save_0
                0x00000000000001fc                __riscv_restore_12
                0x0000000000000200                __riscv_restore_11
                0x0000000000000200                __riscv_restore_9
                0x0000000000000200                __riscv_restore_10
                0x0000000000000200                __riscv_restore_8
                0x000000000000020a                __riscv_restore_5
                0x000000000000020a                __riscv_restore_7
                0x000000000000020a                __riscv_restore_6
                0x000000000000020a                __riscv_restore_4
                0x0000000000000214                __riscv_restore_3
                0x0000000000000214                __riscv_restore_0
                0x0000000000000214                __riscv_restore_2
                0x0000000000000214                __riscv_restore_1
 .text          0x0000000000000220       0xa8 c:/mounriver/mounriver_studio/toolchain/risc-v embedded gcc/bin/../lib/gcc/riscv-none-embed/8.2.0/../../../../riscv-none-embed/lib/rv32imacxw/ilp32\libg_nano.a(lib_a-memset.o)
                0x0000000000000220                memset
 .text          0x00000000000002c8      0x11a c:/mounriver/mounriver_studio/toolchain/risc-v embedded gcc/bin/../lib/gcc/riscv-none-embed/8.2.0/../../../../riscv-none-embed/lib/rv32imacxw/ilp32\libg_nano.a(lib_a-strcmp.o)
                0x00000000000002c8                strcmp
 *(.text.*)
 .text.ADS1234_GPIO_Config
                0x00000000000003e2       0xaa ./User/ADS1234.o
                0x00000000000003e2                ADS1234_GPIO_Config
 .text.ADS1234_Init
                0x000000000000048c       0x54 ./User/ADS1234.o
                0x000000000000048c                ADS1234_Init
 .text.ADS1234_SetChannel
                0x00000000000004e0       0xb6 ./User/ADS1234.o
                0x00000000000004e0                ADS1234_SetChannel
 .text.ADS1234_ReadData
                0x0000000000000596      0x12a ./User/ADS1234.o
                0x0000000000000596                ADS1234_ReadData
 .text.ADS1234_AutoZero
                0x00000000000006c0      0x132 ./User/ADS1234.o
                0x00000000000006c0                ADS1234_AutoZero
 .text.ADS1234_ToWeight
                0x00000000000007f2      0x214 ./User/ADS1234.o
                0x00000000000007f2                ADS1234_ToWeight
 .text.RC522_SPI_TransferByte
                0x0000000000000a06       0x38 ./User/Card.o
                0x0000000000000a06                RC522_SPI_TransferByte
 .text.RC522_Read_Register
                0x0000000000000a3e       0x38 ./User/Card.o
                0x0000000000000a3e                RC522_Read_Register
 .text.RC522_Write_Register
                0x0000000000000a76       0x32 ./User/Card.o
                0x0000000000000a76                RC522_Write_Register
 .text.RC522_Init
                0x0000000000000aa8       0xb2 ./User/Card.o
                0x0000000000000aa8                RC522_Init
 .text.RC522_SetBit_Register
                0x0000000000000b5a       0x1e ./User/Card.o
                0x0000000000000b5a                RC522_SetBit_Register
 .text.RC522_ClearBit_Register
                0x0000000000000b78       0x22 ./User/Card.o
                0x0000000000000b78                RC522_ClearBit_Register
 .text.RC522_Antenna_On
                0x0000000000000b9a       0x16 ./User/Card.o
                0x0000000000000b9a                RC522_Antenna_On
 .text.RC522_Rese
                0x0000000000000bb0       0x8c ./User/Card.o
                0x0000000000000bb0                RC522_Rese
 .text.RC522_Config_Type
                0x0000000000000c3c       0x74 ./User/Card.o
                0x0000000000000c3c                RC522_Config_Type
 .text.PcdComMF522
                0x0000000000000cb0      0x12c ./User/Card.o
                0x0000000000000cb0                PcdComMF522
 .text.PcdRequest
                0x0000000000000ddc       0x70 ./User/Card.o
                0x0000000000000ddc                PcdRequest
 .text.PcdAnticoll
                0x0000000000000e4c       0xa6 ./User/Card.o
                0x0000000000000e4c                PcdAnticoll
 .text.CalulateCRC
                0x0000000000000ef2       0x6c ./User/Card.o
                0x0000000000000ef2                CalulateCRC
 .text.PcdSelect
                0x0000000000000f5e      0x14e ./User/Card.o
                0x0000000000000f5e                PcdSelect
 .text.PcdAuthState
                0x00000000000010ac       0x6a ./User/Card.o
                0x00000000000010ac                PcdAuthState
 .text.PcdWrite
                0x0000000000001116       0x92 ./User/Card.o
                0x0000000000001116                PcdWrite
 .text.PcdRead  0x00000000000011a8       0x5c ./User/Card.o
                0x00000000000011a8                PcdRead
 .text.PcdHalt  0x0000000000001204       0x2e ./User/Card.o
                0x0000000000001204                PcdHalt
 .text.SystemClock_Config
                0x0000000000001232       0x72 ./User/System.o
                0x0000000000001232                SystemClock_Config
 .text.Delay_Ms
                0x00000000000012a4       0x18 ./User/System.o
                0x00000000000012a4                Delay_Ms
 .text.delay_us
                0x00000000000012bc       0x22 ./User/System.o
                0x00000000000012bc                delay_us
 .text.GetSysTick
                0x00000000000012de        0x6 ./User/System.o
                0x00000000000012de                GetSysTick
 .text.SysTick_Handler
                0x00000000000012e4       0x16 ./User/System.o
                0x00000000000012e4                SysTick_Handler
 .text.Tim3_Init
                0x00000000000012fa       0x5a ./User/Timer.o
                0x00000000000012fa                Tim3_Init
 .text.USART1_GPIO_Config
                0x0000000000001354       0x44 ./User/Uart.o
                0x0000000000001354                USART1_GPIO_Config
 .text.USART1_Config
                0x0000000000001398       0x3c ./User/Uart.o
                0x0000000000001398                USART1_Config
 .text.NMI_Handler
                0x00000000000013d4        0x2 ./User/ch32v30x_it.o
                0x00000000000013d4                NMI_Handler
 .text.HardFault_Handler
                0x00000000000013d6       0x10 ./User/ch32v30x_it.o
                0x00000000000013d6                HardFault_Handler
 .text.find_json_value
                0x00000000000013e6       0xf6 ./User/main.o
                0x00000000000013e6                find_json_value
 .text.extract_float_from_json
                0x00000000000014dc       0x2e ./User/main.o
                0x00000000000014dc                extract_float_from_json
 .text.Initialize_Data_Structures
                0x000000000000150a       0x90 ./User/main.o
                0x000000000000150a                Initialize_Data_Structures
 .text.Parse_K230_JSON
                0x000000000000159a      0x26e ./User/main.o
                0x000000000000159a                Parse_K230_JSON
 .text.is_unit_priced_item
                0x0000000000001808       0x52 ./User/main.o
                0x0000000000001808                is_unit_priced_item
 .text.Merge_Data
                0x000000000000185a       0xf0 ./User/main.o
                0x000000000000185a                Merge_Data
 .text.Print_Merged_Data
                0x000000000000194a      0x108 ./User/main.o
                0x000000000000194a                Print_Merged_Data
 .text.CompensateCrosstalkSimple
                0x0000000000001a52       0x9a ./User/main.o
                0x0000000000001a52                CompensateCrosstalkSimple
 .text.TIM3_IRQHandler
                0x0000000000001aec       0x3c ./User/main.o
                0x0000000000001aec                TIM3_IRQHandler
 .text.USART3_IRQHandler
                0x0000000000001b28       0xaa ./User/main.o
                0x0000000000001b28                USART3_IRQHandler
 .text.UART4_Init
                0x0000000000001bd2       0x84 ./User/main.o
                0x0000000000001bd2                UART4_Init
 .text.UART3_Init_For_K230
                0x0000000000001c56       0xaa ./User/main.o
                0x0000000000001c56                UART3_Init_For_K230
 .text.UART4_SendByte
                0x0000000000001d00       0x28 ./User/main.o
                0x0000000000001d00                UART4_SendByte
 .text.UART4_SendString
                0x0000000000001d28       0x1a ./User/main.o
                0x0000000000001d28                UART4_SendString
 .text.Send_Merged_Data_To_PC
                0x0000000000001d42      0x166 ./User/main.o
                0x0000000000001d42                Send_Merged_Data_To_PC
 .text.Print_Main_Header
                0x0000000000001ea8       0xa0 ./User/main.o
                0x0000000000001ea8                Print_Main_Header
 .text.USART1_SendString
                0x0000000000001f48       0x32 ./User/main.o
                0x0000000000001f48                USART1_SendString
 .text.Send_Merged_Data_To_Screen
                0x0000000000001f7a       0xe2 ./User/main.o
                0x0000000000001f7a                Send_Merged_Data_To_Screen
 .text.Process_K230_Data
                0x000000000000205c       0xbc ./User/main.o
                0x000000000000205c                Process_K230_Data
 .text.InitNewCard
                0x0000000000002118      0x196 ./User/main.o
                0x0000000000002118                InitNewCard
 .text.ReadUserInfoFromCard
                0x00000000000022ae       0xd6 ./User/main.o
                0x00000000000022ae                ReadUserInfoFromCard
 .text.DisplayUserInfo
                0x0000000000002384       0x98 ./User/main.o
                0x0000000000002384                DisplayUserInfo
 .text.ReadBalance
                0x000000000000241c       0x58 ./User/main.o
                0x000000000000241c                ReadBalance
 .text.WriteBalance
                0x0000000000002474       0x6a ./User/main.o
                0x0000000000002474                WriteBalance
 .text.RFID_Payment_Process
                0x00000000000024de      0x3e4 ./User/main.o
                0x00000000000024de                RFID_Payment_Process
 .text.startup.main
                0x00000000000028c2      0x47c ./User/main.o
                0x00000000000028c2                main
 .text.SystemInit
                0x0000000000002d3e       0xfa ./User/system_ch32v30x.o
                0x0000000000002d3e                SystemInit
 .text.SystemCoreClockUpdate
                0x0000000000002e38      0x12a ./User/system_ch32v30x.o
                0x0000000000002e38                SystemCoreClockUpdate
 .text.vector_handler
                0x0000000000002f62        0x2 ./Startup/startup_ch32v30x_D8C.o
                0x0000000000002f62                EXTI2_IRQHandler
                0x0000000000002f62                TIM8_TRG_COM_IRQHandler
                0x0000000000002f62                TIM8_CC_IRQHandler
                0x0000000000002f62                UART8_IRQHandler
                0x0000000000002f62                TIM1_CC_IRQHandler
                0x0000000000002f62                TIM6_IRQHandler
                0x0000000000002f62                PVD_IRQHandler
                0x0000000000002f62                SDIO_IRQHandler
                0x0000000000002f62                TIM9_BRK_IRQHandler
                0x0000000000002f62                DMA2_Channel8_IRQHandler
                0x0000000000002f62                CAN2_RX1_IRQHandler
                0x0000000000002f62                EXTI3_IRQHandler
                0x0000000000002f62                USBHS_IRQHandler
                0x0000000000002f62                DMA2_Channel9_IRQHandler
                0x0000000000002f62                TIM10_CC_IRQHandler
                0x0000000000002f62                USBFS_IRQHandler
                0x0000000000002f62                EXTI0_IRQHandler
                0x0000000000002f62                I2C2_EV_IRQHandler
                0x0000000000002f62                TIM10_TRG_COM_IRQHandler
                0x0000000000002f62                CAN2_SCE_IRQHandler
                0x0000000000002f62                ADC1_2_IRQHandler
                0x0000000000002f62                Break_Point_Handler
                0x0000000000002f62                SPI1_IRQHandler
                0x0000000000002f62                TAMPER_IRQHandler
                0x0000000000002f62                CAN2_RX0_IRQHandler
                0x0000000000002f62                TIM8_UP_IRQHandler
                0x0000000000002f62                Ecall_M_Mode_Handler
                0x0000000000002f62                DMA2_Channel2_IRQHandler
                0x0000000000002f62                DMA1_Channel4_IRQHandler
                0x0000000000002f62                TIM9_UP_IRQHandler
                0x0000000000002f62                RTC_IRQHandler
                0x0000000000002f62                DMA1_Channel7_IRQHandler
                0x0000000000002f62                CAN1_RX1_IRQHandler
                0x0000000000002f62                DVP_IRQHandler
                0x0000000000002f62                UART5_IRQHandler
                0x0000000000002f62                TIM4_IRQHandler
                0x0000000000002f62                DMA2_Channel1_IRQHandler
                0x0000000000002f62                I2C1_EV_IRQHandler
                0x0000000000002f62                DMA1_Channel6_IRQHandler
                0x0000000000002f62                UART4_IRQHandler
                0x0000000000002f62                DMA2_Channel4_IRQHandler
                0x0000000000002f62                RCC_IRQHandler
                0x0000000000002f62                TIM1_TRG_COM_IRQHandler
                0x0000000000002f62                DMA1_Channel1_IRQHandler
                0x0000000000002f62                DMA2_Channel7_IRQHandler
                0x0000000000002f62                EXTI15_10_IRQHandler
                0x0000000000002f62                TIM7_IRQHandler
                0x0000000000002f62                CAN2_TX_IRQHandler
                0x0000000000002f62                TIM5_IRQHandler
                0x0000000000002f62                EXTI9_5_IRQHandler
                0x0000000000002f62                ETH_WKUP_IRQHandler
                0x0000000000002f62                SPI2_IRQHandler
                0x0000000000002f62                TIM10_BRK_IRQHandler
                0x0000000000002f62                TIM9_CC_IRQHandler
                0x0000000000002f62                DMA2_Channel5_IRQHandler
                0x0000000000002f62                DMA1_Channel5_IRQHandler
                0x0000000000002f62                EXTI4_IRQHandler
                0x0000000000002f62                USB_LP_CAN1_RX0_IRQHandler
                0x0000000000002f62                RNG_IRQHandler
                0x0000000000002f62                USB_HP_CAN1_TX_IRQHandler
                0x0000000000002f62                DMA1_Channel3_IRQHandler
                0x0000000000002f62                ETH_IRQHandler
                0x0000000000002f62                TIM1_UP_IRQHandler
                0x0000000000002f62                WWDG_IRQHandler
                0x0000000000002f62                USBHSWakeup_IRQHandler
                0x0000000000002f62                DMA2_Channel11_IRQHandler
                0x0000000000002f62                Ecall_U_Mode_Handler
                0x0000000000002f62                DMA2_Channel6_IRQHandler
                0x0000000000002f62                TIM2_IRQHandler
                0x0000000000002f62                SW_Handler
                0x0000000000002f62                TIM1_BRK_IRQHandler
                0x0000000000002f62                DMA2_Channel10_IRQHandler
                0x0000000000002f62                EXTI1_IRQHandler
                0x0000000000002f62                RTCAlarm_IRQHandler
                0x0000000000002f62                TIM10_UP_IRQHandler
                0x0000000000002f62                TIM9_TRG_COM_IRQHandler
                0x0000000000002f62                UART7_IRQHandler
                0x0000000000002f62                USART2_IRQHandler
                0x0000000000002f62                UART6_IRQHandler
                0x0000000000002f62                I2C2_ER_IRQHandler
                0x0000000000002f62                DMA1_Channel2_IRQHandler
                0x0000000000002f62                TIM8_BRK_IRQHandler
                0x0000000000002f62                CAN1_SCE_IRQHandler
                0x0000000000002f62                FLASH_IRQHandler
                0x0000000000002f62                USART1_IRQHandler
                0x0000000000002f62                SPI3_IRQHandler
                0x0000000000002f62                I2C1_ER_IRQHandler
                0x0000000000002f62                USBWakeUp_IRQHandler
                0x0000000000002f62                DMA2_Channel3_IRQHandler
 .text.handle_reset
                0x0000000000002f64       0x8a ./Startup/startup_ch32v30x_D8C.o
                0x0000000000002f64                handle_reset
 .text.GPIO_Init
                0x0000000000002fee       0xc0 ./Peripheral/src/ch32v30x_gpio.o
                0x0000000000002fee                GPIO_Init
 .text.GPIO_ReadInputDataBit
                0x00000000000030ae        0xa ./Peripheral/src/ch32v30x_gpio.o
                0x00000000000030ae                GPIO_ReadInputDataBit
 .text.GPIO_SetBits
                0x00000000000030b8        0x4 ./Peripheral/src/ch32v30x_gpio.o
                0x00000000000030b8                GPIO_SetBits
 .text.GPIO_ResetBits
                0x00000000000030bc        0x4 ./Peripheral/src/ch32v30x_gpio.o
                0x00000000000030bc                GPIO_ResetBits
 .text.NVIC_PriorityGroupConfig
                0x00000000000030c0        0x6 ./Peripheral/src/ch32v30x_misc.o
                0x00000000000030c0                NVIC_PriorityGroupConfig
 .text.NVIC_Init
                0x00000000000030c6       0x5c ./Peripheral/src/ch32v30x_misc.o
                0x00000000000030c6                NVIC_Init
 .text.RCC_HSEConfig
                0x0000000000003122       0x3c ./Peripheral/src/ch32v30x_rcc.o
                0x0000000000003122                RCC_HSEConfig
 .text.RCC_PLLCmd
                0x000000000000315e       0x24 ./Peripheral/src/ch32v30x_rcc.o
                0x000000000000315e                RCC_PLLCmd
 .text.RCC_SYSCLKConfig
                0x0000000000003182        0xe ./Peripheral/src/ch32v30x_rcc.o
                0x0000000000003182                RCC_SYSCLKConfig
 .text.RCC_GetSYSCLKSource
                0x0000000000003190        0xa ./Peripheral/src/ch32v30x_rcc.o
                0x0000000000003190                RCC_GetSYSCLKSource
 .text.RCC_HCLKConfig
                0x000000000000319a       0x10 ./Peripheral/src/ch32v30x_rcc.o
                0x000000000000319a                RCC_HCLKConfig
 .text.RCC_PCLK1Config
                0x00000000000031aa       0x10 ./Peripheral/src/ch32v30x_rcc.o
                0x00000000000031aa                RCC_PCLK1Config
 .text.RCC_PCLK2Config
                0x00000000000031ba       0x16 ./Peripheral/src/ch32v30x_rcc.o
                0x00000000000031ba                RCC_PCLK2Config
 .text.RCC_GetClocksFreq
                0x00000000000031d0      0x176 ./Peripheral/src/ch32v30x_rcc.o
                0x00000000000031d0                RCC_GetClocksFreq
 .text.RCC_APB2PeriphClockCmd
                0x0000000000003346       0x1e ./Peripheral/src/ch32v30x_rcc.o
                0x0000000000003346                RCC_APB2PeriphClockCmd
 .text.RCC_APB1PeriphClockCmd
                0x0000000000003364       0x1e ./Peripheral/src/ch32v30x_rcc.o
                0x0000000000003364                RCC_APB1PeriphClockCmd
 .text.RCC_GetFlagStatus
                0x0000000000003382       0x2e ./Peripheral/src/ch32v30x_rcc.o
                0x0000000000003382                RCC_GetFlagStatus
 .text.SPI_Init
                0x00000000000033b0       0x3e ./Peripheral/src/ch32v30x_spi.o
                0x00000000000033b0                SPI_Init
 .text.SPI_Cmd  0x00000000000033ee       0x1a ./Peripheral/src/ch32v30x_spi.o
                0x00000000000033ee                SPI_Cmd
 .text.SPI_I2S_SendData
                0x0000000000003408        0x4 ./Peripheral/src/ch32v30x_spi.o
                0x0000000000003408                SPI_I2S_SendData
 .text.SPI_I2S_ReceiveData
                0x000000000000340c        0x4 ./Peripheral/src/ch32v30x_spi.o
                0x000000000000340c                SPI_I2S_ReceiveData
 .text.SPI_I2S_GetFlagStatus
                0x0000000000003410        0xa ./Peripheral/src/ch32v30x_spi.o
                0x0000000000003410                SPI_I2S_GetFlagStatus
 .text.TIM_TimeBaseInit
                0x000000000000341a       0xee ./Peripheral/src/ch32v30x_tim.o
                0x000000000000341a                TIM_TimeBaseInit
 .text.TIM_Cmd  0x0000000000003508       0x18 ./Peripheral/src/ch32v30x_tim.o
                0x0000000000003508                TIM_Cmd
 .text.TIM_ITConfig
                0x0000000000003520       0x12 ./Peripheral/src/ch32v30x_tim.o
                0x0000000000003520                TIM_ITConfig
 .text.TIM_GetITStatus
                0x0000000000003532       0x18 ./Peripheral/src/ch32v30x_tim.o
                0x0000000000003532                TIM_GetITStatus
 .text.TIM_ClearITPendingBit
                0x000000000000354a        0xc ./Peripheral/src/ch32v30x_tim.o
                0x000000000000354a                TIM_ClearITPendingBit
 .text.USART_Init
                0x0000000000003556       0x90 ./Peripheral/src/ch32v30x_usart.o
                0x0000000000003556                USART_Init
 .text.USART_Cmd
                0x00000000000035e6       0x16 ./Peripheral/src/ch32v30x_usart.o
                0x00000000000035e6                USART_Cmd
 .text.USART_ITConfig
                0x00000000000035fc       0x36 ./Peripheral/src/ch32v30x_usart.o
                0x00000000000035fc                USART_ITConfig
 .text.USART_SendData
                0x0000000000003632        0x8 ./Peripheral/src/ch32v30x_usart.o
                0x0000000000003632                USART_SendData
 .text.USART_ReceiveData
                0x000000000000363a        0x8 ./Peripheral/src/ch32v30x_usart.o
                0x000000000000363a                USART_ReceiveData
 .text.USART_GetFlagStatus
                0x0000000000003642        0xa ./Peripheral/src/ch32v30x_usart.o
                0x0000000000003642                USART_GetFlagStatus
 .text.USART_GetITStatus
                0x000000000000364c       0x3c ./Peripheral/src/ch32v30x_usart.o
                0x000000000000364c                USART_GetITStatus
 .text.Delay_Ms
                0x0000000000003688       0x36 ./Debug/debug.o
                0x0000000000003688                Delay_Ms
 .text._write   0x00000000000036be       0x3e ./Debug/debug.o
                0x00000000000036be                _write
 .text._sbrk    0x00000000000036fc       0x26 ./Debug/debug.o
                0x00000000000036fc                _sbrk
 .text.__addsf3
                0x0000000000003722      0x36a c:/mounriver/mounriver_studio/toolchain/risc-v embedded gcc/bin/../lib/gcc/riscv-none-embed/8.2.0/rv32imacxw/ilp32\libgcc.a(addsf3.o)
                0x0000000000003722                __addsf3
 .text.__eqsf2  0x0000000000003a8c       0x5c c:/mounriver/mounriver_studio/toolchain/risc-v embedded gcc/bin/../lib/gcc/riscv-none-embed/8.2.0/rv32imacxw/ilp32\libgcc.a(eqsf2.o)
                0x0000000000003a8c                __eqsf2
                0x0000000000003a8c                __nesf2
 .text.__gesf2  0x0000000000003ae8       0x86 c:/mounriver/mounriver_studio/toolchain/risc-v embedded gcc/bin/../lib/gcc/riscv-none-embed/8.2.0/rv32imacxw/ilp32\libgcc.a(gesf2.o)
                0x0000000000003ae8                __gesf2
                0x0000000000003ae8                __gtsf2
 .text.__lesf2  0x0000000000003b6e       0x8c c:/mounriver/mounriver_studio/toolchain/risc-v embedded gcc/bin/../lib/gcc/riscv-none-embed/8.2.0/rv32imacxw/ilp32\libgcc.a(lesf2.o)
                0x0000000000003b6e                __ltsf2
                0x0000000000003b6e                __lesf2
 .text.__mulsf3
                0x0000000000003bfa      0x290 c:/mounriver/mounriver_studio/toolchain/risc-v embedded gcc/bin/../lib/gcc/riscv-none-embed/8.2.0/rv32imacxw/ilp32\libgcc.a(mulsf3.o)
                0x0000000000003bfa                __mulsf3
 .text.__subsf3
                0x0000000000003e8a      0x388 c:/mounriver/mounriver_studio/toolchain/risc-v embedded gcc/bin/../lib/gcc/riscv-none-embed/8.2.0/rv32imacxw/ilp32\libgcc.a(subsf3.o)
                0x0000000000003e8a                __subsf3
 .text.__fixsfsi
                0x0000000000004212       0x62 c:/mounriver/mounriver_studio/toolchain/risc-v embedded gcc/bin/../lib/gcc/riscv-none-embed/8.2.0/rv32imacxw/ilp32\libgcc.a(fixsfsi.o)
                0x0000000000004212                __fixsfsi
 .text.__floatsisf
                0x0000000000004274       0xc6 c:/mounriver/mounriver_studio/toolchain/risc-v embedded gcc/bin/../lib/gcc/riscv-none-embed/8.2.0/rv32imacxw/ilp32\libgcc.a(floatsisf.o)
                0x0000000000004274                __floatsisf
 .text.__extendsfdf2
                0x000000000000433a       0xac c:/mounriver/mounriver_studio/toolchain/risc-v embedded gcc/bin/../lib/gcc/riscv-none-embed/8.2.0/rv32imacxw/ilp32\libgcc.a(extendsfdf2.o)
                0x000000000000433a                __extendsfdf2
 .text.__clzsi2
                0x00000000000043e6       0x6e c:/mounriver/mounriver_studio/toolchain/risc-v embedded gcc/bin/../lib/gcc/riscv-none-embed/8.2.0/rv32imacxw/ilp32\libgcc.a(_clzsi2.o)
                0x00000000000043e6                __clzsi2
 .text.memcmp   0x0000000000004454       0x24 c:/mounriver/mounriver_studio/toolchain/risc-v embedded gcc/bin/../lib/gcc/riscv-none-embed/8.2.0/../../../../riscv-none-embed/lib/rv32imacxw/ilp32\libg_nano.a(lib_a-memcmp.o)
                0x0000000000004454                memcmp
 .text.memcpy   0x0000000000004478       0xb2 c:/mounriver/mounriver_studio/toolchain/risc-v embedded gcc/bin/../lib/gcc/riscv-none-embed/8.2.0/../../../../riscv-none-embed/lib/rv32imacxw/ilp32\libg_nano.a(lib_a-memcpy.o)
                0x0000000000004478                memcpy
 .text.printf   0x000000000000452a       0x42 c:/mounriver/mounriver_studio/toolchain/risc-v embedded gcc/bin/../lib/gcc/riscv-none-embed/8.2.0/../../../../riscv-none-embed/lib/rv32imacxw/ilp32\libg_nano.a(lib_a-printf.o)
                0x000000000000452a                iprintf
                0x000000000000452a                printf
 .text.putchar  0x000000000000456c       0x2c c:/mounriver/mounriver_studio/toolchain/risc-v embedded gcc/bin/../lib/gcc/riscv-none-embed/8.2.0/../../../../riscv-none-embed/lib/rv32imacxw/ilp32\libg_nano.a(lib_a-putchar.o)
                0x000000000000456c                putchar
 .text._puts_r  0x0000000000004598       0xde c:/mounriver/mounriver_studio/toolchain/risc-v embedded gcc/bin/../lib/gcc/riscv-none-embed/8.2.0/../../../../riscv-none-embed/lib/rv32imacxw/ilp32\libg_nano.a(lib_a-puts.o)
                0x0000000000004598                _puts_r
 .text.puts     0x0000000000004676        0xc c:/mounriver/mounriver_studio/toolchain/risc-v embedded gcc/bin/../lib/gcc/riscv-none-embed/8.2.0/../../../../riscv-none-embed/lib/rv32imacxw/ilp32\libg_nano.a(lib_a-puts.o)
                0x0000000000004676                puts
 .text.sprintf  0x0000000000004682       0x46 c:/mounriver/mounriver_studio/toolchain/risc-v embedded gcc/bin/../lib/gcc/riscv-none-embed/8.2.0/../../../../riscv-none-embed/lib/rv32imacxw/ilp32\libg_nano.a(lib_a-sprintf.o)
                0x0000000000004682                siprintf
                0x0000000000004682                sprintf
 .text.strchr   0x00000000000046c8       0x18 c:/mounriver/mounriver_studio/toolchain/risc-v embedded gcc/bin/../lib/gcc/riscv-none-embed/8.2.0/../../../../riscv-none-embed/lib/rv32imacxw/ilp32\libg_nano.a(lib_a-strchr.o)
                0x00000000000046c8                strchr
 .text.strcpy   0x00000000000046e0       0x10 c:/mounriver/mounriver_studio/toolchain/risc-v embedded gcc/bin/../lib/gcc/riscv-none-embed/8.2.0/../../../../riscv-none-embed/lib/rv32imacxw/ilp32\libg_nano.a(lib_a-strcpy.o)
                0x00000000000046e0                strcpy
 .text.strstr   0x00000000000046f0       0x34 c:/mounriver/mounriver_studio/toolchain/risc-v embedded gcc/bin/../lib/gcc/riscv-none-embed/8.2.0/../../../../riscv-none-embed/lib/rv32imacxw/ilp32\libg_nano.a(lib_a-strstr.o)
                0x00000000000046f0                strstr
 .text.sulp     0x0000000000004724       0x4e c:/mounriver/mounriver_studio/toolchain/risc-v embedded gcc/bin/../lib/gcc/riscv-none-embed/8.2.0/../../../../riscv-none-embed/lib/rv32imacxw/ilp32\libg_nano.a(lib_a-strtod.o)
 .text._strtod_l
                0x0000000000004772      0xc6c c:/mounriver/mounriver_studio/toolchain/risc-v embedded gcc/bin/../lib/gcc/riscv-none-embed/8.2.0/../../../../riscv-none-embed/lib/rv32imacxw/ilp32\libg_nano.a(lib_a-strtod.o)
                0x0000000000004772                _strtod_l
 .text.strtof   0x00000000000053de       0xe4 c:/mounriver/mounriver_studio/toolchain/risc-v embedded gcc/bin/../lib/gcc/riscv-none-embed/8.2.0/../../../../riscv-none-embed/lib/rv32imacxw/ilp32\libg_nano.a(lib_a-strtod.o)
                0x00000000000053de                strtof
 .text.__swbuf_r
                0x00000000000054c2       0xbc c:/mounriver/mounriver_studio/toolchain/risc-v embedded gcc/bin/../lib/gcc/riscv-none-embed/8.2.0/../../../../riscv-none-embed/lib/rv32imacxw/ilp32\libg_nano.a(lib_a-wbuf.o)
                0x00000000000054c2                __swbuf_r
 .text.__swsetup_r
                0x000000000000557e      0x100 c:/mounriver/mounriver_studio/toolchain/risc-v embedded gcc/bin/../lib/gcc/riscv-none-embed/8.2.0/../../../../riscv-none-embed/lib/rv32imacxw/ilp32\libg_nano.a(lib_a-wsetup.o)
                0x000000000000557e                __swsetup_r
 .text.__sflush_r
                0x000000000000567e      0x132 c:/mounriver/mounriver_studio/toolchain/risc-v embedded gcc/bin/../lib/gcc/riscv-none-embed/8.2.0/../../../../riscv-none-embed/lib/rv32imacxw/ilp32\libg_nano.a(lib_a-fflush.o)
                0x000000000000567e                __sflush_r
 .text._fflush_r
                0x00000000000057b0       0x66 c:/mounriver/mounriver_studio/toolchain/risc-v embedded gcc/bin/../lib/gcc/riscv-none-embed/8.2.0/../../../../riscv-none-embed/lib/rv32imacxw/ilp32\libg_nano.a(lib_a-fflush.o)
                0x00000000000057b0                _fflush_r
 .text.std      0x0000000000005816       0x66 c:/mounriver/mounriver_studio/toolchain/risc-v embedded gcc/bin/../lib/gcc/riscv-none-embed/8.2.0/../../../../riscv-none-embed/lib/rv32imacxw/ilp32\libg_nano.a(lib_a-findfp.o)
 .text._cleanup_r
                0x000000000000587c        0xa c:/mounriver/mounriver_studio/toolchain/risc-v embedded gcc/bin/../lib/gcc/riscv-none-embed/8.2.0/../../../../riscv-none-embed/lib/rv32imacxw/ilp32\libg_nano.a(lib_a-findfp.o)
                0x000000000000587c                _cleanup_r
 .text.__sfmoreglue
                0x0000000000005886       0x48 c:/mounriver/mounriver_studio/toolchain/risc-v embedded gcc/bin/../lib/gcc/riscv-none-embed/8.2.0/../../../../riscv-none-embed/lib/rv32imacxw/ilp32\libg_nano.a(lib_a-findfp.o)
                0x0000000000005886                __sfmoreglue
 .text.__sinit  0x00000000000058ce       0x6c c:/mounriver/mounriver_studio/toolchain/risc-v embedded gcc/bin/../lib/gcc/riscv-none-embed/8.2.0/../../../../riscv-none-embed/lib/rv32imacxw/ilp32\libg_nano.a(lib_a-findfp.o)
                0x00000000000058ce                __sinit
 .text.__sfp    0x000000000000593a       0xa0 c:/mounriver/mounriver_studio/toolchain/risc-v embedded gcc/bin/../lib/gcc/riscv-none-embed/8.2.0/../../../../riscv-none-embed/lib/rv32imacxw/ilp32\libg_nano.a(lib_a-findfp.o)
                0x000000000000593a                __sfp
 .text._fwalk_reent
                0x00000000000059da       0x6a c:/mounriver/mounriver_studio/toolchain/risc-v embedded gcc/bin/../lib/gcc/riscv-none-embed/8.2.0/../../../../riscv-none-embed/lib/rv32imacxw/ilp32\libg_nano.a(lib_a-fwalk.o)
                0x00000000000059da                _fwalk_reent
 .text.rshift   0x0000000000005a44       0x76 c:/mounriver/mounriver_studio/toolchain/risc-v embedded gcc/bin/../lib/gcc/riscv-none-embed/8.2.0/../../../../riscv-none-embed/lib/rv32imacxw/ilp32\libg_nano.a(lib_a-gdtoa-gethex.o)
 .text.__hexdig_fun
                0x0000000000005aba       0x40 c:/mounriver/mounriver_studio/toolchain/risc-v embedded gcc/bin/../lib/gcc/riscv-none-embed/8.2.0/../../../../riscv-none-embed/lib/rv32imacxw/ilp32\libg_nano.a(lib_a-gdtoa-gethex.o)
                0x0000000000005aba                __hexdig_fun
 .text.__gethex
                0x0000000000005afa      0x4cc c:/mounriver/mounriver_studio/toolchain/risc-v embedded gcc/bin/../lib/gcc/riscv-none-embed/8.2.0/../../../../riscv-none-embed/lib/rv32imacxw/ilp32\libg_nano.a(lib_a-gdtoa-gethex.o)
                0x0000000000005afa                __gethex
 .text.L_shift  0x0000000000005fc6       0x2c c:/mounriver/mounriver_studio/toolchain/risc-v embedded gcc/bin/../lib/gcc/riscv-none-embed/8.2.0/../../../../riscv-none-embed/lib/rv32imacxw/ilp32\libg_nano.a(lib_a-gdtoa-hexnan.o)
 .text.__match  0x0000000000005ff2       0x2e c:/mounriver/mounriver_studio/toolchain/risc-v embedded gcc/bin/../lib/gcc/riscv-none-embed/8.2.0/../../../../riscv-none-embed/lib/rv32imacxw/ilp32\libg_nano.a(lib_a-gdtoa-hexnan.o)
                0x0000000000005ff2                __match
 .text.__hexnan
                0x0000000000006020      0x15e c:/mounriver/mounriver_studio/toolchain/risc-v embedded gcc/bin/../lib/gcc/riscv-none-embed/8.2.0/../../../../riscv-none-embed/lib/rv32imacxw/ilp32\libg_nano.a(lib_a-gdtoa-hexnan.o)
                0x0000000000006020                __hexnan
 .text.__localeconv_l
                0x000000000000617e        0x6 c:/mounriver/mounriver_studio/toolchain/risc-v embedded gcc/bin/../lib/gcc/riscv-none-embed/8.2.0/../../../../riscv-none-embed/lib/rv32imacxw/ilp32\libg_nano.a(lib_a-localeconv.o)
                0x000000000000617e                __localeconv_l
 .text.__swhatbuf_r
                0x0000000000006184       0x58 c:/mounriver/mounriver_studio/toolchain/risc-v embedded gcc/bin/../lib/gcc/riscv-none-embed/8.2.0/../../../../riscv-none-embed/lib/rv32imacxw/ilp32\libg_nano.a(lib_a-makebuf.o)
                0x0000000000006184                __swhatbuf_r
 .text.__smakebuf_r
                0x00000000000061dc       0x94 c:/mounriver/mounriver_studio/toolchain/risc-v embedded gcc/bin/../lib/gcc/riscv-none-embed/8.2.0/../../../../riscv-none-embed/lib/rv32imacxw/ilp32\libg_nano.a(lib_a-makebuf.o)
                0x00000000000061dc                __smakebuf_r
 .text.__ascii_mbtowc
                0x0000000000006270       0x32 c:/mounriver/mounriver_studio/toolchain/risc-v embedded gcc/bin/../lib/gcc/riscv-none-embed/8.2.0/../../../../riscv-none-embed/lib/rv32imacxw/ilp32\libg_nano.a(lib_a-mbtowc_r.o)
                0x0000000000006270                __ascii_mbtowc
 .text._Balloc  0x00000000000062a2       0x8c c:/mounriver/mounriver_studio/toolchain/risc-v embedded gcc/bin/../lib/gcc/riscv-none-embed/8.2.0/../../../../riscv-none-embed/lib/rv32imacxw/ilp32\libg_nano.a(lib_a-mprec.o)
                0x00000000000062a2                _Balloc
 .text._Bfree   0x000000000000632e       0x44 c:/mounriver/mounriver_studio/toolchain/risc-v embedded gcc/bin/../lib/gcc/riscv-none-embed/8.2.0/../../../../riscv-none-embed/lib/rv32imacxw/ilp32\libg_nano.a(lib_a-mprec.o)
                0x000000000000632e                _Bfree
 .text.__multadd
                0x0000000000006372       0x98 c:/mounriver/mounriver_studio/toolchain/risc-v embedded gcc/bin/../lib/gcc/riscv-none-embed/8.2.0/../../../../riscv-none-embed/lib/rv32imacxw/ilp32\libg_nano.a(lib_a-mprec.o)
                0x0000000000006372                __multadd
 .text.__s2b    0x000000000000640a       0xa4 c:/mounriver/mounriver_studio/toolchain/risc-v embedded gcc/bin/../lib/gcc/riscv-none-embed/8.2.0/../../../../riscv-none-embed/lib/rv32imacxw/ilp32\libg_nano.a(lib_a-mprec.o)
                0x000000000000640a                __s2b
 .text.__hi0bits
                0x00000000000064ae       0x46 c:/mounriver/mounriver_studio/toolchain/risc-v embedded gcc/bin/../lib/gcc/riscv-none-embed/8.2.0/../../../../riscv-none-embed/lib/rv32imacxw/ilp32\libg_nano.a(lib_a-mprec.o)
                0x00000000000064ae                __hi0bits
 .text.__lo0bits
                0x00000000000064f4       0x6a c:/mounriver/mounriver_studio/toolchain/risc-v embedded gcc/bin/../lib/gcc/riscv-none-embed/8.2.0/../../../../riscv-none-embed/lib/rv32imacxw/ilp32\libg_nano.a(lib_a-mprec.o)
                0x00000000000064f4                __lo0bits
 .text.__i2b    0x000000000000655e       0x1c c:/mounriver/mounriver_studio/toolchain/risc-v embedded gcc/bin/../lib/gcc/riscv-none-embed/8.2.0/../../../../riscv-none-embed/lib/rv32imacxw/ilp32\libg_nano.a(lib_a-mprec.o)
                0x000000000000655e                __i2b
 .text.__multiply
                0x000000000000657a      0x144 c:/mounriver/mounriver_studio/toolchain/risc-v embedded gcc/bin/../lib/gcc/riscv-none-embed/8.2.0/../../../../riscv-none-embed/lib/rv32imacxw/ilp32\libg_nano.a(lib_a-mprec.o)
                0x000000000000657a                __multiply
 .text.__pow5mult
                0x00000000000066be       0xbe c:/mounriver/mounriver_studio/toolchain/risc-v embedded gcc/bin/../lib/gcc/riscv-none-embed/8.2.0/../../../../riscv-none-embed/lib/rv32imacxw/ilp32\libg_nano.a(lib_a-mprec.o)
                0x00000000000066be                __pow5mult
 .text.__lshift
                0x000000000000677c       0xce c:/mounriver/mounriver_studio/toolchain/risc-v embedded gcc/bin/../lib/gcc/riscv-none-embed/8.2.0/../../../../riscv-none-embed/lib/rv32imacxw/ilp32\libg_nano.a(lib_a-mprec.o)
                0x000000000000677c                __lshift
 .text.__mcmp   0x000000000000684a       0x32 c:/mounriver/mounriver_studio/toolchain/risc-v embedded gcc/bin/../lib/gcc/riscv-none-embed/8.2.0/../../../../riscv-none-embed/lib/rv32imacxw/ilp32\libg_nano.a(lib_a-mprec.o)
                0x000000000000684a                __mcmp
 .text.__mdiff  0x000000000000687c       0xf2 c:/mounriver/mounriver_studio/toolchain/risc-v embedded gcc/bin/../lib/gcc/riscv-none-embed/8.2.0/../../../../riscv-none-embed/lib/rv32imacxw/ilp32\libg_nano.a(lib_a-mprec.o)
                0x000000000000687c                __mdiff
 .text.__ulp    0x000000000000696e       0x46 c:/mounriver/mounriver_studio/toolchain/risc-v embedded gcc/bin/../lib/gcc/riscv-none-embed/8.2.0/../../../../riscv-none-embed/lib/rv32imacxw/ilp32\libg_nano.a(lib_a-mprec.o)
                0x000000000000696e                __ulp
 .text.__b2d    0x00000000000069b4       0xb4 c:/mounriver/mounriver_studio/toolchain/risc-v embedded gcc/bin/../lib/gcc/riscv-none-embed/8.2.0/../../../../riscv-none-embed/lib/rv32imacxw/ilp32\libg_nano.a(lib_a-mprec.o)
                0x00000000000069b4                __b2d
 .text.__d2b    0x0000000000006a68       0xd4 c:/mounriver/mounriver_studio/toolchain/risc-v embedded gcc/bin/../lib/gcc/riscv-none-embed/8.2.0/../../../../riscv-none-embed/lib/rv32imacxw/ilp32\libg_nano.a(lib_a-mprec.o)
                0x0000000000006a68                __d2b
 .text.__ratio  0x0000000000006b3c       0x74 c:/mounriver/mounriver_studio/toolchain/risc-v embedded gcc/bin/../lib/gcc/riscv-none-embed/8.2.0/../../../../riscv-none-embed/lib/rv32imacxw/ilp32\libg_nano.a(lib_a-mprec.o)
                0x0000000000006b3c                __ratio
 .text.__copybits
                0x0000000000006bb0       0x36 c:/mounriver/mounriver_studio/toolchain/risc-v embedded gcc/bin/../lib/gcc/riscv-none-embed/8.2.0/../../../../riscv-none-embed/lib/rv32imacxw/ilp32\libg_nano.a(lib_a-mprec.o)
                0x0000000000006bb0                __copybits
 .text.__any_on
                0x0000000000006be6       0x46 c:/mounriver/mounriver_studio/toolchain/risc-v embedded gcc/bin/../lib/gcc/riscv-none-embed/8.2.0/../../../../riscv-none-embed/lib/rv32imacxw/ilp32\libg_nano.a(lib_a-mprec.o)
                0x0000000000006be6                __any_on
 .text._calloc_r
                0x0000000000006c2c       0x26 c:/mounriver/mounriver_studio/toolchain/risc-v embedded gcc/bin/../lib/gcc/riscv-none-embed/8.2.0/../../../../riscv-none-embed/lib/rv32imacxw/ilp32\libg_nano.a(lib_a-nano-callocr.o)
                0x0000000000006c2c                _calloc_r
 .text._free_r  0x0000000000006c52       0xa8 c:/mounriver/mounriver_studio/toolchain/risc-v embedded gcc/bin/../lib/gcc/riscv-none-embed/8.2.0/../../../../riscv-none-embed/lib/rv32imacxw/ilp32\libg_nano.a(lib_a-nano-freer.o)
                0x0000000000006c52                _free_r
 .text._malloc_r
                0x0000000000006cfa       0xda c:/mounriver/mounriver_studio/toolchain/risc-v embedded gcc/bin/../lib/gcc/riscv-none-embed/8.2.0/../../../../riscv-none-embed/lib/rv32imacxw/ilp32\libg_nano.a(lib_a-nano-mallocr.o)
                0x0000000000006cfa                _malloc_r
 .text.__ssputs_r
                0x0000000000006dd4       0xe4 c:/mounriver/mounriver_studio/toolchain/risc-v embedded gcc/bin/../lib/gcc/riscv-none-embed/8.2.0/../../../../riscv-none-embed/lib/rv32imacxw/ilp32\libg_nano.a(lib_a-nano-svfprintf.o)
                0x0000000000006dd4                __ssputs_r
 .text._svfprintf_r
                0x0000000000006eb8      0x26a c:/mounriver/mounriver_studio/toolchain/risc-v embedded gcc/bin/../lib/gcc/riscv-none-embed/8.2.0/../../../../riscv-none-embed/lib/rv32imacxw/ilp32\libg_nano.a(lib_a-nano-svfprintf.o)
                0x0000000000006eb8                _svfiprintf_r
                0x0000000000006eb8                _svfprintf_r
 .text.__sfputc_r
                0x0000000000007122       0x28 c:/mounriver/mounriver_studio/toolchain/risc-v embedded gcc/bin/../lib/gcc/riscv-none-embed/8.2.0/../../../../riscv-none-embed/lib/rv32imacxw/ilp32\libg_nano.a(lib_a-nano-vfprintf.o)
 .text.__sfputs_r
                0x000000000000714a       0x42 c:/mounriver/mounriver_studio/toolchain/risc-v embedded gcc/bin/../lib/gcc/riscv-none-embed/8.2.0/../../../../riscv-none-embed/lib/rv32imacxw/ilp32\libg_nano.a(lib_a-nano-vfprintf.o)
                0x000000000000714a                __sfputs_r
 .text._vfprintf_r
                0x000000000000718c      0x28a c:/mounriver/mounriver_studio/toolchain/risc-v embedded gcc/bin/../lib/gcc/riscv-none-embed/8.2.0/../../../../riscv-none-embed/lib/rv32imacxw/ilp32\libg_nano.a(lib_a-nano-vfprintf.o)
                0x000000000000718c                _vfprintf_r
                0x000000000000718c                _vfiprintf_r
 .text._printf_common
                0x0000000000007416      0x10c c:/mounriver/mounriver_studio/toolchain/risc-v embedded gcc/bin/../lib/gcc/riscv-none-embed/8.2.0/../../../../riscv-none-embed/lib/rv32imacxw/ilp32\libg_nano.a(lib_a-nano-vfprintf_i.o)
                0x0000000000007416                _printf_common
 .text._printf_i
                0x0000000000007522      0x2a2 c:/mounriver/mounriver_studio/toolchain/risc-v embedded gcc/bin/../lib/gcc/riscv-none-embed/8.2.0/../../../../riscv-none-embed/lib/rv32imacxw/ilp32\libg_nano.a(lib_a-nano-vfprintf_i.o)
                0x0000000000007522                _printf_i
 .text._putc_r  0x00000000000077c4       0x84 c:/mounriver/mounriver_studio/toolchain/risc-v embedded gcc/bin/../lib/gcc/riscv-none-embed/8.2.0/../../../../riscv-none-embed/lib/rv32imacxw/ilp32\libg_nano.a(lib_a-putc.o)
                0x00000000000077c4                _putc_r
 .text._sbrk_r  0x0000000000007848       0x2a c:/mounriver/mounriver_studio/toolchain/risc-v embedded gcc/bin/../lib/gcc/riscv-none-embed/8.2.0/../../../../riscv-none-embed/lib/rv32imacxw/ilp32\libg_nano.a(lib_a-sbrkr.o)
                0x0000000000007848                _sbrk_r
 .text.nanf     0x0000000000007872        0xc c:/mounriver/mounriver_studio/toolchain/risc-v embedded gcc/bin/../lib/gcc/riscv-none-embed/8.2.0/../../../../riscv-none-embed/lib/rv32imacxw/ilp32\libg_nano.a(lib_a-sf_nan.o)
                0x0000000000007872                nanf
 .text.__sread  0x000000000000787e       0x2c c:/mounriver/mounriver_studio/toolchain/risc-v embedded gcc/bin/../lib/gcc/riscv-none-embed/8.2.0/../../../../riscv-none-embed/lib/rv32imacxw/ilp32\libg_nano.a(lib_a-stdio.o)
                0x000000000000787e                __sread
 .text.__swrite
                0x00000000000078aa       0x48 c:/mounriver/mounriver_studio/toolchain/risc-v embedded gcc/bin/../lib/gcc/riscv-none-embed/8.2.0/../../../../riscv-none-embed/lib/rv32imacxw/ilp32\libg_nano.a(lib_a-stdio.o)
                0x00000000000078aa                __swrite
 .text.__sseek  0x00000000000078f2       0x30 c:/mounriver/mounriver_studio/toolchain/risc-v embedded gcc/bin/../lib/gcc/riscv-none-embed/8.2.0/../../../../riscv-none-embed/lib/rv32imacxw/ilp32\libg_nano.a(lib_a-stdio.o)
                0x00000000000078f2                __sseek
 .text.__sclose
                0x0000000000007922        0x6 c:/mounriver/mounriver_studio/toolchain/risc-v embedded gcc/bin/../lib/gcc/riscv-none-embed/8.2.0/../../../../riscv-none-embed/lib/rv32imacxw/ilp32\libg_nano.a(lib_a-stdio.o)
                0x0000000000007922                __sclose
 .text.strlen   0x0000000000007928       0x12 c:/mounriver/mounriver_studio/toolchain/risc-v embedded gcc/bin/../lib/gcc/riscv-none-embed/8.2.0/../../../../riscv-none-embed/lib/rv32imacxw/ilp32\libg_nano.a(lib_a-strlen.o)
                0x0000000000007928                strlen
 .text.strncmp  0x000000000000793a       0x28 c:/mounriver/mounriver_studio/toolchain/risc-v embedded gcc/bin/../lib/gcc/riscv-none-embed/8.2.0/../../../../riscv-none-embed/lib/rv32imacxw/ilp32\libg_nano.a(lib_a-strncmp.o)
                0x000000000000793a                strncmp
 .text.__ascii_wctomb
                0x0000000000007962       0x1e c:/mounriver/mounriver_studio/toolchain/risc-v embedded gcc/bin/../lib/gcc/riscv-none-embed/8.2.0/../../../../riscv-none-embed/lib/rv32imacxw/ilp32\libg_nano.a(lib_a-wctomb_r.o)
                0x0000000000007962                __ascii_wctomb
 .text._write_r
                0x0000000000007980       0x2e c:/mounriver/mounriver_studio/toolchain/risc-v embedded gcc/bin/../lib/gcc/riscv-none-embed/8.2.0/../../../../riscv-none-embed/lib/rv32imacxw/ilp32\libg_nano.a(lib_a-writer.o)
                0x0000000000007980                _write_r
 .text._close_r
                0x00000000000079ae       0x2a c:/mounriver/mounriver_studio/toolchain/risc-v embedded gcc/bin/../lib/gcc/riscv-none-embed/8.2.0/../../../../riscv-none-embed/lib/rv32imacxw/ilp32\libg_nano.a(lib_a-closer.o)
                0x00000000000079ae                _close_r
 .text._fstat_r
                0x00000000000079d8       0x2c c:/mounriver/mounriver_studio/toolchain/risc-v embedded gcc/bin/../lib/gcc/riscv-none-embed/8.2.0/../../../../riscv-none-embed/lib/rv32imacxw/ilp32\libg_nano.a(lib_a-fstatr.o)
                0x00000000000079d8                _fstat_r
 .text._isatty_r
                0x0000000000007a04       0x2a c:/mounriver/mounriver_studio/toolchain/risc-v embedded gcc/bin/../lib/gcc/riscv-none-embed/8.2.0/../../../../riscv-none-embed/lib/rv32imacxw/ilp32\libg_nano.a(lib_a-isattyr.o)
                0x0000000000007a04                _isatty_r
 .text._lseek_r
                0x0000000000007a2e       0x2e c:/mounriver/mounriver_studio/toolchain/risc-v embedded gcc/bin/../lib/gcc/riscv-none-embed/8.2.0/../../../../riscv-none-embed/lib/rv32imacxw/ilp32\libg_nano.a(lib_a-lseekr.o)
                0x0000000000007a2e                _lseek_r
 .text.malloc   0x0000000000007a5c        0xc c:/mounriver/mounriver_studio/toolchain/risc-v embedded gcc/bin/../lib/gcc/riscv-none-embed/8.2.0/../../../../riscv-none-embed/lib/rv32imacxw/ilp32\libg_nano.a(lib_a-malloc.o)
                0x0000000000007a5c                malloc
 .text.memchr   0x0000000000007a68       0x18 c:/mounriver/mounriver_studio/toolchain/risc-v embedded gcc/bin/../lib/gcc/riscv-none-embed/8.2.0/../../../../riscv-none-embed/lib/rv32imacxw/ilp32\libg_nano.a(lib_a-memchr.o)
                0x0000000000007a68                memchr
 .text.memmove  0x0000000000007a80       0x46 c:/mounriver/mounriver_studio/toolchain/risc-v embedded gcc/bin/../lib/gcc/riscv-none-embed/8.2.0/../../../../riscv-none-embed/lib/rv32imacxw/ilp32\libg_nano.a(lib_a-memmove.o)
                0x0000000000007a80                memmove
 .text.__malloc_lock
                0x0000000000007ac6        0x2 c:/mounriver/mounriver_studio/toolchain/risc-v embedded gcc/bin/../lib/gcc/riscv-none-embed/8.2.0/../../../../riscv-none-embed/lib/rv32imacxw/ilp32\libg_nano.a(lib_a-mlock.o)
                0x0000000000007ac6                __malloc_lock
 .text.__malloc_unlock
                0x0000000000007ac8        0x2 c:/mounriver/mounriver_studio/toolchain/risc-v embedded gcc/bin/../lib/gcc/riscv-none-embed/8.2.0/../../../../riscv-none-embed/lib/rv32imacxw/ilp32\libg_nano.a(lib_a-mlock.o)
                0x0000000000007ac8                __malloc_unlock
 .text._realloc_r
                0x0000000000007aca       0x58 c:/mounriver/mounriver_studio/toolchain/risc-v embedded gcc/bin/../lib/gcc/riscv-none-embed/8.2.0/../../../../riscv-none-embed/lib/rv32imacxw/ilp32\libg_nano.a(lib_a-nano-reallocr.o)
                0x0000000000007aca                _realloc_r
 .text._read_r  0x0000000000007b22       0x2e c:/mounriver/mounriver_studio/toolchain/risc-v embedded gcc/bin/../lib/gcc/riscv-none-embed/8.2.0/../../../../riscv-none-embed/lib/rv32imacxw/ilp32\libg_nano.a(lib_a-readr.o)
                0x0000000000007b22                _read_r
 .text._malloc_usable_size_r
                0x0000000000007b50       0x14 c:/mounriver/mounriver_studio/toolchain/risc-v embedded gcc/bin/../lib/gcc/riscv-none-embed/8.2.0/../../../../riscv-none-embed/lib/rv32imacxw/ilp32\libg_nano.a(lib_a-nano-msizer.o)
                0x0000000000007b50                _malloc_usable_size_r
 .text.__adddf3
                0x0000000000007b64      0x730 c:/mounriver/mounriver_studio/toolchain/risc-v embedded gcc/bin/../lib/gcc/riscv-none-embed/8.2.0/rv32imacxw/ilp32\libgcc.a(adddf3.o)
                0x0000000000007b64                __adddf3
 .text.__divdf3
                0x0000000000008294      0x5b4 c:/mounriver/mounriver_studio/toolchain/risc-v embedded gcc/bin/../lib/gcc/riscv-none-embed/8.2.0/rv32imacxw/ilp32\libgcc.a(divdf3.o)
                0x0000000000008294                __divdf3
 .text.__eqdf2  0x0000000000008848       0x6a c:/mounriver/mounriver_studio/toolchain/risc-v embedded gcc/bin/../lib/gcc/riscv-none-embed/8.2.0/rv32imacxw/ilp32\libgcc.a(eqdf2.o)
                0x0000000000008848                __nedf2
                0x0000000000008848                __eqdf2
 .text.__gedf2  0x00000000000088b2       0xae c:/mounriver/mounriver_studio/toolchain/risc-v embedded gcc/bin/../lib/gcc/riscv-none-embed/8.2.0/rv32imacxw/ilp32\libgcc.a(gedf2.o)
                0x00000000000088b2                __gedf2
                0x00000000000088b2                __gtdf2
 .text.__ledf2  0x0000000000008960       0xb6 c:/mounriver/mounriver_studio/toolchain/risc-v embedded gcc/bin/../lib/gcc/riscv-none-embed/8.2.0/rv32imacxw/ilp32\libgcc.a(ledf2.o)
                0x0000000000008960                __ledf2
                0x0000000000008960                __ltdf2
 .text.__muldf3
                0x0000000000008a16      0x4b8 c:/mounriver/mounriver_studio/toolchain/risc-v embedded gcc/bin/../lib/gcc/riscv-none-embed/8.2.0/rv32imacxw/ilp32\libgcc.a(muldf3.o)
                0x0000000000008a16                __muldf3
 .text.__subdf3
                0x0000000000008ece      0x73e c:/mounriver/mounriver_studio/toolchain/risc-v embedded gcc/bin/../lib/gcc/riscv-none-embed/8.2.0/rv32imacxw/ilp32\libgcc.a(subdf3.o)
                0x0000000000008ece                __subdf3
 .text.__unorddf2
                0x000000000000960c       0x3c c:/mounriver/mounriver_studio/toolchain/risc-v embedded gcc/bin/../lib/gcc/riscv-none-embed/8.2.0/rv32imacxw/ilp32\libgcc.a(unorddf2.o)
                0x000000000000960c                __unorddf2
 .text.__fixdfsi
                0x0000000000009648       0x68 c:/mounriver/mounriver_studio/toolchain/risc-v embedded gcc/bin/../lib/gcc/riscv-none-embed/8.2.0/rv32imacxw/ilp32\libgcc.a(fixdfsi.o)
                0x0000000000009648                __fixdfsi
 .text.__fixunsdfsi
                0x00000000000096b0       0x5c c:/mounriver/mounriver_studio/toolchain/risc-v embedded gcc/bin/../lib/gcc/riscv-none-embed/8.2.0/rv32imacxw/ilp32\libgcc.a(fixunsdfsi.o)
                0x00000000000096b0                __fixunsdfsi
 .text.__floatsidf
                0x000000000000970c       0x72 c:/mounriver/mounriver_studio/toolchain/risc-v embedded gcc/bin/../lib/gcc/riscv-none-embed/8.2.0/rv32imacxw/ilp32\libgcc.a(floatsidf.o)
                0x000000000000970c                __floatsidf
 .text.__floatunsidf
                0x000000000000977e       0x68 c:/mounriver/mounriver_studio/toolchain/risc-v embedded gcc/bin/../lib/gcc/riscv-none-embed/8.2.0/rv32imacxw/ilp32\libgcc.a(floatunsidf.o)
                0x000000000000977e                __floatunsidf
 .text.__unordsf2
                0x00000000000097e6       0x3c c:/mounriver/mounriver_studio/toolchain/risc-v embedded gcc/bin/../lib/gcc/riscv-none-embed/8.2.0/rv32imacxw/ilp32\libgcc.a(unordsf2.o)
                0x00000000000097e6                __unordsf2
 .text.__truncdfsf2
                0x0000000000009822      0x16a c:/mounriver/mounriver_studio/toolchain/risc-v embedded gcc/bin/../lib/gcc/riscv-none-embed/8.2.0/rv32imacxw/ilp32\libgcc.a(truncdfsf2.o)
                0x0000000000009822                __truncdfsf2
 .text._close   0x000000000000998c        0xc c:/mounriver/mounriver_studio/toolchain/risc-v embedded gcc/bin/../lib/gcc/riscv-none-embed/8.2.0/../../../../riscv-none-embed/lib/rv32imacxw/ilp32\libnosys.a(close.o)
                0x000000000000998c                _close
 .text._fstat   0x0000000000009998        0xc c:/mounriver/mounriver_studio/toolchain/risc-v embedded gcc/bin/../lib/gcc/riscv-none-embed/8.2.0/../../../../riscv-none-embed/lib/rv32imacxw/ilp32\libnosys.a(fstat.o)
                0x0000000000009998                _fstat
 .text._isatty  0x00000000000099a4        0xc c:/mounriver/mounriver_studio/toolchain/risc-v embedded gcc/bin/../lib/gcc/riscv-none-embed/8.2.0/../../../../riscv-none-embed/lib/rv32imacxw/ilp32\libnosys.a(isatty.o)
                0x00000000000099a4                _isatty
 .text._lseek   0x00000000000099b0        0xc c:/mounriver/mounriver_studio/toolchain/risc-v embedded gcc/bin/../lib/gcc/riscv-none-embed/8.2.0/../../../../riscv-none-embed/lib/rv32imacxw/ilp32\libnosys.a(lseek.o)
                0x00000000000099b0                _lseek
 .text._read    0x00000000000099bc        0xc c:/mounriver/mounriver_studio/toolchain/risc-v embedded gcc/bin/../lib/gcc/riscv-none-embed/8.2.0/../../../../riscv-none-embed/lib/rv32imacxw/ilp32\libnosys.a(read.o)
                0x00000000000099bc                _read
 *(.rodata)
 .rodata        0x00000000000099c8       0x10 ./User/main.o
 *(.rodata*)
 .rodata.ADS1234_AutoZero.str1.4
                0x00000000000099d8      0x2a1 ./User/ADS1234.o
                                        0x2a5 (size before relaxing)
 *fill*         0x0000000000009c79        0x3 
 .rodata.ADS1234_GPIO_Config.str1.4
                0x0000000000009c7c       0x43 ./User/ADS1234.o
 *fill*         0x0000000000009cbf        0x1 
 .rodata.ADS1234_Init.str1.4
                0x0000000000009cc0       0x2a ./User/ADS1234.o
 *fill*         0x0000000000009cea        0x2 
 .rodata.ADS1234_ReadData.str1.4
                0x0000000000009cec      0x108 ./User/ADS1234.o
 .rodata.ADS1234_SetChannel.str1.4
                0x0000000000009df4       0x80 ./User/ADS1234.o
 .rodata.ADS1234_ToWeight.cst4
                0x0000000000009e74       0x14 ./User/ADS1234.o
 .rodata.ADS1234_ToWeight.str1.4
                0x0000000000009e88       0xb4 ./User/ADS1234.o
 .rodata.PcdAnticoll.str1.4
                0x0000000000009f3c       0x22 ./User/Card.o
 *fill*         0x0000000000009f5e        0x2 
 .rodata.PcdComMF522.str1.4
                0x0000000000009f60       0x20 ./User/Card.o
 .rodata.PcdRequest.str1.4
                0x0000000000009f80       0x2f ./User/Card.o
 *fill*         0x0000000000009faf        0x1 
 .rodata.PcdSelect.str1.4
                0x0000000000009fb0       0x83 ./User/Card.o
                                         0x87 (size before relaxing)
 *fill*         0x000000000000a033        0x1 
 .rodata.CSWTCH.63
                0x000000000000a034       0x10 ./User/main.o
 .rodata.CompensateCrosstalkSimple.cst4
                0x000000000000a044        0x8 ./User/main.o
 .rodata.DisplayUserInfo.str1.4
                0x000000000000a04c       0x8e ./User/main.o
                                         0xb5 (size before relaxing)
 *fill*         0x000000000000a0da        0x2 
 .rodata.InitNewCard.str1.4
                0x000000000000a0dc      0x10c ./User/main.o
 .rodata.Initialize_Data_Structures.str1.4
                0x000000000000a1e8      0x10c ./User/main.o
                                          0x1 (size before relaxing)
 .rodata.Merge_Data.cst4
                0x000000000000a1e8        0x4 ./User/main.o
 .rodata.Merge_Data.str1.4
                0x000000000000a1ec       0x90 ./User/main.o
 .rodata.Parse_K230_JSON.cst4
                0x000000000000a27c        0x4 ./User/main.o
 .rodata.Parse_K230_JSON.str1.4
                0x000000000000a27c       0xd2 ./User/main.o
 *fill*         0x000000000000a34e        0x2 
 .rodata.Print_Main_Header.str1.4
                0x000000000000a350      0x1c3 ./User/main.o
                                        0x207 (size before relaxing)
 *fill*         0x000000000000a513        0x1 
 .rodata.Print_Merged_Data.str1.4
                0x000000000000a514      0x219 ./User/main.o
                                        0x21d (size before relaxing)
 *fill*         0x000000000000a72d        0x3 
 .rodata.Process_K230_Data.str1.4
                0x000000000000a730       0xf0 ./User/main.o
 .rodata.RFID_Payment_Process.str1.4
                0x000000000000a820      0x4ae ./User/main.o
 *fill*         0x000000000000acce        0x2 
 .rodata.ReadBalance.str1.4
                0x000000000000acd0       0x35 ./User/main.o
 *fill*         0x000000000000ad05        0x3 
 .rodata.ReadUserInfoFromCard.str1.4
                0x000000000000ad08       0x80 ./User/main.o
 .rodata.Send_Merged_Data_To_PC.cst4
                0x000000000000ad88        0x4 ./User/main.o
                                          0x8 (size before relaxing)
 .rodata.Send_Merged_Data_To_PC.str1.4
                0x000000000000ad8c       0xf4 ./User/main.o
                                         0xf8 (size before relaxing)
 .rodata.Send_Merged_Data_To_Screen.str1.4
                0x000000000000ae80       0x7d ./User/main.o
 *fill*         0x000000000000aefd        0x3 
 .rodata.UART3_Init_For_K230.str1.4
                0x000000000000af00       0x49 ./User/main.o
 *fill*         0x000000000000af49        0x3 
 .rodata.UART4_Init.str1.4
                0x000000000000af4c       0x38 ./User/main.o
 .rodata.WriteBalance.str1.4
                0x000000000000af84       0x3e ./User/main.o
 *fill*         0x000000000000afc2        0x2 
 .rodata.find_json_value.str1.4
                0x000000000000afc4        0x5 ./User/main.o
 *fill*         0x000000000000afc9        0x3 
 .rodata.is_unit_priced_item.str1.4
                0x000000000000afcc       0x24 ./User/main.o
 .rodata.main.cst4
                0x000000000000aff0       0x10 ./User/main.o
 .rodata.main.str1.4
                0x000000000000b000      0x53f ./User/main.o
 *fill*         0x000000000000b53f        0x1 
 .rodata.str1.4
                0x000000000000b540       0x31 ./User/main.o
 *fill*         0x000000000000b571        0x3 
 .rodata.__mulsf3
                0x000000000000b574       0x40 c:/mounriver/mounriver_studio/toolchain/risc-v embedded gcc/bin/../lib/gcc/riscv-none-embed/8.2.0/rv32imacxw/ilp32\libgcc.a(mulsf3.o)
 .rodata.__clz_tab
                0x000000000000b5b4      0x100 c:/mounriver/mounriver_studio/toolchain/risc-v embedded gcc/bin/../lib/gcc/riscv-none-embed/8.2.0/rv32imacxw/ilp32\libgcc.a(_clz.o)
                0x000000000000b5b4                __clz_tab
 .rodata._strtod_l
                0x000000000000b6b4       0x14 c:/mounriver/mounriver_studio/toolchain/risc-v embedded gcc/bin/../lib/gcc/riscv-none-embed/8.2.0/../../../../riscv-none-embed/lib/rv32imacxw/ilp32\libg_nano.a(lib_a-strtod.o)
 *fill*         0x000000000000b6c8        0x0 
 .rodata._strtod_l.cst8
                0x000000000000b6c8       0x38 c:/mounriver/mounriver_studio/toolchain/risc-v embedded gcc/bin/../lib/gcc/riscv-none-embed/8.2.0/../../../../riscv-none-embed/lib/rv32imacxw/ilp32\libg_nano.a(lib_a-strtod.o)
 .rodata._strtod_l.str1.4
                0x000000000000b700        0xf c:/mounriver/mounriver_studio/toolchain/risc-v embedded gcc/bin/../lib/gcc/riscv-none-embed/8.2.0/../../../../riscv-none-embed/lib/rv32imacxw/ilp32\libg_nano.a(lib_a-strtod.o)
 *fill*         0x000000000000b70f        0x1 
 .rodata.fpi.3395
                0x000000000000b710       0x14 c:/mounriver/mounriver_studio/toolchain/risc-v embedded gcc/bin/../lib/gcc/riscv-none-embed/8.2.0/../../../../riscv-none-embed/lib/rv32imacxw/ilp32\libg_nano.a(lib_a-strtod.o)
 .rodata.fpinan.3431
                0x000000000000b724       0x14 c:/mounriver/mounriver_studio/toolchain/risc-v embedded gcc/bin/../lib/gcc/riscv-none-embed/8.2.0/../../../../riscv-none-embed/lib/rv32imacxw/ilp32\libg_nano.a(lib_a-strtod.o)
 .rodata.strtof_l.cst4
                0x000000000000b738        0x4 c:/mounriver/mounriver_studio/toolchain/risc-v embedded gcc/bin/../lib/gcc/riscv-none-embed/8.2.0/../../../../riscv-none-embed/lib/rv32imacxw/ilp32\libg_nano.a(lib_a-strtod.o)
 *fill*         0x000000000000b73c        0x4 
 .rodata.strtof_l.cst8
                0x000000000000b740        0x8 c:/mounriver/mounriver_studio/toolchain/risc-v embedded gcc/bin/../lib/gcc/riscv-none-embed/8.2.0/../../../../riscv-none-embed/lib/rv32imacxw/ilp32\libg_nano.a(lib_a-strtod.o)
 .rodata.tinytens
                0x000000000000b748       0x28 c:/mounriver/mounriver_studio/toolchain/risc-v embedded gcc/bin/../lib/gcc/riscv-none-embed/8.2.0/../../../../riscv-none-embed/lib/rv32imacxw/ilp32\libg_nano.a(lib_a-strtod.o)
 .rodata.__sf_fake_stderr
                0x000000000000b770       0x20 c:/mounriver/mounriver_studio/toolchain/risc-v embedded gcc/bin/../lib/gcc/riscv-none-embed/8.2.0/../../../../riscv-none-embed/lib/rv32imacxw/ilp32\libg_nano.a(lib_a-findfp.o)
                0x000000000000b770                __sf_fake_stderr
 .rodata.__sf_fake_stdin
                0x000000000000b790       0x20 c:/mounriver/mounriver_studio/toolchain/risc-v embedded gcc/bin/../lib/gcc/riscv-none-embed/8.2.0/../../../../riscv-none-embed/lib/rv32imacxw/ilp32\libg_nano.a(lib_a-findfp.o)
                0x000000000000b790                __sf_fake_stdin
 .rodata.__sf_fake_stdout
                0x000000000000b7b0       0x20 c:/mounriver/mounriver_studio/toolchain/risc-v embedded gcc/bin/../lib/gcc/riscv-none-embed/8.2.0/../../../../riscv-none-embed/lib/rv32imacxw/ilp32\libg_nano.a(lib_a-findfp.o)
                0x000000000000b7b0                __sf_fake_stdout
 .rodata._setlocale_r.str1.4
                0x000000000000b7d0        0xa c:/mounriver/mounriver_studio/toolchain/risc-v embedded gcc/bin/../lib/gcc/riscv-none-embed/8.2.0/../../../../riscv-none-embed/lib/rv32imacxw/ilp32\libg_nano.a(lib_a-locale.o)
                                          0xd (size before relaxing)
 *fill*         0x000000000000b7da        0x2 
 .rodata.str1.4
                0x000000000000b7dc        0x2 c:/mounriver/mounriver_studio/toolchain/risc-v embedded gcc/bin/../lib/gcc/riscv-none-embed/8.2.0/../../../../riscv-none-embed/lib/rv32imacxw/ilp32\libg_nano.a(lib_a-locale.o)
 *fill*         0x000000000000b7de        0x2 
 .rodata.__mprec_bigtens
                0x000000000000b7e0       0x28 c:/mounriver/mounriver_studio/toolchain/risc-v embedded gcc/bin/../lib/gcc/riscv-none-embed/8.2.0/../../../../riscv-none-embed/lib/rv32imacxw/ilp32\libg_nano.a(lib_a-mprec.o)
                0x000000000000b7e0                __mprec_bigtens
 .rodata.__mprec_tens
                0x000000000000b808       0xc8 c:/mounriver/mounriver_studio/toolchain/risc-v embedded gcc/bin/../lib/gcc/riscv-none-embed/8.2.0/../../../../riscv-none-embed/lib/rv32imacxw/ilp32\libg_nano.a(lib_a-mprec.o)
                0x000000000000b808                __mprec_tens
 .rodata.p05.3319
                0x000000000000b8d0        0xc c:/mounriver/mounriver_studio/toolchain/risc-v embedded gcc/bin/../lib/gcc/riscv-none-embed/8.2.0/../../../../riscv-none-embed/lib/rv32imacxw/ilp32\libg_nano.a(lib_a-mprec.o)
 .rodata._svfprintf_r.str1.4
                0x000000000000b8dc       0x13 c:/mounriver/mounriver_studio/toolchain/risc-v embedded gcc/bin/../lib/gcc/riscv-none-embed/8.2.0/../../../../riscv-none-embed/lib/rv32imacxw/ilp32\libg_nano.a(lib_a-nano-svfprintf.o)
 .rodata._vfprintf_r.str1.4
                0x000000000000b8ef       0x13 c:/mounriver/mounriver_studio/toolchain/risc-v embedded gcc/bin/../lib/gcc/riscv-none-embed/8.2.0/../../../../riscv-none-embed/lib/rv32imacxw/ilp32\libg_nano.a(lib_a-nano-vfprintf.o)
 *fill*         0x000000000000b8ef        0x1 
 .rodata._printf_i.str1.4
                0x000000000000b8f0       0x28 c:/mounriver/mounriver_studio/toolchain/risc-v embedded gcc/bin/../lib/gcc/riscv-none-embed/8.2.0/../../../../riscv-none-embed/lib/rv32imacxw/ilp32\libg_nano.a(lib_a-nano-vfprintf_i.o)
                                         0x25 (size before relaxing)
 .rodata.nanf.cst4
                0x000000000000b918        0x4 c:/mounriver/mounriver_studio/toolchain/risc-v embedded gcc/bin/../lib/gcc/riscv-none-embed/8.2.0/../../../../riscv-none-embed/lib/rv32imacxw/ilp32\libg_nano.a(lib_a-sf_nan.o)
 .rodata._ctype_
                0x000000000000b91c      0x101 c:/mounriver/mounriver_studio/toolchain/risc-v embedded gcc/bin/../lib/gcc/riscv-none-embed/8.2.0/../../../../riscv-none-embed/lib/rv32imacxw/ilp32\libg_nano.a(lib_a-ctype_.o)
                0x000000000000b91c                _ctype_
 *fill*         0x000000000000ba1d        0x3 
 .rodata.__divdf3
                0x000000000000ba20       0x40 c:/mounriver/mounriver_studio/toolchain/risc-v embedded gcc/bin/../lib/gcc/riscv-none-embed/8.2.0/rv32imacxw/ilp32\libgcc.a(divdf3.o)
 .rodata.__muldf3
                0x000000000000ba60       0x40 c:/mounriver/mounriver_studio/toolchain/risc-v embedded gcc/bin/../lib/gcc/riscv-none-embed/8.2.0/rv32imacxw/ilp32\libgcc.a(muldf3.o)
 *(.gnu.linkonce.t.*)
                0x000000000000baa0                . = ALIGN (0x4)

.rela.dyn       0x000000000000baa0        0x0
 .rela.init     0x000000000000baa0        0x0 ./User/ADS1234.o
 .rela.vector   0x000000000000baa0        0x0 ./User/ADS1234.o
 .rela.text.handle_reset
                0x000000000000baa0        0x0 ./User/ADS1234.o
 .rela.text._sbrk
                0x000000000000baa0        0x0 ./User/ADS1234.o
 .rela.sdata.curbrk.5273
                0x000000000000baa0        0x0 ./User/ADS1234.o
 .rela.text._svfprintf_r
                0x000000000000baa0        0x0 ./User/ADS1234.o
 .rela.text._vfprintf_r
                0x000000000000baa0        0x0 ./User/ADS1234.o
 .rela.text._sbrk_r
                0x000000000000baa0        0x0 ./User/ADS1234.o
 .rela.text._write_r
                0x000000000000baa0        0x0 ./User/ADS1234.o
 .rela.text._close_r
                0x000000000000baa0        0x0 ./User/ADS1234.o
 .rela.text._fstat_r
                0x000000000000baa0        0x0 ./User/ADS1234.o
 .rela.text._isatty_r
                0x000000000000baa0        0x0 ./User/ADS1234.o
 .rela.text._lseek_r
                0x000000000000baa0        0x0 ./User/ADS1234.o
 .rela.text._read_r
                0x000000000000baa0        0x0 ./User/ADS1234.o
 .rela.text._close
                0x000000000000baa0        0x0 ./User/ADS1234.o
 .rela.text._fstat
                0x000000000000baa0        0x0 ./User/ADS1234.o
 .rela.text._isatty
                0x000000000000baa0        0x0 ./User/ADS1234.o
 .rela.text._lseek
                0x000000000000baa0        0x0 ./User/ADS1234.o
 .rela.text._read
                0x000000000000baa0        0x0 ./User/ADS1234.o

.fini           0x000000000000baa0        0x0
 *(SORT_NONE(.fini))
                0x000000000000baa0                . = ALIGN (0x4)
                [!provide]                        PROVIDE (_etext = .)
                [!provide]                        PROVIDE (_eitcm = .)

.preinit_array  0x000000000000baa0        0x0
                [!provide]                        PROVIDE (__preinit_array_start = .)
 *(.preinit_array)
                [!provide]                        PROVIDE (__preinit_array_end = .)

.init_array     0x000000000000baa0        0x0
                [!provide]                        PROVIDE (__init_array_start = .)
 *(SORT_BY_INIT_PRIORITY(.init_array.*) SORT_BY_INIT_PRIORITY(.ctors.*))
 *(.init_array EXCLUDE_FILE(*crtend?.o *crtend.o *crtbegin?.o *crtbegin.o) .ctors)
                [!provide]                        PROVIDE (__init_array_end = .)

.fini_array     0x000000000000baa0        0x0
                [!provide]                        PROVIDE (__fini_array_start = .)
 *(SORT_BY_INIT_PRIORITY(.fini_array.*) SORT_BY_INIT_PRIORITY(.dtors.*))
 *(.fini_array EXCLUDE_FILE(*crtend?.o *crtend.o *crtbegin?.o *crtbegin.o) .dtors)
                [!provide]                        PROVIDE (__fini_array_end = .)

.ctors
 *crtbegin.o(.ctors)
 *crtbegin?.o(.ctors)
 *(EXCLUDE_FILE(*crtend?.o *crtend.o) .ctors)
 *(SORT_BY_NAME(.ctors.*))
 *(.ctors)

.dtors
 *crtbegin.o(.dtors)
 *crtbegin?.o(.dtors)
 *(EXCLUDE_FILE(*crtend?.o *crtend.o) .dtors)
 *(SORT_BY_NAME(.dtors.*))
 *(.dtors)

.dalign         0x0000000020000000        0x0 load address 0x000000000000baa0
                0x0000000020000000                . = ALIGN (0x4)
                0x0000000020000000                PROVIDE (_data_vma = .)

.dlalign        0x000000000000baa0        0x0
                0x000000000000baa0                . = ALIGN (0x4)
                0x000000000000baa0                PROVIDE (_data_lma = .)

.data           0x0000000020000000      0x218 load address 0x000000000000baa0
 *(.gnu.linkonce.r.*)
 *(.data .data.*)
 .data.AHBPrescTable
                0x0000000020000000       0x10 ./User/system_ch32v30x.o
                0x0000000020000000                AHBPrescTable
 .data.APBAHBPrescTable
                0x0000000020000010       0x10 ./Peripheral/src/ch32v30x_rcc.o
 .data.impure_data
                0x0000000020000020       0x60 c:/mounriver/mounriver_studio/toolchain/risc-v embedded gcc/bin/../lib/gcc/riscv-none-embed/8.2.0/../../../../riscv-none-embed/lib/rv32imacxw/ilp32\libg_nano.a(lib_a-impure.o)
 .data.__global_locale
                0x0000000020000080      0x16c c:/mounriver/mounriver_studio/toolchain/risc-v embedded gcc/bin/../lib/gcc/riscv-none-embed/8.2.0/../../../../riscv-none-embed/lib/rv32imacxw/ilp32\libg_nano.a(lib_a-locale.o)
                0x0000000020000080                __global_locale
 *(.gnu.linkonce.d.*)
                0x00000000200001f0                . = ALIGN (0x8)
 *fill*         0x00000000200001ec        0x4 
                0x00000000200009f0                PROVIDE (__global_pointer$ = (. + 0x800))
 *(.sdata .sdata.*)
 .sdata.Default_Key
                0x00000000200001f0        0x6 ./User/main.o
                0x00000000200001f0                Default_Key
 .sdata.Uart_Flag
                0x00000000200001f6        0x1 ./User/main.o
                0x00000000200001f6                Uart_Flag
 *fill*         0x00000000200001f7        0x1 
 .sdata.price   0x00000000200001f8        0x4 ./User/main.o
                0x00000000200001f8                price
 .sdata.recharge_amount
                0x00000000200001fc        0x4 ./User/main.o
                0x00000000200001fc                recharge_amount
 .sdata.SystemCoreClock
                0x0000000020000200        0x4 ./User/system_ch32v30x.o
                0x0000000020000200                SystemCoreClock
 .sdata.ADCPrescTable
                0x0000000020000204        0x4 ./Peripheral/src/ch32v30x_rcc.o
 .sdata.curbrk.5273
                0x0000000020000208        0x4 ./Debug/debug.o
 .sdata._impure_ptr
                0x000000002000020c        0x4 c:/mounriver/mounriver_studio/toolchain/risc-v embedded gcc/bin/../lib/gcc/riscv-none-embed/8.2.0/../../../../riscv-none-embed/lib/rv32imacxw/ilp32\libg_nano.a(lib_a-impure.o)
                0x000000002000020c                _impure_ptr
 *(.sdata2.*)
 .sdata2._global_impure_ptr
                0x0000000020000210        0x4 c:/mounriver/mounriver_studio/toolchain/risc-v embedded gcc/bin/../lib/gcc/riscv-none-embed/8.2.0/../../../../riscv-none-embed/lib/rv32imacxw/ilp32\libg_nano.a(lib_a-impure.o)
                0x0000000020000210                _global_impure_ptr
 *(.gnu.linkonce.s.*)
                0x0000000020000218                . = ALIGN (0x8)
 *fill*         0x0000000020000214        0x4 
 *(.srodata.cst16)
 *(.srodata.cst8)
 *(.srodata.cst4)
 *(.srodata.cst2)
 *(.srodata .srodata.*)
                0x0000000020000218                . = ALIGN (0x4)
                0x0000000020000218                PROVIDE (_edata = .)

.bss            0x0000000020000218      0xb7c load address 0x000000000000bcb8
                0x0000000020000218                . = ALIGN (0x4)
                0x0000000020000218                PROVIDE (_sbss = .)
 *(.sbss*)
 .sbss.channel_received.5353
                0x0000000020000218        0x4 ./User/ADS1234.o
 .sbss.g_is_calibrated
                0x000000002000021c        0x4 ./User/ADS1234.o
 .sbss.g_sys_tick
                0x0000000020000220        0x4 ./User/System.o
                0x0000000020000220                g_sys_tick
 .sbss.Timer_2s
                0x0000000020000224        0x4 ./User/main.o
                0x0000000020000224                Timer_2s
 .sbss.admin_processing.6323
                0x0000000020000228        0x4 ./User/main.o
 .sbss.admin_uid
                0x000000002000022c        0x4 ./User/main.o
                0x000000002000022c                admin_uid
 .sbss.g_items_updated
                0x0000000020000230        0x1 ./User/main.o
                0x0000000020000230                g_items_updated
 .sbss.g_weights_updated
                0x0000000020000231        0x1 ./User/main.o
                0x0000000020000231                g_weights_updated
 .sbss.in_json_frame
                0x0000000020000232        0x1 ./User/main.o
                0x0000000020000232                in_json_frame
 *fill*         0x0000000020000233        0x1 
 .sbss.init_attempt.6321
                0x0000000020000234        0x4 ./User/main.o
 .sbss.last_rfid_check.6309
                0x0000000020000238        0x4 ./User/main.o
 .sbss.last_uart4_test.6310
                0x000000002000023c        0x4 ./User/main.o
 .sbss.last_uid.6322
                0x0000000020000240        0x4 ./User/main.o
 .sbss.system_mode
                0x0000000020000244        0x4 ./User/main.o
                0x0000000020000244                system_mode
 .sbss.timeout_cnt.6325
                0x0000000020000248        0x4 ./User/main.o
 .sbss.uart3_rx_complete
                0x000000002000024c        0x1 ./User/main.o
                0x000000002000024c                uart3_rx_complete
 *fill*         0x000000002000024d        0x1 
 .sbss.uart3_rx_index
                0x000000002000024e        0x2 ./User/main.o
                0x000000002000024e                uart3_rx_index
 .sbss.NVIC_Priority_Group
                0x0000000020000250        0x4 ./Peripheral/src/ch32v30x_misc.o
                0x0000000020000250                NVIC_Priority_Group
 .sbss.p_ms     0x0000000020000254        0x2 ./Debug/debug.o
 *fill*         0x0000000020000256        0x2 
 .sbss.__malloc_free_list
                0x0000000020000258        0x4 c:/mounriver/mounriver_studio/toolchain/risc-v embedded gcc/bin/../lib/gcc/riscv-none-embed/8.2.0/../../../../riscv-none-embed/lib/rv32imacxw/ilp32\libg_nano.a(lib_a-nano-mallocr.o)
                0x0000000020000258                __malloc_free_list
 .sbss.__malloc_sbrk_start
                0x000000002000025c        0x4 c:/mounriver/mounriver_studio/toolchain/risc-v embedded gcc/bin/../lib/gcc/riscv-none-embed/8.2.0/../../../../riscv-none-embed/lib/rv32imacxw/ilp32\libg_nano.a(lib_a-nano-mallocr.o)
                0x000000002000025c                __malloc_sbrk_start
 *(.gnu.linkonce.sb.*)
 *(.bss*)
 .bss.adc_data.5350
                0x0000000020000260       0x10 ./User/ADS1234.o
 .bss.diff_data.5352
                0x0000000020000270       0x10 ./User/ADS1234.o
 .bss.g_scale_factor
                0x0000000020000280       0x10 ./User/ADS1234.o
                0x0000000020000280                g_scale_factor
 .bss.g_zero_adc
                0x0000000020000290       0x10 ./User/ADS1234.o
 .bss.prev_weight.5354
                0x00000000200002a0       0x10 ./User/ADS1234.o
 .bss.weight_data.5349
                0x00000000200002b0       0x10 ./User/ADS1234.o
 .bss.zero_data.5351
                0x00000000200002c0       0x10 ./User/ADS1234.o
 .bss.g_items   0x00000000200002d0      0x140 ./User/main.o
                0x00000000200002d0                g_items
 .bss.g_merged_data
                0x0000000020000410      0x150 ./User/main.o
                0x0000000020000410                g_merged_data
 .bss.g_weights
                0x0000000020000560       0x30 ./User/main.o
                0x0000000020000560                g_weights
 .bss.uart3_rx_buffer
                0x0000000020000590      0x800 ./User/main.o
                0x0000000020000590                uart3_rx_buffer
 *(.gnu.linkonce.b.*)
 *(COMMON*)
 COMMON         0x0000000020000d90        0x4 c:/mounriver/mounriver_studio/toolchain/risc-v embedded gcc/bin/../lib/gcc/riscv-none-embed/8.2.0/../../../../riscv-none-embed/lib/rv32imacxw/ilp32\libg_nano.a(lib_a-reent.o)
                0x0000000020000d90                errno
                0x0000000020000d94                . = ALIGN (0x4)
                0x0000000020000d94                PROVIDE (_ebss = .)
                0x0000000020000d94                PROVIDE (_end = _ebss)
                [!provide]                        PROVIDE (end = .)

.stack          0x0000000020007800      0x800
                0x0000000020007800                PROVIDE (_heap_end = .)
                0x0000000020007800                . = ALIGN (0x4)
                [!provide]                        PROVIDE (_susrstack = .)
                0x0000000020008000                . = (. + __stack_size)
 *fill*         0x0000000020007800      0x800 
                0x0000000020008000                PROVIDE (_eusrstack = .)
OUTPUT(4.elf elf32-littleriscv)

.debug_info     0x0000000000000000    0x15aeb
 .debug_info    0x0000000000000000     0x1c42 ./User/ADS1234.o
 .debug_info    0x0000000000001c42     0x22e8 ./User/Card.o
 .debug_info    0x0000000000003f2a      0xcc9 ./User/System.o
 .debug_info    0x0000000000004bf3     0x1003 ./User/Timer.o
 .debug_info    0x0000000000005bf6      0xdf1 ./User/Uart.o
 .debug_info    0x00000000000069e7      0xbc0 ./User/ch32v30x_it.o
 .debug_info    0x00000000000075a7     0x41a6 ./User/main.o
 .debug_info    0x000000000000b74d      0xbb5 ./User/system_ch32v30x.o
 .debug_info    0x000000000000c302       0x22 ./Startup/startup_ch32v30x_D8C.o
 .debug_info    0x000000000000c324     0x12aa ./Peripheral/src/ch32v30x_gpio.o
 .debug_info    0x000000000000d5ce      0xf5b ./Peripheral/src/ch32v30x_misc.o
 .debug_info    0x000000000000e529     0x158a ./Peripheral/src/ch32v30x_rcc.o
 .debug_info    0x000000000000fab3     0x12cd ./Peripheral/src/ch32v30x_spi.o
 .debug_info    0x0000000000010d80     0x2a54 ./Peripheral/src/ch32v30x_tim.o
 .debug_info    0x00000000000137d4     0x13cd ./Peripheral/src/ch32v30x_usart.o
 .debug_info    0x0000000000014ba1      0xf4a ./Debug/debug.o

.debug_abbrev   0x0000000000000000     0x303a
 .debug_abbrev  0x0000000000000000      0x3dc ./User/ADS1234.o
 .debug_abbrev  0x00000000000003dc      0x3ed ./User/Card.o
 .debug_abbrev  0x00000000000007c9      0x2f4 ./User/System.o
 .debug_abbrev  0x0000000000000abd      0x295 ./User/Timer.o
 .debug_abbrev  0x0000000000000d52      0x2a9 ./User/Uart.o
 .debug_abbrev  0x0000000000000ffb      0x22c ./User/ch32v30x_it.o
 .debug_abbrev  0x0000000000001227      0x4e4 ./User/main.o
 .debug_abbrev  0x000000000000170b      0x2c0 ./User/system_ch32v30x.o
 .debug_abbrev  0x00000000000019cb       0x12 ./Startup/startup_ch32v30x_D8C.o
 .debug_abbrev  0x00000000000019dd      0x31a ./Peripheral/src/ch32v30x_gpio.o
 .debug_abbrev  0x0000000000001cf7      0x2da ./Peripheral/src/ch32v30x_misc.o
 .debug_abbrev  0x0000000000001fd1      0x351 ./Peripheral/src/ch32v30x_rcc.o
 .debug_abbrev  0x0000000000002322      0x312 ./Peripheral/src/ch32v30x_spi.o
 .debug_abbrev  0x0000000000002634      0x3ff ./Peripheral/src/ch32v30x_tim.o
 .debug_abbrev  0x0000000000002a33      0x312 ./Peripheral/src/ch32v30x_usart.o
 .debug_abbrev  0x0000000000002d45      0x2f5 ./Debug/debug.o

.debug_loc      0x0000000000000000     0x5a29
 .debug_loc     0x0000000000000000      0x679 ./User/ADS1234.o
 .debug_loc     0x0000000000000679      0xac8 ./User/Card.o
 .debug_loc     0x0000000000001141       0x7b ./User/System.o
 .debug_loc     0x00000000000011bc       0x42 ./User/Timer.o
 .debug_loc     0x00000000000011fe       0x77 ./User/Uart.o
 .debug_loc     0x0000000000001275      0xcab ./User/main.o
 .debug_loc     0x0000000000001f20      0x163 ./User/system_ch32v30x.o
 .debug_loc     0x0000000000002083      0x72b ./Peripheral/src/ch32v30x_gpio.o
 .debug_loc     0x00000000000027ae       0x61 ./Peripheral/src/ch32v30x_misc.o
 .debug_loc     0x000000000000280f      0xadb ./Peripheral/src/ch32v30x_rcc.o
 .debug_loc     0x00000000000032ea      0x598 ./Peripheral/src/ch32v30x_spi.o
 .debug_loc     0x0000000000003882     0x18b7 ./Peripheral/src/ch32v30x_tim.o
 .debug_loc     0x0000000000005139      0x779 ./Peripheral/src/ch32v30x_usart.o
 .debug_loc     0x00000000000058b2      0x177 ./Debug/debug.o

.debug_aranges  0x0000000000000000      0xab0
 .debug_aranges
                0x0000000000000000       0x78 ./User/ADS1234.o
 .debug_aranges
                0x0000000000000078       0xd8 ./User/Card.o
 .debug_aranges
                0x0000000000000150       0x40 ./User/System.o
 .debug_aranges
                0x0000000000000190       0x20 ./User/Timer.o
 .debug_aranges
                0x00000000000001b0       0x30 ./User/Uart.o
 .debug_aranges
                0x00000000000001e0       0x28 ./User/ch32v30x_it.o
 .debug_aranges
                0x0000000000000208       0xf0 ./User/main.o
 .debug_aranges
                0x00000000000002f8       0x28 ./User/system_ch32v30x.o
 .debug_aranges
                0x0000000000000320       0x30 ./Startup/startup_ch32v30x_D8C.o
 .debug_aranges
                0x0000000000000350       0xb0 ./Peripheral/src/ch32v30x_gpio.o
 .debug_aranges
                0x0000000000000400       0x28 ./Peripheral/src/ch32v30x_misc.o
 .debug_aranges
                0x0000000000000428      0x1a8 ./Peripheral/src/ch32v30x_rcc.o
 .debug_aranges
                0x00000000000005d0       0xd0 ./Peripheral/src/ch32v30x_spi.o
 .debug_aranges
                0x00000000000006a0      0x2d0 ./Peripheral/src/ch32v30x_tim.o
 .debug_aranges
                0x0000000000000970       0xf0 ./Peripheral/src/ch32v30x_usart.o
 .debug_aranges
                0x0000000000000a60       0x50 ./Debug/debug.o

.debug_ranges   0x0000000000000000      0xe18
 .debug_ranges  0x0000000000000000       0xd0 ./User/ADS1234.o
 .debug_ranges  0x00000000000000d0      0x188 ./User/Card.o
 .debug_ranges  0x0000000000000258       0x30 ./User/System.o
 .debug_ranges  0x0000000000000288       0x10 ./User/Timer.o
 .debug_ranges  0x0000000000000298       0x20 ./User/Uart.o
 .debug_ranges  0x00000000000002b8       0x18 ./User/ch32v30x_it.o
 .debug_ranges  0x00000000000002d0      0x3e0 ./User/main.o
 .debug_ranges  0x00000000000006b0       0x38 ./User/system_ch32v30x.o
 .debug_ranges  0x00000000000006e8       0x28 ./Startup/startup_ch32v30x_D8C.o
 .debug_ranges  0x0000000000000710       0xa0 ./Peripheral/src/ch32v30x_gpio.o
 .debug_ranges  0x00000000000007b0       0x30 ./Peripheral/src/ch32v30x_misc.o
 .debug_ranges  0x00000000000007e0      0x198 ./Peripheral/src/ch32v30x_rcc.o
 .debug_ranges  0x0000000000000978       0xc0 ./Peripheral/src/ch32v30x_spi.o
 .debug_ranges  0x0000000000000a38      0x2c0 ./Peripheral/src/ch32v30x_tim.o
 .debug_ranges  0x0000000000000cf8       0xe0 ./Peripheral/src/ch32v30x_usart.o
 .debug_ranges  0x0000000000000dd8       0x40 ./Debug/debug.o

.debug_line     0x0000000000000000    0x103ea
 .debug_line    0x0000000000000000     0x138e ./User/ADS1234.o
 .debug_line    0x000000000000138e     0x19f5 ./User/Card.o
 .debug_line    0x0000000000002d83      0x515 ./User/System.o
 .debug_line    0x0000000000003298      0x3d5 ./User/Timer.o
 .debug_line    0x000000000000366d      0x53c ./User/Uart.o
 .debug_line    0x0000000000003ba9      0x2be ./User/ch32v30x_it.o
 .debug_line    0x0000000000003e67     0x35aa ./User/main.o
 .debug_line    0x0000000000007411      0x916 ./User/system_ch32v30x.o
 .debug_line    0x0000000000007d27      0x122 ./Startup/startup_ch32v30x_D8C.o
 .debug_line    0x0000000000007e49     0x127f ./Peripheral/src/ch32v30x_gpio.o
 .debug_line    0x00000000000090c8      0x3fd ./Peripheral/src/ch32v30x_misc.o
 .debug_line    0x00000000000094c5     0x19b1 ./Peripheral/src/ch32v30x_rcc.o
 .debug_line    0x000000000000ae76      0xd58 ./Peripheral/src/ch32v30x_spi.o
 .debug_line    0x000000000000bbce     0x3197 ./Peripheral/src/ch32v30x_tim.o
 .debug_line    0x000000000000ed65      0xf1e ./Peripheral/src/ch32v30x_usart.o
 .debug_line    0x000000000000fc83      0x767 ./Debug/debug.o

.debug_str      0x0000000000000000     0x3799
 .debug_str     0x0000000000000000      0x9a2 ./User/ADS1234.o
                                        0xa64 (size before relaxing)
 .debug_str     0x00000000000009a2      0x42b ./User/Card.o
                                        0xbfb (size before relaxing)
 .debug_str     0x0000000000000dcd      0x169 ./User/System.o
                                        0x73c (size before relaxing)
 .debug_str     0x0000000000000f36      0x78e ./User/Timer.o
                                        0xdc4 (size before relaxing)
 .debug_str     0x00000000000016c4      0x118 ./User/Uart.o
                                        0x8b4 (size before relaxing)
 .debug_str     0x00000000000017dc       0x9c ./User/ch32v30x_it.o
                                        0x68f (size before relaxing)
 .debug_str     0x0000000000001878      0x69b ./User/main.o
                                       0x189d (size before relaxing)
 .debug_str     0x0000000000001f13       0xa4 ./User/system_ch32v30x.o
                                        0x6f4 (size before relaxing)
 .debug_str     0x0000000000001fb7       0x2e ./Startup/startup_ch32v30x_D8C.o
                                         0x74 (size before relaxing)
 .debug_str     0x0000000000001fe5      0x245 ./Peripheral/src/ch32v30x_gpio.o
                                        0x9ba (size before relaxing)
 .debug_str     0x000000000000222a       0x9c ./Peripheral/src/ch32v30x_misc.o
                                        0xcc3 (size before relaxing)
 .debug_str     0x00000000000022c6      0x52c ./Peripheral/src/ch32v30x_rcc.o
                                        0xce9 (size before relaxing)
 .debug_str     0x00000000000027f2      0x260 ./Peripheral/src/ch32v30x_spi.o
                                        0xa99 (size before relaxing)
 .debug_str     0x0000000000002a52      0x9e4 ./Peripheral/src/ch32v30x_tim.o
                                       0x1298 (size before relaxing)
 .debug_str     0x0000000000003436      0x2ea ./Peripheral/src/ch32v30x_usart.o
                                        0xb04 (size before relaxing)
 .debug_str     0x0000000000003720       0x79 ./Debug/debug.o
                                        0x92b (size before relaxing)

.comment        0x0000000000000000       0x33
 .comment       0x0000000000000000       0x33 ./User/ADS1234.o
                                         0x34 (size before relaxing)
 .comment       0x0000000000000033       0x34 ./User/Card.o
 .comment       0x0000000000000033       0x34 ./User/System.o
 .comment       0x0000000000000033       0x34 ./User/Timer.o
 .comment       0x0000000000000033       0x34 ./User/Uart.o
 .comment       0x0000000000000033       0x34 ./User/ch32v30x_it.o
 .comment       0x0000000000000033       0x34 ./User/main.o
 .comment       0x0000000000000033       0x34 ./User/system_ch32v30x.o
 .comment       0x0000000000000033       0x34 ./Peripheral/src/ch32v30x_gpio.o